
> @namphuongtechnologi/acs-chat-react@1.0.0 test
> vitest run


 RUN  v1.6.1 /Users/thaoanhhaa1/Documents/IT/NP/WEB/acs-chat/np-acs-library

 ✓ src/__tests__/adapters/acsMappers.test.ts  (19 tests) 3ms
 ✓ src/__tests__/store/messageStore.test.ts  (15 tests) 4ms
 ✓ src/__tests__/store/participantStore.test.ts  (12 tests) 5ms
 ✓ src/__tests__/adapters/acsClientAdapter.test.ts  (12 tests) 7ms
 ✓ src/__tests__/store/conversationStore.test.ts  (15 tests) 7ms
 ✓ src/__tests__/adapters/acsEventAdapter.test.ts  (21 tests) 8ms
 ✓ src/__tests__/adapters/acsThreadAdapter.test.ts  (25 tests) 9ms
 ❯ src/__tests__/services/chatService.test.ts  (18 tests | 1 failed) 13ms
   ❯ src/__tests__/services/chatService.test.ts > ChatService > Event Routing > should route message:deleted event
     → expected [ { id: 'msg-to-delete', …(7) } ] to have a length of +0 but got 1
 ❯ src/__tests__/integration/services.integration.test.ts  (5 tests | 1 failed) 17ms
   ❯ src/__tests__/integration/services.integration.test.ts > Services Integration > should send a message via messageService and call underlying SDK
     → expected "spy" to be called with arguments: [ ObjectContaining{…}, Any<Object> ]

Received: 



Number of calls: 0

stderr | src/__tests__/integration/services.integration.test.ts > Services Integration > should send a message via messageService and call underlying SDK
Failed to send message to conversation thread-1 AcsChatError: Backend URL is not configured.
    at MessageService.sendMessage (/Users/thaoanhhaa1/Documents/IT/NP/WEB/acs-chat/np-acs-library/src/services/messageService.ts:298:15)
    at /Users/thaoanhhaa1/Documents/IT/NP/WEB/acs-chat/np-acs-library/src/__tests__/integration/services.integration.test.ts:152:41
    at runTest (file:///Users/thaoanhhaa1/Documents/IT/NP/WEB/acs-chat/np-acs-library/node_modules/@vitest/runner/dist/index.js:781:11)
    at runSuite (file:///Users/thaoanhhaa1/Documents/IT/NP/WEB/acs-chat/np-acs-library/node_modules/@vitest/runner/dist/index.js:909:15)
    at runSuite (file:///Users/thaoanhhaa1/Documents/IT/NP/WEB/acs-chat/np-acs-library/node_modules/@vitest/runner/dist/index.js:909:15)
    at runFiles (file:///Users/thaoanhhaa1/Documents/IT/NP/WEB/acs-chat/np-acs-library/node_modules/@vitest/runner/dist/index.js:958:5)
    at startTests (file:///Users/thaoanhhaa1/Documents/IT/NP/WEB/acs-chat/np-acs-library/node_modules/@vitest/runner/dist/index.js:967:3)
    at file:///Users/thaoanhhaa1/Documents/IT/NP/WEB/acs-chat/np-acs-library/node_modules/vitest/dist/chunks/runtime-runBaseTests.oAvMKtQC.js:116:7
    at withEnv (file:///Users/thaoanhhaa1/Documents/IT/NP/WEB/acs-chat/np-acs-library/node_modules/vitest/dist/chunks/runtime-runBaseTests.oAvMKtQC.js:83:5)
    at run (file:///Users/thaoanhhaa1/Documents/IT/NP/WEB/acs-chat/np-acs-library/node_modules/vitest/dist/chunks/runtime-runBaseTests.oAvMKtQC.js:105:3) {
  code: 'INVALID_INPUT',
  cause: undefined,
  operation: 'sendMessage',
  conversationId: undefined,
  messageId: undefined,
  retryable: false,
  timestamp: 2026-08-09T15:56:09.107Z
}

 ✓ src/__tests__/store/chatStore.test.ts  (6 tests) 3ms
DEPRECATION WARNING [legacy-js-api]: The legacy JS API is deprecated and will be removed in Dart Sass 2.0.0.

More info: https://sass-lang.com/d/legacy-js-api

DEPRECATION WARNING [legacy-js-api]: The legacy JS API is deprecated and will be removed in Dart Sass 2.0.0.

More info: https://sass-lang.com/d/legacy-js-api

DEPRECATION WARNING [legacy-js-api]: The legacy JS API is deprecated and will be removed in Dart Sass 2.0.0.

More info: https://sass-lang.com/d/legacy-js-api

DEPRECATION WARNING [legacy-js-api]: The legacy JS API is deprecated and will be removed in Dart Sass 2.0.0.

More info: https://sass-lang.com/d/legacy-js-api

DEPRECATION WARNING [legacy-js-api]: The legacy JS API is deprecated and will be removed in Dart Sass 2.0.0.

More info: https://sass-lang.com/d/legacy-js-api

 ✓ src/__tests__/utils/retry.test.ts  (5 tests) 9ms
DEPRECATION WARNING [legacy-js-api]: The legacy JS API is deprecated and will be removed in Dart Sass 2.0.0.

More info: https://sass-lang.com/d/legacy-js-api

 ❯ src/components/__tests__/ChatContainer.test.tsx  (5 tests | 1 failed) 62ms
   ❯ src/components/__tests__/ChatContainer.test.tsx > ChatContainer Component > should auto-open the first conversation if none is active but conversations exist
     → expected "spy" to be called with arguments: [ 'conv-1' ]

Received: 



Number of calls: 0

 ✓ src/components/ParticipantList/__tests__/ParticipantList.test.tsx  (6 tests) 136ms
 ❯ src/components/MessageItem/__tests__/MessageItem.test.tsx  (7 tests | 4 failed) 128ms
   ❯ src/components/MessageItem/__tests__/MessageItem.test.tsx > MessageItem Component > should render own message correctly
     → Unable to find an element with the text: delivered. This could be because the text is broken up by multiple elements. In this case, you can provide a function for your text matcher to make your matcher more flexible.

Ignored nodes: comments, script, style
[36m<body>[39m
  [36m<div>[39m
    [36m<div[39m
      [33mclass[39m=[32m"_messageItem_ecc8d7 _ownMessage_ecc8d7 "[39m
    [36m>[39m
      [36m<div[39m
        [33mclass[39m=[32m"_contentWrapper_ecc8d7"[39m
      [36m>[39m
        [36m<div[39m
          [33mclass[39m=[32m"_bubble_ecc8d7 _ownBubble_ecc8d7"[39m
        [36m>[39m
          [36m<div>[39m
            [0mHello World[0m
          [36m</div>[39m
          [36m<div[39m
            [33mclass[39m=[32m"_meta_ecc8d7"[39m
          [36m>[39m
            [36m<span[39m
              [33mclass[39m=[32m"_time_ecc8d7"[39m
            [36m>[39m
              [0mJan 1[0m
            [36m</span>[39m
          [36m</div>[39m
        [36m</div>[39m
        [36m<div[39m
          [33mclass[39m=[32m"_actions_ecc8d7 "[39m
        [36m>[39m
          [36m<button[39m
            [33mclass[39m=[32m"_actionIconBtn_ecc8d7"[39m
            [33mtitle[39m=[32m"chat.reply"[39m
          [36m>[39m
            [36m<svg[39m
              [33mfill[39m=[32m"none"[39m
              [33mstroke[39m=[32m"currentColor"[39m
              [33mstroke-linecap[39m=[32m"round"[39m
              [33mstroke-linejoin[39m=[32m"round"[39m
              [33mstroke-width[39m=[32m"2"[39m
              [33mviewBox[39m=[32m"0 0 24 24"[39m
            [36m>[39m
              [36m<path[39m
                [33md[39m=[32m"M3 21c3 0 7-1 7-8V5c0-1.25-.756-2.017-2-2H4c-1.25 0-2 .75-2 1.972V11c0 1.25.75 2 2 2 1 0 1 0 1 1v1c0 1-1 2-2 2s-1 .008-1 1.031V20c0 1 0 1 1 1z"[39m
              [36m/>[39m
              [36m<path[39m
                [33md[39m=[32m"M15 21c3 0 7-1 7-8V5c0-1.25-.757-2.017-2-2h-4c-1.25 0-2 .75-2 1.972V11c0 1.25.75 2 2 2h.75c0 2.25.25 4-2.75 4v3c0 1 0 1 1 1z"[39m
              [36m/>[39m
            [36m</svg>[39m
          [36m</button>[39m
          [36m<button[39m
            [33mclass[39m=[32m"_actionIconBtn_ecc8d7"[39m
            [33mtitle[39m=[32m"chat.forward"[39m
          [36m>[39m
            [36m<svg[39m
              [33mfill[39m=[32m"none"[39m
              [33mstroke[39m=[32m"currentColor"[39m
              [33mstroke-linecap[39m=[32m"round"[39m
              [33mstroke-linejoin[39m=[32m"round"[39m
              [33mstroke-width[39m=[32m"2"[39m
              [33mviewBox[39m=[32m"0 0 24 24"[39m
            [36m>[39m
              [36m<polyline[39m
                [33mpoints[39m=[32m"15 17 20 12 15 7"[39m
              [36m/>[39m
              [36m<path[39m
                [33md[39m=[32m"M4 18v-2a4 4 0 0 1 4-4h12"[39m
              [36m/>[39m
            [36m</svg>[39m
          [36m</button>[39m
          [36m<div[39m
            [33mstyle[39m=[32m"position: relative;"[39m
          [36m>[39m
            [36m<button[39m
              [33mclass[39m=[32m"_actionIconBtn_ecc8d7"[39m
              [33mtitle[39m=[32m"chat.moreOptions"[39m
            [36m>[39m
              [36m<svg[39m
                [33mfill[39m=[32m"none"[39m
                [33mstroke[39m=[32m"currentColor"[39m
                [33mstroke-linecap[39m=[32m"round"[39m
                [33mstroke-linejoin[39m=[32m"round"[39m
                [33mstroke-width[39m=[32m"2"[39m
                [33mviewBox[39m=[32m"0 0 24 24"[39m
              [36m>[39m
                [36m<circle[39m
                  [33mcx[39m=[32m"12"[39m
                  [33mcy[39m=[32m"12"[39m
                  [33mr[39m=[32m"1"[39m
                [36m/>[39m
                [36m<circle[39m
                  [33mcx[39m=[32m"19"[39m
                  [33mcy[39m=[32m"12"[39m
                  [33mr[39m=[32m"1"[39m
                [36m/>[39m
                [36m<circle[39m
                  [33mcx[39m=[32m"5"[39m
                  [33mcy[39m=[32m"12"[39m
                  [33mr[39m=[32m"1"[39m
                [36m/>[39m
              [36m</svg>[39m
            [36m</button>[39m
          [36m</div>[39m
        [36m</div>[39m
      [36m</div>[39m
    [36m</div>[39m
  [36m</div>[39m
[36m</body>[39m
   ❯ src/components/MessageItem/__tests__/MessageItem.test.tsx > MessageItem Component > should show (edited) if message was edited
     → Unable to find an element with the text: (edited). This could be because the text is broken up by multiple elements. In this case, you can provide a function for your text matcher to make your matcher more flexible.

Ignored nodes: comments, script, style
[36m<body>[39m
  [36m<div>[39m
    [36m<div[39m
      [33mclass[39m=[32m"_messageItem_ecc8d7 _ownMessage_ecc8d7 "[39m
    [36m>[39m
      [36m<div[39m
        [33mclass[39m=[32m"_contentWrapper_ecc8d7"[39m
      [36m>[39m
        [36m<div[39m
          [33mclass[39m=[32m"_bubble_ecc8d7 _ownBubble_ecc8d7"[39m
        [36m>[39m
          [36m<div>[39m
            [0mHello World[0m
          [36m</div>[39m
          [36m<span[39m
            [33mclass[39m=[32m"_edited_ecc8d7"[39m
          [36m>[39m
            [0mchat.edited[0m
          [36m</span>[39m
          [36m<div[39m
            [33mclass[39m=[32m"_meta_ecc8d7"[39m
          [36m>[39m
            [36m<span[39m
              [33mclass[39m=[32m"_time_ecc8d7"[39m
            [36m>[39m
              [0mJan 1[0m
            [36m</span>[39m
          [36m</div>[39m
        [36m</div>[39m
        [36m<div[39m
          [33mclass[39m=[32m"_actions_ecc8d7 "[39m
        [36m>[39m
          [36m<button[39m
            [33mclass[39m=[32m"_actionIconBtn_ecc8d7"[39m
            [33mtitle[39m=[32m"chat.reply"[39m
          [36m>[39m
            [36m<svg[39m
              [33mfill[39m=[32m"none"[39m
              [33mstroke[39m=[32m"currentColor"[39m
              [33mstroke-linecap[39m=[32m"round"[39m
              [33mstroke-linejoin[39m=[32m"round"[39m
              [33mstroke-width[39m=[32m"2"[39m
              [33mviewBox[39m=[32m"0 0 24 24"[39m
            [36m>[39m
              [36m<path[39m
                [33md[39m=[32m"M3 21c3 0 7-1 7-8V5c0-1.25-.756-2.017-2-2H4c-1.25 0-2 .75-2 1.972V11c0 1.25.75 2 2 2 1 0 1 0 1 1v1c0 1-1 2-2 2s-1 .008-1 1.031V20c0 1 0 1 1 1z"[39m
              [36m/>[39m
              [36m<path[39m
                [33md[39m=[32m"M15 21c3 0 7-1 7-8V5c0-1.25-.757-2.017-2-2h-4c-1.25 0-2 .75-2 1.972V11c0 1.25.75 2 2 2h.75c0 2.25.25 4-2.75 4v3c0 1 0 1 1 1z"[39m
              [36m/>[39m
            [36m</svg>[39m
          [36m</button>[39m
          [36m<button[39m
            [33mclass[39m=[32m"_actionIconBtn_ecc8d7"[39m
            [33mtitle[39m=[32m"chat.forward"[39m
          [36m>[39m
            [36m<svg[39m
              [33mfill[39m=[32m"none"[39m
              [33mstroke[39m=[32m"currentColor"[39m
              [33mstroke-linecap[39m=[32m"round"[39m
              [33mstroke-linejoin[39m=[32m"round"[39m
              [33mstroke-width[39m=[32m"2"[39m
              [33mviewBox[39m=[32m"0 0 24 24"[39m
            [36m>[39m
              [36m<polyline[39m
                [33mpoints[39m=[32m"15 17 20 12 15 7"[39m
              [36m/>[39m
              [36m<path[39m
                [33md[39m=[32m"M4 18v-2a4 4 0 0 1 4-4h12"[39m
              [36m/>[39m
            [36m</svg>[39m
          [36m</button>[39m
          [36m<div[39m
            [33mstyle[39m=[32m"position: relative;"[39m
          [36m>[39m
            [36m<button[39m
              [33mclass[39m=[32m"_actionIconBtn_ecc8d7"[39m
              [33mtitle[39m=[32m"chat.moreOptions"[39m
            [36m>[39m
              [36m<svg[39m
                [33mfill[39m=[32m"none"[39m
                [33mstroke[39m=[32m"currentColor"[39m
                [33mstroke-linecap[39m=[32m"round"[39m
                [33mstroke-linejoin[39m=[32m"round"[39m
                [33mstroke-width[39m=[32m"2"[39m
                [33mviewBox[39m=[32m"0 0 24 24"[39m
              [36m>[39m
                [36m<circle[39m
                  [33mcx[39m=[32m"12"[39m
                  [33mcy[39m=[32m"12"[39m
                  [33mr[39m=[32m"1"[39m
                [36m/>[39m
                [36m<circle[39m
                  [33mcx[39m=[32m"19"[39m
                  [33mcy[39m=[32m"12"[39m
                  [33mr[39m=[32m"1"[39m
                [36m/>[39m
                [36m<circle[39m
                  [33mcx[39m=[32m"5"[39m
                  [33mcy[39m=[32m"12"[39m
                  [33mr[39m=[32m"1"[39m
                [36m/>[39m
              [36m</svg>[39m
            [36m</button>[39m
          [36m</div>[39m
        [36m</div>[39m
      [36m</div>[39m
    [36m</div>[39m
  [36m</div>[39m
[36m</body>[39m
   ❯ src/components/MessageItem/__tests__/MessageItem.test.tsx > MessageItem Component > should handle dropdown actions
     → Unable to find an element with the title: Reply.

Ignored nodes: comments, script, style
[36m<body>[39m
  [36m<div>[39m
    [36m<div[39m
      [33mclass[39m=[32m"_messageItem_ecc8d7 _ownMessage_ecc8d7 "[39m
    [36m>[39m
      [36m<div[39m
        [33mclass[39m=[32m"_contentWrapper_ecc8d7"[39m
      [36m>[39m
        [36m<div[39m
          [33mclass[39m=[32m"_bubble_ecc8d7 _ownBubble_ecc8d7"[39m
        [36m>[39m
          [36m<div>[39m
            [0mHello World[0m
          [36m</div>[39m
          [36m<div[39m
            [33mclass[39m=[32m"_meta_ecc8d7"[39m
          [36m>[39m
            [36m<span[39m
              [33mclass[39m=[32m"_time_ecc8d7"[39m
            [36m>[39m
              [0mJan 1[0m
            [36m</span>[39m
          [36m</div>[39m
        [36m</div>[39m
        [36m<div[39m
          [33mclass[39m=[32m"_actions_ecc8d7 "[39m
        [36m>[39m
          [36m<button[39m
            [33mclass[39m=[32m"_actionIconBtn_ecc8d7"[39m
            [33mtitle[39m=[32m"chat.reply"[39m
          [36m>[39m
            [36m<svg[39m
              [33mfill[39m=[32m"none"[39m
              [33mstroke[39m=[32m"currentColor"[39m
              [33mstroke-linecap[39m=[32m"round"[39m
              [33mstroke-linejoin[39m=[32m"round"[39m
              [33mstroke-width[39m=[32m"2"[39m
              [33mviewBox[39m=[32m"0 0 24 24"[39m
            [36m>[39m
              [36m<path[39m
                [33md[39m=[32m"M3 21c3 0 7-1 7-8V5c0-1.25-.756-2.017-2-2H4c-1.25 0-2 .75-2 1.972V11c0 1.25.75 2 2 2 1 0 1 0 1 1v1c0 1-1 2-2 2s-1 .008-1 1.031V20c0 1 0 1 1 1z"[39m
              [36m/>[39m
              [36m<path[39m
                [33md[39m=[32m"M15 21c3 0 7-1 7-8V5c0-1.25-.757-2.017-2-2h-4c-1.25 0-2 .75-2 1.972V11c0 1.25.75 2 2 2h.75c0 2.25.25 4-2.75 4v3c0 1 0 1 1 1z"[39m
              [36m/>[39m
            [36m</svg>[39m
          [36m</button>[39m
          [36m<button[39m
            [33mclass[39m=[32m"_actionIconBtn_ecc8d7"[39m
            [33mtitle[39m=[32m"chat.forward"[39m
          [36m>[39m
            [36m<svg[39m
              [33mfill[39m=[32m"none"[39m
              [33mstroke[39m=[32m"currentColor"[39m
              [33mstroke-linecap[39m=[32m"round"[39m
              [33mstroke-linejoin[39m=[32m"round"[39m
              [33mstroke-width[39m=[32m"2"[39m
              [33mviewBox[39m=[32m"0 0 24 24"[39m
            [36m>[39m
              [36m<polyline[39m
                [33mpoints[39m=[32m"15 17 20 12 15 7"[39m
              [36m/>[39m
              [36m<path[39m
                [33md[39m=[32m"M4 18v-2a4 4 0 0 1 4-4h12"[39m
              [36m/>[39m
            [36m</svg>[39m
          [36m</button>[39m
          [36m<div[39m
            [33mstyle[39m=[32m"position: relative;"[39m
          [36m>[39m
            [36m<button[39m
              [33mclass[39m=[32m"_actionIconBtn_ecc8d7"[39m
              [33mtitle[39m=[32m"chat.moreOptions"[39m
            [36m>[39m
              [36m<svg[39m
                [33mfill[39m=[32m"none"[39m
                [33mstroke[39m=[32m"currentColor"[39m
                [33mstroke-linecap[39m=[32m"round"[39m
                [33mstroke-linejoin[39m=[32m"round"[39m
                [33mstroke-width[39m=[32m"2"[39m
                [33mviewBox[39m=[32m"0 0 24 24"[39m
              [36m>[39m
                [36m<circle[39m
                  [33mcx[39m=[32m"12"[39m
                  [33mcy[39m=[32m"12"[39m
                  [33mr[39m=[32m"1"[39m
                [36m/>[39m
                [36m<circle[39m
                  [33mcx[39m=[32m"19"[39m
                  [33mcy[39m=[32m"12"[39m
                  [33mr[39m=[32m"1"[39m
                [36m/>[39m
                [36m<circle[39m
                  [33mcx[39m=[32m"5"[39m
                  [33mcy[39m=[32m"12"[39m
                  [33mr[39m=[32m"1"[39m
                [36m/>[39m
              [36m</svg>[39m
            [36m</button>[39m
          [36m</div>[39m
        [36m</div>[39m
      [36m</div>[39m
    [36m</div>[39m
  [36m</div>[39m
[36m</body>[39m
   ❯ src/components/MessageItem/__tests__/MessageItem.test.tsx > MessageItem Component > should allow custom renderers
     → Unable to find an element by: [data-testid="custom-status"]

Ignored nodes: comments, script, style
[36m<body>[39m
  [36m<div>[39m
    [36m<div[39m
      [33mclass[39m=[32m"_messageItem_ecc8d7 _ownMessage_ecc8d7 "[39m
    [36m>[39m
      [36m<div[39m
        [33mclass[39m=[32m"_contentWrapper_ecc8d7"[39m
      [36m>[39m
        [36m<div[39m
          [33mclass[39m=[32m"_bubble_ecc8d7 _ownBubble_ecc8d7"[39m
        [36m>[39m
          [36m<div[39m
            [33mdata-testid[39m=[32m"custom-content"[39m
          [36m>[39m
            [0mHello World[0m
          [36m</div>[39m
          [36m<div[39m
            [33mclass[39m=[32m"_meta_ecc8d7"[39m
          [36m>[39m
            [36m<span[39m
              [33mclass[39m=[32m"_time_ecc8d7"[39m
            [36m>[39m
              [0mJan 1[0m
            [36m</span>[39m
          [36m</div>[39m
        [36m</div>[39m
        [36m<div[39m
          [33mclass[39m=[32m"_actions_ecc8d7 "[39m
        [36m>[39m
          [36m<div[39m
            [33mdata-testid[39m=[32m"custom-actions"[39m
          [36m>[39m
            [0mActions[0m
          [36m</div>[39m
        [36m</div>[39m
      [36m</div>[39m
    [36m</div>[39m
  [36m</div>[39m
[36m</body>[39m
 ❯ src/components/MessageList/__tests__/MessageList.test.tsx  (6 tests | 2 failed) 126ms
   ❯ src/components/MessageList/__tests__/MessageList.test.tsx > MessageList Component > should render loading state when loading is true and no messages
     → Unable to find an element with the text: Đang tải.... This could be because the text is broken up by multiple elements. In this case, you can provide a function for your text matcher to make your matcher more flexible.

Ignored nodes: comments, script, style
[36m<body>[39m
  [36m<div>[39m
    [36m<div[39m
      [33mclass[39m=[32m"_messageListContainer_4ceecd"[39m
    [36m>[39m
      [36m<div[39m
        [33mclass[39m=[32m"_loadingState_cad9b8 "[39m
      [36m>[39m
        [36m<div[39m
          [33mclass[39m=[32m"_spinner_cad9b8"[39m
        [36m/>[39m
        [36m<p[39m
          [33mclass[39m=[32m"_message_cad9b8"[39m
        [36m>[39m
          [0mchat.loading[0m
        [36m</p>[39m
      [36m</div>[39m
    [36m</div>[39m
  [36m</div>[39m
[36m</body>[39m
   ❯ src/components/MessageList/__tests__/MessageList.test.tsx > MessageList Component > should render messages and date separators
     → Unable to find an element with the text: Jan 1, 2023. This could be because the text is broken up by multiple elements. In this case, you can provide a function for your text matcher to make your matcher more flexible.

Ignored nodes: comments, script, style
[36m<body>[39m
  [36m<div>[39m
    [36m<div[39m
      [33mclass[39m=[32m"_messageListContainer_4ceecd"[39m
    [36m>[39m
      [36m<div[39m
        [33mdata-testid[39m=[32m"virtuoso-list"[39m
      [36m>[39m
        [36m<div>[39m
          [36m<div[39m
            [33mclass[39m=[32m"_dateSeparator_4ceecd"[39m
          [36m>[39m
            [36m<span>[39m
              [0m01/01/2023[0m
            [36m</span>[39m
          [36m</div>[39m
        [36m</div>[39m
        [36m<div>[39m
          [36m<div[39m
            [33mclass[39m=[32m"_messageItem_ecc8d7 _ownMessage_ecc8d7 "[39m
          [36m>[39m
            [36m<div[39m
              [33mclass[39m=[32m"_contentWrapper_ecc8d7"[39m
            [36m>[39m
              [36m<div[39m
                [33mclass[39m=[32m"_bubble_ecc8d7 _ownBubble_ecc8d7"[39m
              [36m>[39m
                [36m<div>[39m
                  [0mHello[0m
                [36m</div>[39m
                [36m<div[39m
                  [33mclass[39m=[32m"_meta_ecc8d7"[39m
                [36m>[39m
                  [36m<span[39m
                    [33mclass[39m=[32m"_time_ecc8d7"[39m
                  [36m>[39m
                    [0mJan 1[0m
                  [36m</span>[39m
                [36m</div>[39m
              [36m</div>[39m
              [36m<div[39m
                [33mclass[39m=[32m"_actions_ecc8d7 "[39m
              [36m>[39m
                [36m<button[39m
                  [33mclass[39m=[32m"_actionIconBtn_ecc8d7"[39m
                  [33mtitle[39m=[32m"chat.reply"[39m
                [36m>[39m
                  [36m<svg[39m
                    [33mfill[39m=[32m"none"[39m
                    [33mstroke[39m=[32m"currentColor"[39m
                    [33mstroke-linecap[39m=[32m"round"[39m
                    [33mstroke-linejoin[39m=[32m"round"[39m
                    [33mstroke-width[39m=[32m"2"[39m
                    [33mviewBox[39m=[32m"0 0 24 24"[39m
                  [36m>[39m
                    [36m<path[39m
                      [33md[39m=[32m"M3 21c3 0 7-1 7-8V5c0-1.25-.756-2.017-2-2H4c-1.25 0-2 .75-2 1.972V11c0 1.25.75 2 2 2 1 0 1 0 1 1v1c0 1-1 2-2 2s-1 .008-1 1.031V20c0 1 0 1 1 1z"[39m
                    [36m/>[39m
                    [36m<path[39m
                      [33md[39m=[32m"M15 21c3 0 7-1 7-8V5c0-1.25-.757-2.017-2-2h-4c-1.25 0-2 .75-2 1.972V11c0 1.25.75 2 2 2h.75c0 2.25.25 4-2.75 4v3c0 1 0 1 1 1z"[39m
                    [36m/>[39m
                  [36m</svg>[39m
                [36m</button>[39m
                [36m<button[39m
                  [33mclass[39m=[32m"_actionIconBtn_ecc8d7"[39m
                  [33mtitle[39m=[32m"chat.forward"[39m
                [36m>[39m
                  [36m<svg[39m
                    [33mfill[39m=[32m"none"[39m
                    [33mstroke[39m=[32m"currentColor"[39m
                    [33mstroke-linecap[39m=[32m"round"[39m
                    [33mstroke-linejoin[39m=[32m"round"[39m
                    [33mstroke-width[39m=[32m"2"[39m
                    [33mviewBox[39m=[32m"0 0 24 24"[39m
                  [36m>[39m
                    [36m<polyline[39m
                      [33mpoints[39m=[32m"15 17 20 12 15 7"[39m
                    [36m/>[39m
                    [36m<path[39m
                      [33md[39m=[32m"M4 18v-2a4 4 0 0 1 4-4h12"[39m
                    [36m/>[39m
                  [36m</svg>[39m
                [36m</button>[39m
                [36m<div[39m
                  [33mstyle[39m=[32m"position: relative;"[39m
                [36m>[39m
                  [36m<button[39m
                    [33mclass[39m=[32m"_actionIconBtn_ecc8d7"[39m
                    [33mtitle[39m=[32m"chat.moreOptions"[39m
                  [36m>[39m
                    [36m<svg[39m
                      [33mfill[39m=[32m"none"[39m
                      [33mstroke[39m=[32m"currentColor"[39m
                      [33mstroke-linecap[39m=[32m"round"[39m
                      [33mstroke-linejoin[39m=[32m"round"[39m
                      [33mstroke-width[39m=[32m"2"[39m
                      [33mviewBox[39m=[32m"0 0 24 24"[39m
                    [36m>[39m
                      [36m<circle[39m
                        [33mcx[39m=[32m"12"[39m
                        [33mcy[39m=[32m"12"[39m
                        [33mr[39m=[32m"1"[39m
                      [36m/>[39m
                      [36m<circle[39m
                        [33mcx[39m=[32m"19"[39m
                        [33mcy[39m=[32m"12"[39m
                        [33mr[39m=[32m"1"[39m
                      [36m/>[39m
                      [36m<circle[39m
                        [33mcx[39m=[32m"5"[39m
                        [33mcy[39m=[32m"12"[39m
                        [33mr[39m=[32m"1"[39m
                      [36m/>[39m
                    [36m</svg>[39m
                  [36m</button>[39m
                [36m</div>[39m
              [36m</div>[39m
            [36m</div>[39m
          [36m</div>[39m
        [36m</div>[39m
        [36m<div>[39m
          [36m<div[39m
            [33mclass[39m=[32m"_dateSeparator_4ceecd"[39m
          [36m>[39m
            [36m<span>[39m
              [0m02/01/2023[0m
            [36m</span>[39m
          [36m</div>[39m
        [36m</div>[39m
        [36m<div>[39m
          [36m<div[39m
            [33mclass[39m=[32m"_messageItem_ecc8d7 _otherMessage_ecc8d7 "[39m
          [36m>[39m
            [36m<div[39m
              [33mclass[39m=[32m"_avatarWrapper_ecc8d7"[39m
            [36m>[39m
              [36m<div[39m
                [33mclass[39m=[32m"_avatarWrapper_7d5c5e "[39m
              [36m>[39m
                [36m<div[39m
                  [33mclass[39m=[32m"_avatarFallback_7d5c5e"[39m
                [36m>[39m
                  [0mB[0m
                [36m</div>[39m
              [36m</div>[39m
            [36m</div>[39m
            [36m<div[39m
              [33mclass[39m=[32m"_contentWrapper_ecc8d7"[39m
            [36m>[39m
              [36m<div[39m
                [33mclass[39m=[32m"_bubble_ecc8d7 _otherBubble_ecc8d7"[39m
              [36m>[39m
                [36m<div[39m
                  [33mclass[39m=[32m"_senderName_ecc8d7"[39m
                [36m>[39m
                  [0mBob[0m
                [36m</div>[39m
                [36m<div>[39m
                  [0mHi[0m
                [36m</div>[39m
                [36m<div[39m
                  [33mclass[39m=[32m"_meta_ecc8d7"[39m
                [36m>[39m
                  [36m<span[39m
                    [33mclass[39m=[32m"_time_ecc8d7"[39m
                  [36m>[39m
                    [0mJan 2[0m
                  [36m</span>[39m
                [36m</div>[39m
              [36m</div>[39m
              [36m<div[39m
                [33mclass[39m=[32m"_actions_ecc8d7 "[39m
              [36m>[39m
                [36m<button[39m
                  [33mclass[39m=[32m"_actionIconBtn_ecc8d7"[39m
                  [33mtitle[39m=[32m"chat.reply"[39m
                [36m>[39m
                  [36m<svg[39m
                    [33mfill[39m=[32m"none"[39m
                    [33mstroke[39m=[32m"currentColor"[39m
                    [33mstroke-linecap[39m=[32m"round"[39m
                    [33mstroke-linejoin[39m=[32m"round"[39m
                    [33mstroke-width[39m=[32m"2"[39m
                    [33mviewBox[39m=[32m"0 0 24 24"[39m
                  [36m>[39m
                    [36m<path[39m
                      [33md[39m=[32m"M3 21c3 0 7-1 7-8V5c0-1.25-.756-2.017-2-2H4c-1.25 0-2 .75-2 1.972V11c0 1.25.75 2 2 2 1 0 1 0 1 1v1c0 1-1 2-2 2s-1 .008-1 1.031V20c0 1 0 1 1 1z"[39m
                    [36m/>[39m
                    [36m<path[39m
                      [33md[39m=[32m"M15 21c3 0 7-1 7-8V5c0-1.25-.757-2.017-2-2h-4c-1.25 0-2 .75-2 1.972V11c0 1.25.75 2 2 2h.75c0 2.25.25 4-2.75 4v3c0 1 0 1 1 1z"[39m
                    [36m/>[39m
                  [36m</svg>[39m
                [36m</button>[39m
                [36m<button[39m
                  [33mclass[39m=[32m"_actionIconBtn_ecc8d7"[39m
                  [33mtitle[39m=[32m"chat.forward"[39m
                [36m>[39m
                  [36m<svg[39m
                    [33mfill[39m=[32m"none"[39m
                    [33mstroke[39m=[32m"currentColor"[39m
                    [33mstroke-linecap[39m=[32m"round"[39m
                    [33mstroke-linejoin[39m=[32m"round"[39m
                    [33mstroke-width[39m=[32m"2"[39m
                    [33mviewBox[39m=[32m"0 0 24 24"[39m
                  [36m>[39m
                    [36m<polyline[39m
                      [33mpoints[39m=[32m"15 17 20 12 15 7"[39m
                    [36m/>[39m
                    [36m<path[39m
                      [33md[39m=[32m"M4 18v-2a4 4 0 0 1 4-4h12"[39m
                    [36m/>[39m
                  [36m</svg>[39m
                [36m</button>[39m
                [36m<div[39m
                  [33mstyle[39m=[32m"position: relative;"[39m
                [36m>[39m
                  [36m<button[39m
                    [33mclass[39m=[32m"_actionIconBtn_ecc8d7"[39m
                    [33mtitle[39m=[32m"chat.moreOptions"[39m
                  [36m>[39m
                    [36m<svg[39m
                      [33mfill[39m=[32m"none"[39m
                      [33mstroke[39m=[32m"currentColor"[39m
                      [33mstroke-linecap[39m=[32m"round"[39m
                      [33mstroke-linejoin[39m=[32m"round"[39m
                      [33mstroke-width[39m=[32m"2"[39m
                      [33mviewBox[39m=[32m"0 0 24 24"[39m
                    [36m>[39m
                      [36m<circle[39m
                        [33mcx[39m=[32m"12"[39m
                        [33mcy[39m=[32m"12"[39m
                        [33mr[39m=[32m"1"[39m
                      [36m/>[39m
                      [36m<circle[39m
                        [33mcx[39m=[32m"19"[39m
                        [33mcy[39m=[32m"12"[39m
                        [33mr[39m=[32m"1"[39m
                      [36m/>[39m
                      [36m<circle[39m
                        [33mcx[39m=[32m"5"[39m
                        [33mcy[39m=[32m"12"[39m
                        [33mr[39m=[32m"1"[39m
                      [36m/>[39m
                    [36m</svg>[39m
                  [36m</button>[39m
                [36m</div>[39m
              [36m</div>[39m
            [36m</div>[39m
          [36m</div>[39m
        [36m</div>[39m
        [36m<button[39m
          [33mdata-testid[39m=[32m"start-reached-btn"[39m
        [36m>[39m
          [0mSimulate Scroll Top[0m
        [36m</button>[39m
      [36m</div>[39m
    [36m</div>[39m
  [36m</div>[39m
[36m</body>[39m
 ✓ src/components/MessageInput/__tests__/MessageInput.test.tsx  (9 tests) 186ms
DEPRECATION WARNING [legacy-js-api]: The legacy JS API is deprecated and will be removed in Dart Sass 2.0.0.

More info: https://sass-lang.com/d/legacy-js-api

DEPRECATION WARNING [legacy-js-api]: The legacy JS API is deprecated and will be removed in Dart Sass 2.0.0.

More info: https://sass-lang.com/d/legacy-js-api

DEPRECATION WARNING [legacy-js-api]: The legacy JS API is deprecated and will be removed in Dart Sass 2.0.0.

More info: https://sass-lang.com/d/legacy-js-api

DEPRECATION WARNING [legacy-js-api]: The legacy JS API is deprecated and will be removed in Dart Sass 2.0.0.

More info: https://sass-lang.com/d/legacy-js-api

DEPRECATION WARNING [legacy-js-api]: The legacy JS API is deprecated and will be removed in Dart Sass 2.0.0.

More info: https://sass-lang.com/d/legacy-js-api

DEPRECATION WARNING [legacy-js-api]: The legacy JS API is deprecated and will be removed in Dart Sass 2.0.0.

More info: https://sass-lang.com/d/legacy-js-api

DEPRECATION WARNING [legacy-js-api]: The legacy JS API is deprecated and will be removed in Dart Sass 2.0.0.

More info: https://sass-lang.com/d/legacy-js-api

DEPRECATION WARNING [legacy-js-api]: The legacy JS API is deprecated and will be removed in Dart Sass 2.0.0.

More info: https://sass-lang.com/d/legacy-js-api

 ❯ src/components/ConversationList/__tests__/ConversationList.test.tsx  (8 tests | 1 failed) 104ms
   ❯ src/components/ConversationList/__tests__/ConversationList.test.tsx > ConversationList Component > should render loading indicator when loading is true
     → Unable to find an element with the text: Loading.... This could be because the text is broken up by multiple elements. In this case, you can provide a function for your text matcher to make your matcher more flexible.

Ignored nodes: comments, script, style
[36m<body>[39m
  [36m<div>[39m
    [36m<div[39m
      [33mclass[39m=[32m"_conversationList_acfa2f"[39m
    [36m>[39m
      [36m<div[39m
        [33mclass[39m=[32m"_searchHeaderWrapper_acfa2f"[39m
      [36m>[39m
        [36m<div[39m
          [33mclass[39m=[32m"_searchContainer_acfa2f"[39m
        [36m>[39m
          [36m<input[39m
            [33mdata-testid[39m=[32m"mock-search-input"[39m
            [33mvalue[39m=[32m""[39m
          [36m/>[39m
          [36m<div[39m
            [33mclass[39m=[32m"_headerActions_acfa2f"[39m
          [36m>[39m
            [36m<button[39m
              [33mclass[39m=[32m"_actionBtn_acfa2f"[39m
            [36m>[39m
              [36m<svg[39m
                [33maria-hidden[39m=[32m"true"[39m
                [33mclass[39m=[32m"lucide lucide-users"[39m
                [33mfill[39m=[32m"none"[39m
                [33mheight[39m=[32m"24"[39m
                [33mstroke[39m=[32m"currentColor"[39m
                [33mstroke-linecap[39m=[32m"round"[39m
                [33mstroke-linejoin[39m=[32m"round"[39m
                [33mstroke-width[39m=[32m"2"[39m
                [33mviewBox[39m=[32m"0 0 24 24"[39m
                [33mwidth[39m=[32m"24"[39m
                [33mxmlns[39m=[32m"http://www.w3.org/2000/svg"[39m
              [36m>[39m
                [36m<path[39m
                  [33md[39m=[32m"M16 21v-2a4 4 0 0 0-4-4H6a4 4 0 0 0-4 4v2"[39m
                [36m/>[39m
                [36m<path[39m
                  [33md[39m=[32m"M16 3.128a4 4 0 0 1 0 7.744"[39m
                [36m/>[39m
                [36m<path[39m
                  [33md[39m=[32m"M22 21v-2a4 4 0 0 0-3-3.87"[39m
                [36m/>[39m
                [36m<circle[39m
                  [33mcx[39m=[32m"9"[39m
                  [33mcy[39m=[32m"7"[39m
                  [33mr[39m=[32m"4"[39m
                [36m/>[39m
              [36m</svg>[39m
            [36m</button>[39m
          [36m</div>[39m
        [36m</div>[39m
      [36m</div>[39m
      [36m<div[39m
        [33mclass[39m=[32m"_listViewport_acfa2f"[39m
      [36m>[39m
        [36m<div[39m
          [33mclass[39m=[32m"_virtualList_acfa2f"[39m
          [33mstyle[39m=[32m"height: 100%; overflow-y: auto; overflow-x: hidden;"[39m
        [36m>[39m
          [36m<div[39m
            [33mstyle[39m=[32m"height: 144px; position: relative;"[39m
          [36m>[39m
            [36m<div[39m
              [33mstyle[39m=[32m"position: absolute; top: 0px; left: 0px; width: 100%; height: 72px; transform: translateY(0px);"[39m
            [36m>[39m
              [36m<div[39m
                [33mdata-active[39m=[32m"false"[39m
                [33mdata-testid[39m=[32m"mock-conversation-item"[39m
              [36m>[39m
                [0mAlice[0m
              [36m</div>[39m
            [36m</div>[39m
            [36m<div[39m
              [33mstyle[39m=[32m"position: absolute; top: 0px; left: 0px; width: 100%; height: 72px; transform: translateY(72px);"[39m
            [36m>[39m
              [36m<div[39m
                [33mdata-active[39m=[32m"false"[39m
                [33mdata-testid[39m=[32m"mock-conversation-item"[39m
              [36m>[39m
                [0mDev Team[0m
              [36m</div>[39m
            [36m</div>[39m
          [36m</div>[39m
        [36m</div>[39m
        [36m<div[39m
          [33mstyle[39m=[32m"padding: 16px; text-align: center; color: rgb(102, 119, 129); font-size: 13px;"[39m
        [36m>[39m
          [0mchat.loading[0m
        [36m</div>[39m
      [36m</div>[39m
    [36m</div>[39m
  [36m</div>[39m
[36m</body>[39m
 ❯ src/components/Conversation/__tests__/Conversation.test.tsx  (6 tests | 6 failed) 67ms
   ❯ src/components/Conversation/__tests__/Conversation.test.tsx > ConversationView Component > should return null if no conversation is active or found
     → expect(element).toBeEmptyDOMElement()

Received:
  "<div class="_emptyState_3d390e "><div class="_iconContainer_3d390e"><svg viewBox="0 0 24 24" fill="currentColor" width="48" height="48"><path d="M12 2C6.477 2 2 5.806 2 10.5c0 2.71 1.481 5.123 3.75 6.643v4.425a.75.75 0 0 0 1.25.56l3.541-2.923c.47.051.954.078 1.459.078 5.523 0 10-3.806 10-8.5S17.523 2 12 2z"></path></svg></div><p class="_message_3d390e">chat.selectConversation</p></div>"
   ❯ src/components/Conversation/__tests__/Conversation.test.tsx > ConversationView Component > should render header with other participant name for direct conversation
     → Cannot read properties of undefined (reading 'charAt')
   ❯ src/components/Conversation/__tests__/Conversation.test.tsx > ConversationView Component > should render header with group name for group conversation
     → joinRoom is not a function
   ❯ src/components/Conversation/__tests__/Conversation.test.tsx > ConversationView Component > should render MessageList and MessageInput
     → Cannot read properties of undefined (reading 'charAt')
   ❯ src/components/Conversation/__tests__/Conversation.test.tsx > ConversationView Component > should call sendMessage when MessageInput triggers onSend
     → Cannot read properties of undefined (reading 'charAt')
   ❯ src/components/Conversation/__tests__/Conversation.test.tsx > ConversationView Component > should pass loading state to disable MessageInput
     → Cannot read properties of undefined (reading 'charAt')
stderr | src/components/Conversation/__tests__/Conversation.test.tsx > ConversationView Component > should render header with other participant name for direct conversation
Error: Uncaught [TypeError: Cannot read properties of undefined (reading 'charAt')]
    at reportException (/Users/thaoanhhaa1/Documents/IT/NP/WEB/acs-chat/np-acs-library/node_modules/jsdom/lib/jsdom/living/helpers/runtime-script-errors.js:66:24)
    at innerInvokeEventListeners (/Users/thaoanhhaa1/Documents/IT/NP/WEB/acs-chat/np-acs-library/node_modules/jsdom/lib/jsdom/living/events/EventTarget-impl.js:353:9)
    at invokeEventListeners (/Users/thaoanhhaa1/Documents/IT/NP/WEB/acs-chat/np-acs-library/node_modules/jsdom/lib/jsdom/living/events/EventTarget-impl.js:286:3)
    at HTMLUnknownElementImpl._dispatch (/Users/thaoanhhaa1/Documents/IT/NP/WEB/acs-chat/np-acs-library/node_modules/jsdom/lib/jsdom/living/events/EventTarget-impl.js:233:9)
    at HTMLUnknownElementImpl.dispatchEvent (/Users/thaoanhhaa1/Documents/IT/NP/WEB/acs-chat/np-acs-library/node_modules/jsdom/lib/jsdom/living/events/EventTarget-impl.js:104:17)
    at HTMLUnknownElement.dispatchEvent (/Users/thaoanhhaa1/Documents/IT/NP/WEB/acs-chat/np-acs-library/node_modules/jsdom/lib/jsdom/living/generated/EventTarget.js:241:34)
    at Object.invokeGuardedCallbackDev (/Users/thaoanhhaa1/Documents/IT/NP/WEB/acs-chat/np-acs-library/node_modules/react-dom/cjs/react-dom.development.js:4213:16)
    at invokeGuardedCallback (/Users/thaoanhhaa1/Documents/IT/NP/WEB/acs-chat/np-acs-library/node_modules/react-dom/cjs/react-dom.development.js:4277:31)
    at beginWork$1 (/Users/thaoanhhaa1/Documents/IT/NP/WEB/acs-chat/np-acs-library/node_modules/react-dom/cjs/react-dom.development.js:27490:7)
    at performUnitOfWork (/Users/thaoanhhaa1/Documents/IT/NP/WEB/acs-chat/np-acs-library/node_modules/react-dom/cjs/react-dom.development.js:26599:12) TypeError: Cannot read properties of undefined (reading 'charAt')
    at /Users/thaoanhhaa1/Documents/IT/NP/WEB/acs-chat/np-acs-library/src/components/Avatar/index.tsx:16:54
    at renderWithHooks (/Users/thaoanhhaa1/Documents/IT/NP/WEB/acs-chat/np-acs-library/node_modules/react-dom/cjs/react-dom.development.js:15486:18)
    at updateFunctionComponent (/Users/thaoanhhaa1/Documents/IT/NP/WEB/acs-chat/np-acs-library/node_modules/react-dom/cjs/react-dom.development.js:19617:20)
    at updateSimpleMemoComponent (/Users/thaoanhhaa1/Documents/IT/NP/WEB/acs-chat/np-acs-library/node_modules/react-dom/cjs/react-dom.development.js:19454:10)
    at updateMemoComponent (/Users/thaoanhhaa1/Documents/IT/NP/WEB/acs-chat/np-acs-library/node_modules/react-dom/cjs/react-dom.development.js:19303:14)
    at beginWork (/Users/thaoanhhaa1/Documents/IT/NP/WEB/acs-chat/np-acs-library/node_modules/react-dom/cjs/react-dom.development.js:21712:16)
    at HTMLUnknownElement.callCallback (/Users/thaoanhhaa1/Documents/IT/NP/WEB/acs-chat/np-acs-library/node_modules/react-dom/cjs/react-dom.development.js:4164:14)
    at HTMLUnknownElement.callTheUserObjectsOperation (/Users/thaoanhhaa1/Documents/IT/NP/WEB/acs-chat/np-acs-library/node_modules/jsdom/lib/jsdom/living/generated/EventListener.js:26:30)
    at innerInvokeEventListeners (/Users/thaoanhhaa1/Documents/IT/NP/WEB/acs-chat/np-acs-library/node_modules/jsdom/lib/jsdom/living/events/EventTarget-impl.js:350:25)
    at invokeEventListeners (/Users/thaoanhhaa1/Documents/IT/NP/WEB/acs-chat/np-acs-library/node_modules/jsdom/lib/jsdom/living/events/EventTarget-impl.js:286:3)
Error: Uncaught [TypeError: Cannot read properties of undefined (reading 'charAt')]
    at reportException (/Users/thaoanhhaa1/Documents/IT/NP/WEB/acs-chat/np-acs-library/node_modules/jsdom/lib/jsdom/living/helpers/runtime-script-errors.js:66:24)
    at innerInvokeEventListeners (/Users/thaoanhhaa1/Documents/IT/NP/WEB/acs-chat/np-acs-library/node_modules/jsdom/lib/jsdom/living/events/EventTarget-impl.js:353:9)
    at invokeEventListeners (/Users/thaoanhhaa1/Documents/IT/NP/WEB/acs-chat/np-acs-library/node_modules/jsdom/lib/jsdom/living/events/EventTarget-impl.js:286:3)
    at HTMLUnknownElementImpl._dispatch (/Users/thaoanhhaa1/Documents/IT/NP/WEB/acs-chat/np-acs-library/node_modules/jsdom/lib/jsdom/living/events/EventTarget-impl.js:233:9)
    at HTMLUnknownElementImpl.dispatchEvent (/Users/thaoanhhaa1/Documents/IT/NP/WEB/acs-chat/np-acs-library/node_modules/jsdom/lib/jsdom/living/events/EventTarget-impl.js:104:17)
    at HTMLUnknownElement.dispatchEvent (/Users/thaoanhhaa1/Documents/IT/NP/WEB/acs-chat/np-acs-library/node_modules/jsdom/lib/jsdom/living/generated/EventTarget.js:241:34)
    at Object.invokeGuardedCallbackDev (/Users/thaoanhhaa1/Documents/IT/NP/WEB/acs-chat/np-acs-library/node_modules/react-dom/cjs/react-dom.development.js:4213:16)
    at invokeGuardedCallback (/Users/thaoanhhaa1/Documents/IT/NP/WEB/acs-chat/np-acs-library/node_modules/react-dom/cjs/react-dom.development.js:4277:31)
    at beginWork$1 (/Users/thaoanhhaa1/Documents/IT/NP/WEB/acs-chat/np-acs-library/node_modules/react-dom/cjs/react-dom.development.js:27490:7)
    at performUnitOfWork (/Users/thaoanhhaa1/Documents/IT/NP/WEB/acs-chat/np-acs-library/node_modules/react-dom/cjs/react-dom.development.js:26599:12) TypeError: Cannot read properties of undefined (reading 'charAt')
    at /Users/thaoanhhaa1/Documents/IT/NP/WEB/acs-chat/np-acs-library/src/components/Avatar/index.tsx:16:54
    at renderWithHooks (/Users/thaoanhhaa1/Documents/IT/NP/WEB/acs-chat/np-acs-library/node_modules/react-dom/cjs/react-dom.development.js:15486:18)
    at updateFunctionComponent (/Users/thaoanhhaa1/Documents/IT/NP/WEB/acs-chat/np-acs-library/node_modules/react-dom/cjs/react-dom.development.js:19617:20)
    at updateSimpleMemoComponent (/Users/thaoanhhaa1/Documents/IT/NP/WEB/acs-chat/np-acs-library/node_modules/react-dom/cjs/react-dom.development.js:19454:10)
    at updateMemoComponent (/Users/thaoanhhaa1/Documents/IT/NP/WEB/acs-chat/np-acs-library/node_modules/react-dom/cjs/react-dom.development.js:19303:14)
    at beginWork (/Users/thaoanhhaa1/Documents/IT/NP/WEB/acs-chat/np-acs-library/node_modules/react-dom/cjs/react-dom.development.js:21712:16)
    at HTMLUnknownElement.callCallback (/Users/thaoanhhaa1/Documents/IT/NP/WEB/acs-chat/np-acs-library/node_modules/react-dom/cjs/react-dom.development.js:4164:14)
    at HTMLUnknownElement.callTheUserObjectsOperation (/Users/thaoanhhaa1/Documents/IT/NP/WEB/acs-chat/np-acs-library/node_modules/jsdom/lib/jsdom/living/generated/EventListener.js:26:30)
    at innerInvokeEventListeners (/Users/thaoanhhaa1/Documents/IT/NP/WEB/acs-chat/np-acs-library/node_modules/jsdom/lib/jsdom/living/events/EventTarget-impl.js:350:25)
    at invokeEventListeners (/Users/thaoanhhaa1/Documents/IT/NP/WEB/acs-chat/np-acs-library/node_modules/jsdom/lib/jsdom/living/events/EventTarget-impl.js:286:3)
The above error occurred in one of your React components:

    at /Users/thaoanhhaa1/Documents/IT/NP/WEB/acs-chat/np-acs-library/src/components/Avatar/index.tsx:7:54
    at div
    at div
    at /Users/thaoanhhaa1/Documents/IT/NP/WEB/acs-chat/np-acs-library/src/components/ConversationHeader/index.tsx:12:6
    at div
    at /Users/thaoanhhaa1/Documents/IT/NP/WEB/acs-chat/np-acs-library/src/components/Conversation/index.tsx:32:6

Consider adding an error boundary to your tree to customize error handling behavior.
Visit https://reactjs.org/link/error-boundaries to learn more about error boundaries.

stderr | src/components/Conversation/__tests__/Conversation.test.tsx > ConversationView Component > should render header with group name for group conversation
Error: Uncaught [TypeError: joinRoom is not a function]
    at reportException (/Users/thaoanhhaa1/Documents/IT/NP/WEB/acs-chat/np-acs-library/node_modules/jsdom/lib/jsdom/living/helpers/runtime-script-errors.js:66:24)
    at innerInvokeEventListeners (/Users/thaoanhhaa1/Documents/IT/NP/WEB/acs-chat/np-acs-library/node_modules/jsdom/lib/jsdom/living/events/EventTarget-impl.js:353:9)
    at invokeEventListeners (/Users/thaoanhhaa1/Documents/IT/NP/WEB/acs-chat/np-acs-library/node_modules/jsdom/lib/jsdom/living/events/EventTarget-impl.js:286:3)
    at HTMLUnknownElementImpl._dispatch (/Users/thaoanhhaa1/Documents/IT/NP/WEB/acs-chat/np-acs-library/node_modules/jsdom/lib/jsdom/living/events/EventTarget-impl.js:233:9)
    at HTMLUnknownElementImpl.dispatchEvent (/Users/thaoanhhaa1/Documents/IT/NP/WEB/acs-chat/np-acs-library/node_modules/jsdom/lib/jsdom/living/events/EventTarget-impl.js:104:17)
    at HTMLUnknownElement.dispatchEvent (/Users/thaoanhhaa1/Documents/IT/NP/WEB/acs-chat/np-acs-library/node_modules/jsdom/lib/jsdom/living/generated/EventTarget.js:241:34)
    at Object.invokeGuardedCallbackDev (/Users/thaoanhhaa1/Documents/IT/NP/WEB/acs-chat/np-acs-library/node_modules/react-dom/cjs/react-dom.development.js:4213:16)
    at invokeGuardedCallback (/Users/thaoanhhaa1/Documents/IT/NP/WEB/acs-chat/np-acs-library/node_modules/react-dom/cjs/react-dom.development.js:4277:31)
    at reportUncaughtErrorInDEV (/Users/thaoanhhaa1/Documents/IT/NP/WEB/acs-chat/np-acs-library/node_modules/react-dom/cjs/react-dom.development.js:22877:5)
    at captureCommitPhaseError (/Users/thaoanhhaa1/Documents/IT/NP/WEB/acs-chat/np-acs-library/node_modules/react-dom/cjs/react-dom.development.js:27165:5) TypeError: joinRoom is not a function
    at /Users/thaoanhhaa1/Documents/IT/NP/WEB/acs-chat/np-acs-library/src/hooks/useRoomMembers.ts:22:7
    at commitHookEffectListMount (/Users/thaoanhhaa1/Documents/IT/NP/WEB/acs-chat/np-acs-library/node_modules/react-dom/cjs/react-dom.development.js:23189:26)
    at commitPassiveMountOnFiber (/Users/thaoanhhaa1/Documents/IT/NP/WEB/acs-chat/np-acs-library/node_modules/react-dom/cjs/react-dom.development.js:24970:11)
    at commitPassiveMountEffects_complete (/Users/thaoanhhaa1/Documents/IT/NP/WEB/acs-chat/np-acs-library/node_modules/react-dom/cjs/react-dom.development.js:24930:9)
    at commitPassiveMountEffects_begin (/Users/thaoanhhaa1/Documents/IT/NP/WEB/acs-chat/np-acs-library/node_modules/react-dom/cjs/react-dom.development.js:24917:7)
    at commitPassiveMountEffects (/Users/thaoanhhaa1/Documents/IT/NP/WEB/acs-chat/np-acs-library/node_modules/react-dom/cjs/react-dom.development.js:24905:3)
    at flushPassiveEffectsImpl (/Users/thaoanhhaa1/Documents/IT/NP/WEB/acs-chat/np-acs-library/node_modules/react-dom/cjs/react-dom.development.js:27078:3)
    at flushPassiveEffects (/Users/thaoanhhaa1/Documents/IT/NP/WEB/acs-chat/np-acs-library/node_modules/react-dom/cjs/react-dom.development.js:27023:14)
    at /Users/thaoanhhaa1/Documents/IT/NP/WEB/acs-chat/np-acs-library/node_modules/react-dom/cjs/react-dom.development.js:26808:9
    at flushActQueue (/Users/thaoanhhaa1/Documents/IT/NP/WEB/acs-chat/np-acs-library/node_modules/react/cjs/react.development.js:2667:24)
The above error occurred in one of your React components:

    at /Users/thaoanhhaa1/Documents/IT/NP/WEB/acs-chat/np-acs-library/src/components/Conversation/index.tsx:32:6

Consider adding an error boundary to your tree to customize error handling behavior.
Visit https://reactjs.org/link/error-boundaries to learn more about error boundaries.

stderr | src/components/Conversation/__tests__/Conversation.test.tsx > ConversationView Component > should render MessageList and MessageInput
Error: Uncaught [TypeError: Cannot read properties of undefined (reading 'charAt')]
    at reportException (/Users/thaoanhhaa1/Documents/IT/NP/WEB/acs-chat/np-acs-library/node_modules/jsdom/lib/jsdom/living/helpers/runtime-script-errors.js:66:24)
    at innerInvokeEventListeners (/Users/thaoanhhaa1/Documents/IT/NP/WEB/acs-chat/np-acs-library/node_modules/jsdom/lib/jsdom/living/events/EventTarget-impl.js:353:9)
    at invokeEventListeners (/Users/thaoanhhaa1/Documents/IT/NP/WEB/acs-chat/np-acs-library/node_modules/jsdom/lib/jsdom/living/events/EventTarget-impl.js:286:3)
    at HTMLUnknownElementImpl._dispatch (/Users/thaoanhhaa1/Documents/IT/NP/WEB/acs-chat/np-acs-library/node_modules/jsdom/lib/jsdom/living/events/EventTarget-impl.js:233:9)
    at HTMLUnknownElementImpl.dispatchEvent (/Users/thaoanhhaa1/Documents/IT/NP/WEB/acs-chat/np-acs-library/node_modules/jsdom/lib/jsdom/living/events/EventTarget-impl.js:104:17)
    at HTMLUnknownElement.dispatchEvent (/Users/thaoanhhaa1/Documents/IT/NP/WEB/acs-chat/np-acs-library/node_modules/jsdom/lib/jsdom/living/generated/EventTarget.js:241:34)
    at Object.invokeGuardedCallbackDev (/Users/thaoanhhaa1/Documents/IT/NP/WEB/acs-chat/np-acs-library/node_modules/react-dom/cjs/react-dom.development.js:4213:16)
    at invokeGuardedCallback (/Users/thaoanhhaa1/Documents/IT/NP/WEB/acs-chat/np-acs-library/node_modules/react-dom/cjs/react-dom.development.js:4277:31)
    at beginWork$1 (/Users/thaoanhhaa1/Documents/IT/NP/WEB/acs-chat/np-acs-library/node_modules/react-dom/cjs/react-dom.development.js:27490:7)
    at performUnitOfWork (/Users/thaoanhhaa1/Documents/IT/NP/WEB/acs-chat/np-acs-library/node_modules/react-dom/cjs/react-dom.development.js:26599:12) TypeError: Cannot read properties of undefined (reading 'charAt')
    at /Users/thaoanhhaa1/Documents/IT/NP/WEB/acs-chat/np-acs-library/src/components/Avatar/index.tsx:16:54
    at renderWithHooks (/Users/thaoanhhaa1/Documents/IT/NP/WEB/acs-chat/np-acs-library/node_modules/react-dom/cjs/react-dom.development.js:15486:18)
    at updateFunctionComponent (/Users/thaoanhhaa1/Documents/IT/NP/WEB/acs-chat/np-acs-library/node_modules/react-dom/cjs/react-dom.development.js:19617:20)
    at updateSimpleMemoComponent (/Users/thaoanhhaa1/Documents/IT/NP/WEB/acs-chat/np-acs-library/node_modules/react-dom/cjs/react-dom.development.js:19454:10)
    at updateMemoComponent (/Users/thaoanhhaa1/Documents/IT/NP/WEB/acs-chat/np-acs-library/node_modules/react-dom/cjs/react-dom.development.js:19303:14)
    at beginWork (/Users/thaoanhhaa1/Documents/IT/NP/WEB/acs-chat/np-acs-library/node_modules/react-dom/cjs/react-dom.development.js:21712:16)
    at HTMLUnknownElement.callCallback (/Users/thaoanhhaa1/Documents/IT/NP/WEB/acs-chat/np-acs-library/node_modules/react-dom/cjs/react-dom.development.js:4164:14)
    at HTMLUnknownElement.callTheUserObjectsOperation (/Users/thaoanhhaa1/Documents/IT/NP/WEB/acs-chat/np-acs-library/node_modules/jsdom/lib/jsdom/living/generated/EventListener.js:26:30)
    at innerInvokeEventListeners (/Users/thaoanhhaa1/Documents/IT/NP/WEB/acs-chat/np-acs-library/node_modules/jsdom/lib/jsdom/living/events/EventTarget-impl.js:350:25)
    at invokeEventListeners (/Users/thaoanhhaa1/Documents/IT/NP/WEB/acs-chat/np-acs-library/node_modules/jsdom/lib/jsdom/living/events/EventTarget-impl.js:286:3)
Error: Uncaught [TypeError: Cannot read properties of undefined (reading 'charAt')]
    at reportException (/Users/thaoanhhaa1/Documents/IT/NP/WEB/acs-chat/np-acs-library/node_modules/jsdom/lib/jsdom/living/helpers/runtime-script-errors.js:66:24)
    at innerInvokeEventListeners (/Users/thaoanhhaa1/Documents/IT/NP/WEB/acs-chat/np-acs-library/node_modules/jsdom/lib/jsdom/living/events/EventTarget-impl.js:353:9)
    at invokeEventListeners (/Users/thaoanhhaa1/Documents/IT/NP/WEB/acs-chat/np-acs-library/node_modules/jsdom/lib/jsdom/living/events/EventTarget-impl.js:286:3)
    at HTMLUnknownElementImpl._dispatch (/Users/thaoanhhaa1/Documents/IT/NP/WEB/acs-chat/np-acs-library/node_modules/jsdom/lib/jsdom/living/events/EventTarget-impl.js:233:9)
    at HTMLUnknownElementImpl.dispatchEvent (/Users/thaoanhhaa1/Documents/IT/NP/WEB/acs-chat/np-acs-library/node_modules/jsdom/lib/jsdom/living/events/EventTarget-impl.js:104:17)
    at HTMLUnknownElement.dispatchEvent (/Users/thaoanhhaa1/Documents/IT/NP/WEB/acs-chat/np-acs-library/node_modules/jsdom/lib/jsdom/living/generated/EventTarget.js:241:34)
    at Object.invokeGuardedCallbackDev (/Users/thaoanhhaa1/Documents/IT/NP/WEB/acs-chat/np-acs-library/node_modules/react-dom/cjs/react-dom.development.js:4213:16)
    at invokeGuardedCallback (/Users/thaoanhhaa1/Documents/IT/NP/WEB/acs-chat/np-acs-library/node_modules/react-dom/cjs/react-dom.development.js:4277:31)
    at beginWork$1 (/Users/thaoanhhaa1/Documents/IT/NP/WEB/acs-chat/np-acs-library/node_modules/react-dom/cjs/react-dom.development.js:27490:7)
    at performUnitOfWork (/Users/thaoanhhaa1/Documents/IT/NP/WEB/acs-chat/np-acs-library/node_modules/react-dom/cjs/react-dom.development.js:26599:12) TypeError: Cannot read properties of undefined (reading 'charAt')
    at /Users/thaoanhhaa1/Documents/IT/NP/WEB/acs-chat/np-acs-library/src/components/Avatar/index.tsx:16:54
    at renderWithHooks (/Users/thaoanhhaa1/Documents/IT/NP/WEB/acs-chat/np-acs-library/node_modules/react-dom/cjs/react-dom.development.js:15486:18)
    at updateFunctionComponent (/Users/thaoanhhaa1/Documents/IT/NP/WEB/acs-chat/np-acs-library/node_modules/react-dom/cjs/react-dom.development.js:19617:20)
    at updateSimpleMemoComponent (/Users/thaoanhhaa1/Documents/IT/NP/WEB/acs-chat/np-acs-library/node_modules/react-dom/cjs/react-dom.development.js:19454:10)
    at updateMemoComponent (/Users/thaoanhhaa1/Documents/IT/NP/WEB/acs-chat/np-acs-library/node_modules/react-dom/cjs/react-dom.development.js:19303:14)
    at beginWork (/Users/thaoanhhaa1/Documents/IT/NP/WEB/acs-chat/np-acs-library/node_modules/react-dom/cjs/react-dom.development.js:21712:16)
    at HTMLUnknownElement.callCallback (/Users/thaoanhhaa1/Documents/IT/NP/WEB/acs-chat/np-acs-library/node_modules/react-dom/cjs/react-dom.development.js:4164:14)
    at HTMLUnknownElement.callTheUserObjectsOperation (/Users/thaoanhhaa1/Documents/IT/NP/WEB/acs-chat/np-acs-library/node_modules/jsdom/lib/jsdom/living/generated/EventListener.js:26:30)
    at innerInvokeEventListeners (/Users/thaoanhhaa1/Documents/IT/NP/WEB/acs-chat/np-acs-library/node_modules/jsdom/lib/jsdom/living/events/EventTarget-impl.js:350:25)
    at invokeEventListeners (/Users/thaoanhhaa1/Documents/IT/NP/WEB/acs-chat/np-acs-library/node_modules/jsdom/lib/jsdom/living/events/EventTarget-impl.js:286:3)
The above error occurred in one of your React components:

    at /Users/thaoanhhaa1/Documents/IT/NP/WEB/acs-chat/np-acs-library/src/components/Avatar/index.tsx:7:54
    at div
    at div
    at /Users/thaoanhhaa1/Documents/IT/NP/WEB/acs-chat/np-acs-library/src/components/ConversationHeader/index.tsx:12:6
    at div
    at /Users/thaoanhhaa1/Documents/IT/NP/WEB/acs-chat/np-acs-library/src/components/Conversation/index.tsx:32:6

Consider adding an error boundary to your tree to customize error handling behavior.
Visit https://reactjs.org/link/error-boundaries to learn more about error boundaries.

stderr | src/components/Conversation/__tests__/Conversation.test.tsx > ConversationView Component > should call sendMessage when MessageInput triggers onSend
Error: Uncaught [TypeError: Cannot read properties of undefined (reading 'charAt')]
    at reportException (/Users/thaoanhhaa1/Documents/IT/NP/WEB/acs-chat/np-acs-library/node_modules/jsdom/lib/jsdom/living/helpers/runtime-script-errors.js:66:24)
    at innerInvokeEventListeners (/Users/thaoanhhaa1/Documents/IT/NP/WEB/acs-chat/np-acs-library/node_modules/jsdom/lib/jsdom/living/events/EventTarget-impl.js:353:9)
    at invokeEventListeners (/Users/thaoanhhaa1/Documents/IT/NP/WEB/acs-chat/np-acs-library/node_modules/jsdom/lib/jsdom/living/events/EventTarget-impl.js:286:3)
    at HTMLUnknownElementImpl._dispatch (/Users/thaoanhhaa1/Documents/IT/NP/WEB/acs-chat/np-acs-library/node_modules/jsdom/lib/jsdom/living/events/EventTarget-impl.js:233:9)
    at HTMLUnknownElementImpl.dispatchEvent (/Users/thaoanhhaa1/Documents/IT/NP/WEB/acs-chat/np-acs-library/node_modules/jsdom/lib/jsdom/living/events/EventTarget-impl.js:104:17)
    at HTMLUnknownElement.dispatchEvent (/Users/thaoanhhaa1/Documents/IT/NP/WEB/acs-chat/np-acs-library/node_modules/jsdom/lib/jsdom/living/generated/EventTarget.js:241:34)
    at Object.invokeGuardedCallbackDev (/Users/thaoanhhaa1/Documents/IT/NP/WEB/acs-chat/np-acs-library/node_modules/react-dom/cjs/react-dom.development.js:4213:16)
    at invokeGuardedCallback (/Users/thaoanhhaa1/Documents/IT/NP/WEB/acs-chat/np-acs-library/node_modules/react-dom/cjs/react-dom.development.js:4277:31)
    at beginWork$1 (/Users/thaoanhhaa1/Documents/IT/NP/WEB/acs-chat/np-acs-library/node_modules/react-dom/cjs/react-dom.development.js:27490:7)
    at performUnitOfWork (/Users/thaoanhhaa1/Documents/IT/NP/WEB/acs-chat/np-acs-library/node_modules/react-dom/cjs/react-dom.development.js:26599:12) TypeError: Cannot read properties of undefined (reading 'charAt')
    at /Users/thaoanhhaa1/Documents/IT/NP/WEB/acs-chat/np-acs-library/src/components/Avatar/index.tsx:16:54
    at renderWithHooks (/Users/thaoanhhaa1/Documents/IT/NP/WEB/acs-chat/np-acs-library/node_modules/react-dom/cjs/react-dom.development.js:15486:18)
    at updateFunctionComponent (/Users/thaoanhhaa1/Documents/IT/NP/WEB/acs-chat/np-acs-library/node_modules/react-dom/cjs/react-dom.development.js:19617:20)
    at updateSimpleMemoComponent (/Users/thaoanhhaa1/Documents/IT/NP/WEB/acs-chat/np-acs-library/node_modules/react-dom/cjs/react-dom.development.js:19454:10)
    at updateMemoComponent (/Users/thaoanhhaa1/Documents/IT/NP/WEB/acs-chat/np-acs-library/node_modules/react-dom/cjs/react-dom.development.js:19303:14)
    at beginWork (/Users/thaoanhhaa1/Documents/IT/NP/WEB/acs-chat/np-acs-library/node_modules/react-dom/cjs/react-dom.development.js:21712:16)
    at HTMLUnknownElement.callCallback (/Users/thaoanhhaa1/Documents/IT/NP/WEB/acs-chat/np-acs-library/node_modules/react-dom/cjs/react-dom.development.js:4164:14)
    at HTMLUnknownElement.callTheUserObjectsOperation (/Users/thaoanhhaa1/Documents/IT/NP/WEB/acs-chat/np-acs-library/node_modules/jsdom/lib/jsdom/living/generated/EventListener.js:26:30)
    at innerInvokeEventListeners (/Users/thaoanhhaa1/Documents/IT/NP/WEB/acs-chat/np-acs-library/node_modules/jsdom/lib/jsdom/living/events/EventTarget-impl.js:350:25)
    at invokeEventListeners (/Users/thaoanhhaa1/Documents/IT/NP/WEB/acs-chat/np-acs-library/node_modules/jsdom/lib/jsdom/living/events/EventTarget-impl.js:286:3)
Error: Uncaught [TypeError: Cannot read properties of undefined (reading 'charAt')]
    at reportException (/Users/thaoanhhaa1/Documents/IT/NP/WEB/acs-chat/np-acs-library/node_modules/jsdom/lib/jsdom/living/helpers/runtime-script-errors.js:66:24)
    at innerInvokeEventListeners (/Users/thaoanhhaa1/Documents/IT/NP/WEB/acs-chat/np-acs-library/node_modules/jsdom/lib/jsdom/living/events/EventTarget-impl.js:353:9)
    at invokeEventListeners (/Users/thaoanhhaa1/Documents/IT/NP/WEB/acs-chat/np-acs-library/node_modules/jsdom/lib/jsdom/living/events/EventTarget-impl.js:286:3)
    at HTMLUnknownElementImpl._dispatch (/Users/thaoanhhaa1/Documents/IT/NP/WEB/acs-chat/np-acs-library/node_modules/jsdom/lib/jsdom/living/events/EventTarget-impl.js:233:9)
    at HTMLUnknownElementImpl.dispatchEvent (/Users/thaoanhhaa1/Documents/IT/NP/WEB/acs-chat/np-acs-library/node_modules/jsdom/lib/jsdom/living/events/EventTarget-impl.js:104:17)
    at HTMLUnknownElement.dispatchEvent (/Users/thaoanhhaa1/Documents/IT/NP/WEB/acs-chat/np-acs-library/node_modules/jsdom/lib/jsdom/living/generated/EventTarget.js:241:34)
    at Object.invokeGuardedCallbackDev (/Users/thaoanhhaa1/Documents/IT/NP/WEB/acs-chat/np-acs-library/node_modules/react-dom/cjs/react-dom.development.js:4213:16)
    at invokeGuardedCallback (/Users/thaoanhhaa1/Documents/IT/NP/WEB/acs-chat/np-acs-library/node_modules/react-dom/cjs/react-dom.development.js:4277:31)
    at beginWork$1 (/Users/thaoanhhaa1/Documents/IT/NP/WEB/acs-chat/np-acs-library/node_modules/react-dom/cjs/react-dom.development.js:27490:7)
    at performUnitOfWork (/Users/thaoanhhaa1/Documents/IT/NP/WEB/acs-chat/np-acs-library/node_modules/react-dom/cjs/react-dom.development.js:26599:12) TypeError: Cannot read properties of undefined (reading 'charAt')
    at /Users/thaoanhhaa1/Documents/IT/NP/WEB/acs-chat/np-acs-library/src/components/Avatar/index.tsx:16:54
    at renderWithHooks (/Users/thaoanhhaa1/Documents/IT/NP/WEB/acs-chat/np-acs-library/node_modules/react-dom/cjs/react-dom.development.js:15486:18)
    at updateFunctionComponent (/Users/thaoanhhaa1/Documents/IT/NP/WEB/acs-chat/np-acs-library/node_modules/react-dom/cjs/react-dom.development.js:19617:20)
    at updateSimpleMemoComponent (/Users/thaoanhhaa1/Documents/IT/NP/WEB/acs-chat/np-acs-library/node_modules/react-dom/cjs/react-dom.development.js:19454:10)
    at updateMemoComponent (/Users/thaoanhhaa1/Documents/IT/NP/WEB/acs-chat/np-acs-library/node_modules/react-dom/cjs/react-dom.development.js:19303:14)
    at beginWork (/Users/thaoanhhaa1/Documents/IT/NP/WEB/acs-chat/np-acs-library/node_modules/react-dom/cjs/react-dom.development.js:21712:16)
    at HTMLUnknownElement.callCallback (/Users/thaoanhhaa1/Documents/IT/NP/WEB/acs-chat/np-acs-library/node_modules/react-dom/cjs/react-dom.development.js:4164:14)
    at HTMLUnknownElement.callTheUserObjectsOperation (/Users/thaoanhhaa1/Documents/IT/NP/WEB/acs-chat/np-acs-library/node_modules/jsdom/lib/jsdom/living/generated/EventListener.js:26:30)
    at innerInvokeEventListeners (/Users/thaoanhhaa1/Documents/IT/NP/WEB/acs-chat/np-acs-library/node_modules/jsdom/lib/jsdom/living/events/EventTarget-impl.js:350:25)
    at invokeEventListeners (/Users/thaoanhhaa1/Documents/IT/NP/WEB/acs-chat/np-acs-library/node_modules/jsdom/lib/jsdom/living/events/EventTarget-impl.js:286:3)
The above error occurred in one of your React components:

    at /Users/thaoanhhaa1/Documents/IT/NP/WEB/acs-chat/np-acs-library/src/components/Avatar/index.tsx:7:54
    at div
    at div
    at /Users/thaoanhhaa1/Documents/IT/NP/WEB/acs-chat/np-acs-library/src/components/ConversationHeader/index.tsx:12:6
    at div
    at /Users/thaoanhhaa1/Documents/IT/NP/WEB/acs-chat/np-acs-library/src/components/Conversation/index.tsx:32:6

Consider adding an error boundary to your tree to customize error handling behavior.
Visit https://reactjs.org/link/error-boundaries to learn more about error boundaries.

stderr | src/components/Conversation/__tests__/Conversation.test.tsx > ConversationView Component > should pass loading state to disable MessageInput
Error: Uncaught [TypeError: Cannot read properties of undefined (reading 'charAt')]
    at reportException (/Users/thaoanhhaa1/Documents/IT/NP/WEB/acs-chat/np-acs-library/node_modules/jsdom/lib/jsdom/living/helpers/runtime-script-errors.js:66:24)
    at innerInvokeEventListeners (/Users/thaoanhhaa1/Documents/IT/NP/WEB/acs-chat/np-acs-library/node_modules/jsdom/lib/jsdom/living/events/EventTarget-impl.js:353:9)
    at invokeEventListeners (/Users/thaoanhhaa1/Documents/IT/NP/WEB/acs-chat/np-acs-library/node_modules/jsdom/lib/jsdom/living/events/EventTarget-impl.js:286:3)
    at HTMLUnknownElementImpl._dispatch (/Users/thaoanhhaa1/Documents/IT/NP/WEB/acs-chat/np-acs-library/node_modules/jsdom/lib/jsdom/living/events/EventTarget-impl.js:233:9)
    at HTMLUnknownElementImpl.dispatchEvent (/Users/thaoanhhaa1/Documents/IT/NP/WEB/acs-chat/np-acs-library/node_modules/jsdom/lib/jsdom/living/events/EventTarget-impl.js:104:17)
    at HTMLUnknownElement.dispatchEvent (/Users/thaoanhhaa1/Documents/IT/NP/WEB/acs-chat/np-acs-library/node_modules/jsdom/lib/jsdom/living/generated/EventTarget.js:241:34)
    at Object.invokeGuardedCallbackDev (/Users/thaoanhhaa1/Documents/IT/NP/WEB/acs-chat/np-acs-library/node_modules/react-dom/cjs/react-dom.development.js:4213:16)
    at invokeGuardedCallback (/Users/thaoanhhaa1/Documents/IT/NP/WEB/acs-chat/np-acs-library/node_modules/react-dom/cjs/react-dom.development.js:4277:31)
    at beginWork$1 (/Users/thaoanhhaa1/Documents/IT/NP/WEB/acs-chat/np-acs-library/node_modules/react-dom/cjs/react-dom.development.js:27490:7)
    at performUnitOfWork (/Users/thaoanhhaa1/Documents/IT/NP/WEB/acs-chat/np-acs-library/node_modules/react-dom/cjs/react-dom.development.js:26599:12) TypeError: Cannot read properties of undefined (reading 'charAt')
    at /Users/thaoanhhaa1/Documents/IT/NP/WEB/acs-chat/np-acs-library/src/components/Avatar/index.tsx:16:54
    at renderWithHooks (/Users/thaoanhhaa1/Documents/IT/NP/WEB/acs-chat/np-acs-library/node_modules/react-dom/cjs/react-dom.development.js:15486:18)
    at updateFunctionComponent (/Users/thaoanhhaa1/Documents/IT/NP/WEB/acs-chat/np-acs-library/node_modules/react-dom/cjs/react-dom.development.js:19617:20)
    at updateSimpleMemoComponent (/Users/thaoanhhaa1/Documents/IT/NP/WEB/acs-chat/np-acs-library/node_modules/react-dom/cjs/react-dom.development.js:19454:10)
    at updateMemoComponent (/Users/thaoanhhaa1/Documents/IT/NP/WEB/acs-chat/np-acs-library/node_modules/react-dom/cjs/react-dom.development.js:19303:14)
    at beginWork (/Users/thaoanhhaa1/Documents/IT/NP/WEB/acs-chat/np-acs-library/node_modules/react-dom/cjs/react-dom.development.js:21712:16)
    at HTMLUnknownElement.callCallback (/Users/thaoanhhaa1/Documents/IT/NP/WEB/acs-chat/np-acs-library/node_modules/react-dom/cjs/react-dom.development.js:4164:14)
    at HTMLUnknownElement.callTheUserObjectsOperation (/Users/thaoanhhaa1/Documents/IT/NP/WEB/acs-chat/np-acs-library/node_modules/jsdom/lib/jsdom/living/generated/EventListener.js:26:30)
    at innerInvokeEventListeners (/Users/thaoanhhaa1/Documents/IT/NP/WEB/acs-chat/np-acs-library/node_modules/jsdom/lib/jsdom/living/events/EventTarget-impl.js:350:25)
    at invokeEventListeners (/Users/thaoanhhaa1/Documents/IT/NP/WEB/acs-chat/np-acs-library/node_modules/jsdom/lib/jsdom/living/events/EventTarget-impl.js:286:3)
Error: Uncaught [TypeError: Cannot read properties of undefined (reading 'charAt')]
    at reportException (/Users/thaoanhhaa1/Documents/IT/NP/WEB/acs-chat/np-acs-library/node_modules/jsdom/lib/jsdom/living/helpers/runtime-script-errors.js:66:24)
    at innerInvokeEventListeners (/Users/thaoanhhaa1/Documents/IT/NP/WEB/acs-chat/np-acs-library/node_modules/jsdom/lib/jsdom/living/events/EventTarget-impl.js:353:9)
    at invokeEventListeners (/Users/thaoanhhaa1/Documents/IT/NP/WEB/acs-chat/np-acs-library/node_modules/jsdom/lib/jsdom/living/events/EventTarget-impl.js:286:3)
    at HTMLUnknownElementImpl._dispatch (/Users/thaoanhhaa1/Documents/IT/NP/WEB/acs-chat/np-acs-library/node_modules/jsdom/lib/jsdom/living/events/EventTarget-impl.js:233:9)
    at HTMLUnknownElementImpl.dispatchEvent (/Users/thaoanhhaa1/Documents/IT/NP/WEB/acs-chat/np-acs-library/node_modules/jsdom/lib/jsdom/living/events/EventTarget-impl.js:104:17)
    at HTMLUnknownElement.dispatchEvent (/Users/thaoanhhaa1/Documents/IT/NP/WEB/acs-chat/np-acs-library/node_modules/jsdom/lib/jsdom/living/generated/EventTarget.js:241:34)
    at Object.invokeGuardedCallbackDev (/Users/thaoanhhaa1/Documents/IT/NP/WEB/acs-chat/np-acs-library/node_modules/react-dom/cjs/react-dom.development.js:4213:16)
    at invokeGuardedCallback (/Users/thaoanhhaa1/Documents/IT/NP/WEB/acs-chat/np-acs-library/node_modules/react-dom/cjs/react-dom.development.js:4277:31)
    at beginWork$1 (/Users/thaoanhhaa1/Documents/IT/NP/WEB/acs-chat/np-acs-library/node_modules/react-dom/cjs/react-dom.development.js:27490:7)
    at performUnitOfWork (/Users/thaoanhhaa1/Documents/IT/NP/WEB/acs-chat/np-acs-library/node_modules/react-dom/cjs/react-dom.development.js:26599:12) TypeError: Cannot read properties of undefined (reading 'charAt')
    at /Users/thaoanhhaa1/Documents/IT/NP/WEB/acs-chat/np-acs-library/src/components/Avatar/index.tsx:16:54
    at renderWithHooks (/Users/thaoanhhaa1/Documents/IT/NP/WEB/acs-chat/np-acs-library/node_modules/react-dom/cjs/react-dom.development.js:15486:18)
    at updateFunctionComponent (/Users/thaoanhhaa1/Documents/IT/NP/WEB/acs-chat/np-acs-library/node_modules/react-dom/cjs/react-dom.development.js:19617:20)
    at updateSimpleMemoComponent (/Users/thaoanhhaa1/Documents/IT/NP/WEB/acs-chat/np-acs-library/node_modules/react-dom/cjs/react-dom.development.js:19454:10)
    at updateMemoComponent (/Users/thaoanhhaa1/Documents/IT/NP/WEB/acs-chat/np-acs-library/node_modules/react-dom/cjs/react-dom.development.js:19303:14)
    at beginWork (/Users/thaoanhhaa1/Documents/IT/NP/WEB/acs-chat/np-acs-library/node_modules/react-dom/cjs/react-dom.development.js:21712:16)
    at HTMLUnknownElement.callCallback (/Users/thaoanhhaa1/Documents/IT/NP/WEB/acs-chat/np-acs-library/node_modules/react-dom/cjs/react-dom.development.js:4164:14)
    at HTMLUnknownElement.callTheUserObjectsOperation (/Users/thaoanhhaa1/Documents/IT/NP/WEB/acs-chat/np-acs-library/node_modules/jsdom/lib/jsdom/living/generated/EventListener.js:26:30)
    at innerInvokeEventListeners (/Users/thaoanhhaa1/Documents/IT/NP/WEB/acs-chat/np-acs-library/node_modules/jsdom/lib/jsdom/living/events/EventTarget-impl.js:350:25)
    at invokeEventListeners (/Users/thaoanhhaa1/Documents/IT/NP/WEB/acs-chat/np-acs-library/node_modules/jsdom/lib/jsdom/living/events/EventTarget-impl.js:286:3)
The above error occurred in one of your React components:

    at /Users/thaoanhhaa1/Documents/IT/NP/WEB/acs-chat/np-acs-library/src/components/Avatar/index.tsx:7:54
    at div
    at div
    at /Users/thaoanhhaa1/Documents/IT/NP/WEB/acs-chat/np-acs-library/src/components/ConversationHeader/index.tsx:12:6
    at div
    at /Users/thaoanhhaa1/Documents/IT/NP/WEB/acs-chat/np-acs-library/src/components/Conversation/index.tsx:32:6

Consider adding an error boundary to your tree to customize error handling behavior.
Visit https://reactjs.org/link/error-boundaries to learn more about error boundaries.

 ❯ src/__tests__/integration/headless.test.tsx  (0 test)
 ✓ src/__tests__/utils/date.test.ts  (8 tests) 5ms
DEPRECATION WARNING [legacy-js-api]: The legacy JS API is deprecated and will be removed in Dart Sass 2.0.0.

More info: https://sass-lang.com/d/legacy-js-api

 ❯ src/components/__tests__/ChatProvider.test.tsx  (0 test)
DEPRECATION WARNING [legacy-js-api]: The legacy JS API is deprecated and will be removed in Dart Sass 2.0.0.

More info: https://sass-lang.com/d/legacy-js-api

 ✓ src/components/ConnectionStatus/__tests__/ConnectionStatus.test.tsx  (8 tests) 88ms
 ✓ src/components/TypingIndicator/__tests__/TypingIndicator.test.tsx  (6 tests) 31ms
 ❯ src/components/ParticipantList/__tests__/ParticipantItem.test.tsx  (6 tests | 3 failed) 99ms
   ❯ src/components/ParticipantList/__tests__/ParticipantItem.test.tsx > ParticipantItem Component > should render "You" badge if isCurrentUser is true
     → Unable to find an element with the text: You. This could be because the text is broken up by multiple elements. In this case, you can provide a function for your text matcher to make your matcher more flexible.

Ignored nodes: comments, script, style
[36m<body>[39m
  [36m<div>[39m
    [36m<div[39m
      [33mclass[39m=[32m"_participantItem_690826"[39m
    [36m>[39m
      [36m<div[39m
        [33mclass[39m=[32m"_participantInfo_690826"[39m
      [36m>[39m
        [36m<div[39m
          [33mclass[39m=[32m"_avatarWrapper_690826"[39m
        [36m>[39m
          [36m<div[39m
            [33mclass[39m=[32m"_avatarWrapper_7d5c5e _avatar_690826"[39m
          [36m>[39m
            [36m<div[39m
              [33mclass[39m=[32m"_avatarFallback_7d5c5e"[39m
            [36m>[39m
              [0mC[0m
            [36m</div>[39m
          [36m</div>[39m
          [36m<div[39m
            [33mclass[39m=[32m"_roleIconWrapper_690826"[39m
          [36m>[39m
            [36m<svg[39m
              [33mfill[39m=[32m"currentColor"[39m
              [33mheight[39m=[32m"12"[39m
              [33mviewBox[39m=[32m"0 0 24 24"[39m
              [33mwidth[39m=[32m"12"[39m
            [36m>[39m
              [36m<path[39m
                [33md[39m=[32m"M12.65 10C11.83 7.67 9.61 6 7 6c-3.31 0-6 2.69-6 6s2.69 6 6 6c2.61 0 4.83-1.67 5.65-4H17v4h4v-4h2v-4H12.65zM7 14c-1.1 0-2-.9-2-2s.9-2 2-2 2 .9 2 2-.9 2-2 2z"[39m
              [36m/>[39m
            [36m</svg>[39m
          [36m</div>[39m
        [36m</div>[39m
        [36m<div[39m
          [33mclass[39m=[32m"_details_690826"[39m
        [36m>[39m
          [36m<span[39m
            [33mclass[39m=[32m"_name_690826"[39m
          [36m>[39m
            [0mchat.you[0m
          [36m</span>[39m
          [36m<span[39m
            [33mclass[39m=[32m"_role_690826"[39m
          [36m>[39m
            [0madmin[0m
          [36m</span>[39m
        [36m</div>[39m
      [36m</div>[39m
    [36m</div>[39m
  [36m</div>[39m
[36m</body>[39m
   ❯ src/components/ParticipantList/__tests__/ParticipantItem.test.tsx > ParticipantItem Component > should render remove button and handle click if onRemove is provided and not current user
     → Unable to find an element with the text: Remove from group. This could be because the text is broken up by multiple elements. In this case, you can provide a function for your text matcher to make your matcher more flexible.

Ignored nodes: comments, script, style
[36m<body>[39m
  [36m<div>[39m
    [36m<div[39m
      [33mclass[39m=[32m"_participantItem_690826"[39m
    [36m>[39m
      [36m<div[39m
        [33mclass[39m=[32m"_participantInfo_690826"[39m
      [36m>[39m
        [36m<div[39m
          [33mclass[39m=[32m"_avatarWrapper_690826"[39m
        [36m>[39m
          [36m<div[39m
            [33mclass[39m=[32m"_avatarWrapper_7d5c5e _avatar_690826"[39m
          [36m>[39m
            [36m<div[39m
              [33mclass[39m=[32m"_avatarFallback_7d5c5e"[39m
            [36m>[39m
              [0mA[0m
            [36m</div>[39m
          [36m</div>[39m
          [36m<div[39m
            [33mclass[39m=[32m"_roleIconWrapper_690826"[39m
          [36m>[39m
            [36m<svg[39m
              [33mfill[39m=[32m"currentColor"[39m
              [33mheight[39m=[32m"12"[39m
              [33mviewBox[39m=[32m"0 0 24 24"[39m
              [33mwidth[39m=[32m"12"[39m
            [36m>[39m
              [36m<path[39m
                [33md[39m=[32m"M12.65 10C11.83 7.67 9.61 6 7 6c-3.31 0-6 2.69-6 6s2.69 6 6 6c2.61 0 4.83-1.67 5.65-4H17v4h4v-4h2v-4H12.65zM7 14c-1.1 0-2-.9-2-2s.9-2 2-2 2 .9 2 2-.9 2-2 2z"[39m
              [36m/>[39m
            [36m</svg>[39m
          [36m</div>[39m
        [36m</div>[39m
        [36m<div[39m
          [33mclass[39m=[32m"_details_690826"[39m
        [36m>[39m
          [36m<span[39m
            [33mclass[39m=[32m"_name_690826"[39m
          [36m>[39m
            [0mAlice[0m
          [36m</span>[39m
          [36m<span[39m
            [33mclass[39m=[32m"_role_690826"[39m
          [36m>[39m
            [0madmin[0m
          [36m</span>[39m
        [36m</div>[39m
      [36m</div>[39m
      [36m<div[39m
        [33mclass[39m=[32m"_actions_690826"[39m
      [36m>[39m
        [36m<button[39m
          [33mclass[39m=[32m"_moreListBtn_690826"[39m
        [36m>[39m
          [36m<svg[39m
            [33mfill[39m=[32m"none"[39m
            [33mheight[39m=[32m"20"[39m
            [33mstroke[39m=[32m"currentColor"[39m
            [33mstroke-linecap[39m=[32m"round"[39m
            [33mstroke-linejoin[39m=[32m"round"[39m
            [33mstroke-width[39m=[32m"2"[39m
            [33mviewBox[39m=[32m"0 0 24 24"[39m
            [33mwidth[39m=[32m"20"[39m
          [36m>[39m
            [36m<circle[39m
              [33mcx[39m=[32m"12"[39m
              [33mcy[39m=[32m"12"[39m
              [33mr[39m=[32m"1"[39m
            [36m/>[39m
            [36m<circle[39m
              [33mcx[39m=[32m"19"[39m
              [33mcy[39m=[32m"12"[39m
              [33mr[39m=[32m"1"[39m
            [36m/>[39m
            [36m<circle[39m
              [33mcx[39m=[32m"5"[39m
              [33mcy[39m=[32m"12"[39m
              [33mr[39m=[32m"1"[39m
            [36m/>[39m
          [36m</svg>[39m
        [36m</button>[39m
        [36m<div[39m
          [33mclass[39m=[32m"_dropdown_690826"[39m
        [36m>[39m
          [36m<button[39m
            [33mclass[39m=[32m"_dropdownItem_690826"[39m
          [36m>[39m
            [0mchat.removeFromGroup[0m
          [36m</button>[39m
        [36m</div>[39m
      [36m</div>[39m
    [36m</div>[39m
  [36m</div>[39m
[36m</body>[39m
   ❯ src/components/ParticipantList/__tests__/ParticipantItem.test.tsx > ParticipantItem Component > should render leave button if onRemove is provided and is current user
     → Unable to find an element with the text: Leave group. This could be because the text is broken up by multiple elements. In this case, you can provide a function for your text matcher to make your matcher more flexible.

Ignored nodes: comments, script, style
[36m<body>[39m
  [36m<div>[39m
    [36m<div[39m
      [33mclass[39m=[32m"_participantItem_690826"[39m
    [36m>[39m
      [36m<div[39m
        [33mclass[39m=[32m"_participantInfo_690826"[39m
      [36m>[39m
        [36m<div[39m
          [33mclass[39m=[32m"_avatarWrapper_690826"[39m
        [36m>[39m
          [36m<div[39m
            [33mclass[39m=[32m"_avatarWrapper_7d5c5e _avatar_690826"[39m
          [36m>[39m
            [36m<div[39m
              [33mclass[39m=[32m"_avatarFallback_7d5c5e"[39m
            [36m>[39m
              [0mC[0m
            [36m</div>[39m
          [36m</div>[39m
          [36m<div[39m
            [33mclass[39m=[32m"_roleIconWrapper_690826"[39m
          [36m>[39m
            [36m<svg[39m
              [33mfill[39m=[32m"currentColor"[39m
              [33mheight[39m=[32m"12"[39m
              [33mviewBox[39m=[32m"0 0 24 24"[39m
              [33mwidth[39m=[32m"12"[39m
            [36m>[39m
              [36m<path[39m
                [33md[39m=[32m"M12.65 10C11.83 7.67 9.61 6 7 6c-3.31 0-6 2.69-6 6s2.69 6 6 6c2.61 0 4.83-1.67 5.65-4H17v4h4v-4h2v-4H12.65zM7 14c-1.1 0-2-.9-2-2s.9-2 2-2 2 .9 2 2-.9 2-2 2z"[39m
              [36m/>[39m
            [36m</svg>[39m
          [36m</div>[39m
        [36m</div>[39m
        [36m<div[39m
          [33mclass[39m=[32m"_details_690826"[39m
        [36m>[39m
          [36m<span[39m
            [33mclass[39m=[32m"_name_690826"[39m
          [36m>[39m
            [0mchat.you[0m
          [36m</span>[39m
          [36m<span[39m
            [33mclass[39m=[32m"_role_690826"[39m
          [36m>[39m
            [0madmin[0m
          [36m</span>[39m
        [36m</div>[39m
      [36m</div>[39m
      [36m<div[39m
        [33mclass[39m=[32m"_actions_690826"[39m
      [36m>[39m
        [36m<button[39m
          [33mclass[39m=[32m"_moreListBtn_690826"[39m
        [36m>[39m
          [36m<svg[39m
            [33mfill[39m=[32m"none"[39m
            [33mheight[39m=[32m"20"[39m
            [33mstroke[39m=[32m"currentColor"[39m
            [33mstroke-linecap[39m=[32m"round"[39m
            [33mstroke-linejoin[39m=[32m"round"[39m
            [33mstroke-width[39m=[32m"2"[39m
            [33mviewBox[39m=[32m"0 0 24 24"[39m
            [33mwidth[39m=[32m"20"[39m
          [36m>[39m
            [36m<circle[39m
              [33mcx[39m=[32m"12"[39m
              [33mcy[39m=[32m"12"[39m
              [33mr[39m=[32m"1"[39m
            [36m/>[39m
            [36m<circle[39m
              [33mcx[39m=[32m"19"[39m
              [33mcy[39m=[32m"12"[39m
              [33mr[39m=[32m"1"[39m
            [36m/>[39m
            [36m<circle[39m
              [33mcx[39m=[32m"5"[39m
              [33mcy[39m=[32m"12"[39m
              [33mr[39m=[32m"1"[39m
            [36m/>[39m
          [36m</svg>[39m
        [36m</button>[39m
        [36m<div[39m
          [33mclass[39m=[32m"_dropdown_690826"[39m
        [36m>[39m
          [36m<button[39m
            [33mclass[39m=[32m"_dropdownItem_690826"[39m
          [36m>[39m
            [0mchat.leaveGroup[0m
          [36m</button>[39m
        [36m</div>[39m
      [36m</div>[39m
    [36m</div>[39m
  [36m</div>[39m
[36m</body>[39m
DEPRECATION WARNING [legacy-js-api]: The legacy JS API is deprecated and will be removed in Dart Sass 2.0.0.

More info: https://sass-lang.com/d/legacy-js-api

 ✓ src/hooks/__tests__/useConnection.test.ts  (3 tests) 14ms
DEPRECATION WARNING [legacy-js-api]: The legacy JS API is deprecated and will be removed in Dart Sass 2.0.0.

More info: https://sass-lang.com/d/legacy-js-api

 ❯ src/components/ConversationList/__tests__/ConversationItem.test.tsx  (5 tests | 2 failed) 36ms
   ❯ src/components/ConversationList/__tests__/ConversationItem.test.tsx > ConversationItem Component > should render direct conversation correctly
     → Unable to find an element with the text: You: Hello there. This could be because the text is broken up by multiple elements. In this case, you can provide a function for your text matcher to make your matcher more flexible.

Ignored nodes: comments, script, style
[36m<body>[39m
  [36m<div>[39m
    [36m<div[39m
      [33mclass[39m=[32m"_conversationItem_acfa2f "[39m
    [36m>[39m
      [36m<div[39m
        [33mclass[39m=[32m"_avatarWrapper_7d5c5e _avatarContainer_acfa2f"[39m
      [36m>[39m
        [36m<div[39m
          [33mclass[39m=[32m"_avatarFallback_7d5c5e"[39m
        [36m>[39m
          [0mA[0m
        [36m</div>[39m
      [36m</div>[39m
      [36m<div[39m
        [33mclass[39m=[32m"_content_acfa2f"[39m
      [36m>[39m
        [36m<div[39m
          [33mclass[39m=[32m"_header_acfa2f"[39m
        [36m>[39m
          [36m<div[39m
            [33mclass[39m=[32m"_name_acfa2f _unread_acfa2f"[39m
          [36m>[39m
            [0mAlice[0m
          [36m</div>[39m
          [36m<div[39m
            [33mclass[39m=[32m"_time_acfa2f _unread_acfa2f"[39m
          [36m>[39m
            [0mJan 1[0m
          [36m</div>[39m
        [36m</div>[39m
        [36m<div[39m
          [33mclass[39m=[32m"_previewRow_acfa2f"[39m
        [36m>[39m
          [36m<div[39m
            [33mclass[39m=[32m"_previewLeft_acfa2f"[39m
          [36m>[39m
            [36m<div[39m
              [33mclass[39m=[32m"_preview_acfa2f _unread_acfa2f"[39m
            [36m>[39m
              [0mchat.you: Hello there[0m
            [36m</div>[39m
          [36m</div>[39m
          [36m<div[39m
            [33mclass[39m=[32m"_previewRight_acfa2f"[39m
          [36m>[39m
            [36m<div[39m
              [33mclass[39m=[32m"_unreadBadge_acfa2f"[39m
            [36m>[39m
              [0m2[0m
            [36m</div>[39m
          [36m</div>[39m
        [36m</div>[39m
      [36m</div>[39m
    [36m</div>[39m
  [36m</div>[39m
[36m</body>[39m
   ❯ src/components/ConversationList/__tests__/ConversationItem.test.tsx > ConversationItem Component > should handle missing display name for direct conversation
     → Unable to find an element with the text: u2. This could be because the text is broken up by multiple elements. In this case, you can provide a function for your text matcher to make your matcher more flexible.

Ignored nodes: comments, script, style
[36m<body>[39m
  [36m<div>[39m
    [36m<div[39m
      [33mclass[39m=[32m"_conversationItem_acfa2f "[39m
    [36m>[39m
      [36m<div[39m
        [33mclass[39m=[32m"_avatarWrapper_7d5c5e _avatarContainer_acfa2f"[39m
      [36m>[39m
        [36m<div[39m
          [33mclass[39m=[32m"_avatarFallback_7d5c5e"[39m
        [36m>[39m
          [0mA[0m
        [36m</div>[39m
      [36m</div>[39m
      [36m<div[39m
        [33mclass[39m=[32m"_content_acfa2f"[39m
      [36m>[39m
        [36m<div[39m
          [33mclass[39m=[32m"_header_acfa2f"[39m
        [36m>[39m
          [36m<div[39m
            [33mclass[39m=[32m"_name_acfa2f _unread_acfa2f"[39m
          [36m>[39m
            [0mAlice[0m
          [36m</div>[39m
          [36m<div[39m
            [33mclass[39m=[32m"_time_acfa2f _unread_acfa2f"[39m
          [36m>[39m
            [0mJan 1[0m
          [36m</div>[39m
        [36m</div>[39m
        [36m<div[39m
          [33mclass[39m=[32m"_previewRow_acfa2f"[39m
        [36m>[39m
          [36m<div[39m
            [33mclass[39m=[32m"_previewLeft_acfa2f"[39m
          [36m>[39m
            [36m<div[39m
              [33mclass[39m=[32m"_preview_acfa2f _unread_acfa2f"[39m
            [36m>[39m
              [0mchat.you: Hello there[0m
            [36m</div>[39m
          [36m</div>[39m
          [36m<div[39m
            [33mclass[39m=[32m"_previewRight_acfa2f"[39m
          [36m>[39m
            [36m<div[39m
              [33mclass[39m=[32m"_unreadBadge_acfa2f"[39m
            [36m>[39m
              [0m2[0m
            [36m</div>[39m
          [36m</div>[39m
        [36m</div>[39m
      [36m</div>[39m
    [36m</div>[39m
  [36m</div>[39m
[36m</body>[39m
 ❯ src/components/ErrorState/__tests__/ErrorState.test.tsx  (5 tests | 2 failed) 193ms
   ❯ src/components/ErrorState/__tests__/ErrorState.test.tsx > ErrorState Component > should render error message
     → Unable to find an element with the text: Đã xảy ra lỗi. This could be because the text is broken up by multiple elements. In this case, you can provide a function for your text matcher to make your matcher more flexible.

Ignored nodes: comments, script, style
[36m<body>[39m
  [36m<div>[39m
    [36m<div[39m
      [33mclass[39m=[32m"_errorState_2f248a "[39m
    [36m>[39m
      [36m<div[39m
        [33mclass[39m=[32m"_iconContainer_2f248a"[39m
      [36m>[39m
        [36m<svg[39m
          [33mfill[39m=[32m"none"[39m
          [33mstroke[39m=[32m"currentColor"[39m
          [33mstroke-linecap[39m=[32m"round"[39m
          [33mstroke-linejoin[39m=[32m"round"[39m
          [33mstroke-width[39m=[32m"2"[39m
          [33mviewBox[39m=[32m"0 0 24 24"[39m
        [36m>[39m
          [36m<circle[39m
            [33mcx[39m=[32m"12"[39m
            [33mcy[39m=[32m"12"[39m
            [33mr[39m=[32m"10"[39m
          [36m/>[39m
          [36m<line[39m
            [33mx1[39m=[32m"12"[39m
            [33mx2[39m=[32m"12"[39m
            [33my1[39m=[32m"8"[39m
            [33my2[39m=[32m"12"[39m
          [36m/>[39m
          [36m<line[39m
            [33mx1[39m=[32m"12"[39m
            [33mx2[39m=[32m"12.01"[39m
            [33my1[39m=[32m"16"[39m
            [33my2[39m=[32m"16"[39m
          [36m/>[39m
        [36m</svg>[39m
      [36m</div>[39m
      [36m<h4[39m
        [33mclass[39m=[32m"_title_2f248a"[39m
      [36m>[39m
        [0mchat.anErrorOccurred[0m
      [36m</h4>[39m
      [36m<p[39m
        [33mclass[39m=[32m"_message_2f248a"[39m
      [36m>[39m
        [0mSomething went wrong[0m
      [36m</p>[39m
    [36m</div>[39m
  [36m</div>[39m
[36m</body>[39m
   ❯ src/components/ErrorState/__tests__/ErrorState.test.tsx > ErrorState Component > should render retry button and handle click if error is retryable and onRetry provided
     → Unable to find an accessible element with the role "button" and name "Thử lại"

Here are the accessible roles:

  heading:

  Name "chat.anErrorOccurred":
  [36m<h4[39m
    [33mclass[39m=[32m"_title_2f248a"[39m
  [36m/>[39m

  --------------------------------------------------
  button:

  Name "chat.retry":
  [36m<button[39m
    [33mclass[39m=[32m"_retryButton_2f248a"[39m
    [33mtype[39m=[32m"button"[39m
  [36m/>[39m

  --------------------------------------------------

Ignored nodes: comments, script, style
[36m<body>[39m
  [36m<div>[39m
    [36m<div[39m
      [33mclass[39m=[32m"_errorState_2f248a "[39m
    [36m>[39m
      [36m<div[39m
        [33mclass[39m=[32m"_iconContainer_2f248a"[39m
      [36m>[39m
        [36m<svg[39m
          [33mfill[39m=[32m"none"[39m
          [33mstroke[39m=[32m"currentColor"[39m
          [33mstroke-linecap[39m=[32m"round"[39m
          [33mstroke-linejoin[39m=[32m"round"[39m
          [33mstroke-width[39m=[32m"2"[39m
          [33mviewBox[39m=[32m"0 0 24 24"[39m
        [36m>[39m
          [36m<circle[39m
            [33mcx[39m=[32m"12"[39m
            [33mcy[39m=[32m"12"[39m
            [33mr[39m=[32m"10"[39m
          [36m/>[39m
          [36m<line[39m
            [33mx1[39m=[32m"12"[39m
            [33mx2[39m=[32m"12"[39m
            [33my1[39m=[32m"8"[39m
            [33my2[39m=[32m"12"[39m
          [36m/>[39m
          [36m<line[39m
            [33mx1[39m=[32m"12"[39m
            [33mx2[39m=[32m"12.01"[39m
            [33my1[39m=[32m"16"[39m
            [33my2[39m=[32m"16"[39m
          [36m/>[39m
        [36m</svg>[39m
      [36m</div>[39m
      [36m<h4[39m
        [33mclass[39m=[32m"_title_2f248a"[39m
      [36m>[39m
        [0mchat.anErrorOccurred[0m
      [36m</h4>[39m
      [36m<p[39m
        [33mclass[39m=[32m"_message_2f248a"[39m
      [36m>[39m
        [0mSomething went wrong[0m
      [36m</p>[39m
      [36m<button[39m
        [33mclass[39m=[32m"_retryButton_2f248a"[39m
        [33mtype[39m=[32m"button"[39m
      [36m>[39m
        [0mchat.retry[0m
      [36m</button>[39m
    [36m</div>[39m
  [36m</div>[39m
[36m</body>[39m
 ❯ src/components/SearchInput/__tests__/SearchInput.test.tsx  (5 tests | 2 failed) 40ms
   ❯ src/components/SearchInput/__tests__/SearchInput.test.tsx > SearchInput Component > should render with default placeholder
     → Unable to find an element with the placeholder text of: Search...

Ignored nodes: comments, script, style
[36m<body>[39m
  [36m<div>[39m
    [36m<div[39m
      [33mclass[39m=[32m"_searchContainer_0632ac "[39m
    [36m>[39m
      [36m<svg[39m
        [33maria-hidden[39m=[32m"true"[39m
        [33mclass[39m=[32m"lucide lucide-search _searchIcon_0632ac"[39m
        [33mfill[39m=[32m"none"[39m
        [33mheight[39m=[32m"24"[39m
        [33mstroke[39m=[32m"currentColor"[39m
        [33mstroke-linecap[39m=[32m"round"[39m
        [33mstroke-linejoin[39m=[32m"round"[39m
        [33mstroke-width[39m=[32m"2"[39m
        [33mviewBox[39m=[32m"0 0 24 24"[39m
        [33mwidth[39m=[32m"24"[39m
        [33mxmlns[39m=[32m"http://www.w3.org/2000/svg"[39m
      [36m>[39m
        [36m<path[39m
          [33md[39m=[32m"m21 21-4.34-4.34"[39m
        [36m/>[39m
        [36m<circle[39m
          [33mcx[39m=[32m"11"[39m
          [33mcy[39m=[32m"11"[39m
          [33mr[39m=[32m"8"[39m
        [36m/>[39m
      [36m</svg>[39m
      [36m<input[39m
        [33mclass[39m=[32m"_searchInput_0632ac"[39m
        [33mplaceholder[39m=[32m"chat.search"[39m
        [33mtype[39m=[32m"text"[39m
        [33mvalue[39m=[32m""[39m
      [36m/>[39m
    [36m</div>[39m
  [36m</div>[39m
[36m</body>[39m
   ❯ src/components/SearchInput/__tests__/SearchInput.test.tsx > SearchInput Component > should call onChange when input changes
     → Unable to find an element with the placeholder text of: Search...

Ignored nodes: comments, script, style
[36m<body>[39m
  [36m<div>[39m
    [36m<div[39m
      [33mclass[39m=[32m"_searchContainer_0632ac "[39m
    [36m>[39m
      [36m<svg[39m
        [33maria-hidden[39m=[32m"true"[39m
        [33mclass[39m=[32m"lucide lucide-search _searchIcon_0632ac"[39m
        [33mfill[39m=[32m"none"[39m
        [33mheight[39m=[32m"24"[39m
        [33mstroke[39m=[32m"currentColor"[39m
        [33mstroke-linecap[39m=[32m"round"[39m
        [33mstroke-linejoin[39m=[32m"round"[39m
        [33mstroke-width[39m=[32m"2"[39m
        [33mviewBox[39m=[32m"0 0 24 24"[39m
        [33mwidth[39m=[32m"24"[39m
        [33mxmlns[39m=[32m"http://www.w3.org/2000/svg"[39m
      [36m>[39m
        [36m<path[39m
          [33md[39m=[32m"m21 21-4.34-4.34"[39m
        [36m/>[39m
        [36m<circle[39m
          [33mcx[39m=[32m"11"[39m
          [33mcy[39m=[32m"11"[39m
          [33mr[39m=[32m"8"[39m
        [36m/>[39m
      [36m</svg>[39m
      [36m<input[39m
        [33mclass[39m=[32m"_searchInput_0632ac"[39m
        [33mplaceholder[39m=[32m"chat.search"[39m
        [33mtype[39m=[32m"text"[39m
        [33mvalue[39m=[32m""[39m
      [36m/>[39m
    [36m</div>[39m
  [36m</div>[39m
[36m</body>[39m
 ❯ src/components/EmptyState/__tests__/EmptyState.test.tsx  (5 tests | 3 failed) 53ms
   ❯ src/components/EmptyState/__tests__/EmptyState.test.tsx > EmptyState Component > should render default message for no-conversations
     → Unable to find an element with the text: Không có cuộc hội thoại nào. This could be because the text is broken up by multiple elements. In this case, you can provide a function for your text matcher to make your matcher more flexible.

Ignored nodes: comments, script, style
[36m<body>[39m
  [36m<div>[39m
    [36m<div[39m
      [33mclass[39m=[32m"_emptyState_3d390e "[39m
    [36m>[39m
      [36m<div[39m
        [33mclass[39m=[32m"_iconContainer_3d390e"[39m
      [36m>[39m
        [36m<svg[39m
          [33mfill[39m=[32m"currentColor"[39m
          [33mheight[39m=[32m"48"[39m
          [33mviewBox[39m=[32m"0 0 24 24"[39m
          [33mwidth[39m=[32m"48"[39m
        [36m>[39m
          [36m<path[39m
            [33md[39m=[32m"M12 2C6.477 2 2 5.806 2 10.5c0 2.71 1.481 5.123 3.75 6.643v4.425a.75.75 0 0 0 1.25.56l3.541-2.923c.47.051.954.078 1.459.078 5.523 0 10-3.806 10-8.5S17.523 2 12 2z"[39m
          [36m/>[39m
        [36m</svg>[39m
      [36m</div>[39m
      [36m<p[39m
        [33mclass[39m=[32m"_message_3d390e"[39m
      [36m>[39m
        [0mchat.noConversationsFound[0m
      [36m</p>[39m
    [36m</div>[39m
  [36m</div>[39m
[36m</body>[39m
   ❯ src/components/EmptyState/__tests__/EmptyState.test.tsx > EmptyState Component > should render default message for no-messages
     → Unable to find an element with the text: Chưa có tin nhắn nào. This could be because the text is broken up by multiple elements. In this case, you can provide a function for your text matcher to make your matcher more flexible.

Ignored nodes: comments, script, style
[36m<body>[39m
  [36m<div>[39m
    [36m<div[39m
      [33mclass[39m=[32m"_emptyState_3d390e "[39m
    [36m>[39m
      [36m<div[39m
        [33mclass[39m=[32m"_iconContainer_3d390e"[39m
      [36m>[39m
        [36m<svg[39m
          [33mfill[39m=[32m"currentColor"[39m
          [33mheight[39m=[32m"48"[39m
          [33mviewBox[39m=[32m"0 0 24 24"[39m
          [33mwidth[39m=[32m"48"[39m
        [36m>[39m
          [36m<path[39m
            [33md[39m=[32m"M12 2C6.477 2 2 5.806 2 10.5c0 2.71 1.481 5.123 3.75 6.643v4.425a.75.75 0 0 0 1.25.56l3.541-2.923c.47.051.954.078 1.459.078 5.523 0 10-3.806 10-8.5S17.523 2 12 2z"[39m
          [36m/>[39m
        [36m</svg>[39m
      [36m</div>[39m
      [36m<p[39m
        [33mclass[39m=[32m"_message_3d390e"[39m
      [36m>[39m
        [0mchat.noMessages[0m
      [36m</p>[39m
    [36m</div>[39m
  [36m</div>[39m
[36m</body>[39m
   ❯ src/components/EmptyState/__tests__/EmptyState.test.tsx > EmptyState Component > should render default message for no-participants
     → Unable to find an element with the text: Không có thành viên nào. This could be because the text is broken up by multiple elements. In this case, you can provide a function for your text matcher to make your matcher more flexible.

Ignored nodes: comments, script, style
[36m<body>[39m
  [36m<div>[39m
    [36m<div[39m
      [33mclass[39m=[32m"_emptyState_3d390e "[39m
    [36m>[39m
      [36m<div[39m
        [33mclass[39m=[32m"_iconContainer_3d390e"[39m
      [36m>[39m
        [36m<svg[39m
          [33mfill[39m=[32m"none"[39m
          [33mheight[39m=[32m"48"[39m
          [33mstroke[39m=[32m"currentColor"[39m
          [33mstroke-linecap[39m=[32m"round"[39m
          [33mstroke-linejoin[39m=[32m"round"[39m
          [33mstroke-width[39m=[32m"2"[39m
          [33mviewBox[39m=[32m"0 0 24 24"[39m
          [33mwidth[39m=[32m"48"[39m
        [36m>[39m
          [36m<path[39m
            [33md[39m=[32m"M16 21v-2a4 4 0 0 0-4-4H5a4 4 0 0 0-4 4v2"[39m
          [36m/>[39m
          [36m<circle[39m
            [33mcx[39m=[32m"8.5"[39m
            [33mcy[39m=[32m"7"[39m
            [33mr[39m=[32m"4"[39m
          [36m/>[39m
          [36m<line[39m
            [33mx1[39m=[32m"20"[39m
            [33mx2[39m=[32m"20"[39m
            [33my1[39m=[32m"8"[39m
            [33my2[39m=[32m"14"[39m
          [36m/>[39m
          [36m<line[39m
            [33mx1[39m=[32m"23"[39m
            [33mx2[39m=[32m"17"[39m
            [33my1[39m=[32m"11"[39m
            [33my2[39m=[32m"11"[39m
          [36m/>[39m
        [36m</svg>[39m
      [36m</div>[39m
      [36m<p[39m
        [33mclass[39m=[32m"_message_3d390e"[39m
      [36m>[39m
        [0mchat.noParticipants[0m
      [36m</p>[39m
    [36m</div>[39m
  [36m</div>[39m
[36m</body>[39m
 ✓ src/__tests__/utils/id.test.ts  (2 tests) 1ms
 ✓ src/components/Icons/__tests__/Icons.test.tsx  (4 tests) 30ms
 ❯ src/components/LoadingState/__tests__/LoadingState.test.tsx  (4 tests | 1 failed) 54ms
   ❯ src/components/LoadingState/__tests__/LoadingState.test.tsx > LoadingState Component > should render default loading message
     → Unable to find an element with the text: Đang tải.... This could be because the text is broken up by multiple elements. In this case, you can provide a function for your text matcher to make your matcher more flexible.

Ignored nodes: comments, script, style
[36m<body>[39m
  [36m<div>[39m
    [36m<div[39m
      [33mclass[39m=[32m"_loadingState_cad9b8 "[39m
    [36m>[39m
      [36m<div[39m
        [33mclass[39m=[32m"_spinner_cad9b8"[39m
      [36m/>[39m
      [36m<p[39m
        [33mclass[39m=[32m"_message_cad9b8"[39m
      [36m>[39m
        [0mchat.loading[0m
      [36m</p>[39m
    [36m</div>[39m
  [36m</div>[39m
[36m</body>[39m
 ✓ src/components/Avatar/__tests__/Avatar.test.tsx  (3 tests) 76ms
 ✓ src/__tests__/utils/logger.test.ts  (1 test) 1ms
 ✓ src/components/ReadReceipt/__tests__/ReadReceipt.test.tsx  (1 test) 15ms
 ✓ src/__tests__/utils/debounce.test.ts  (1 test) 1ms
 ✓ src/__tests__/utils/throttle.test.ts  (1 test)
DEPRECATION WARNING [legacy-js-api]: The legacy JS API is deprecated and will be removed in Dart Sass 2.0.0.

More info: https://sass-lang.com/d/legacy-js-api

 ❯ src/__tests__/index.test.ts  (0 test)

⎯⎯⎯⎯⎯⎯ Failed Suites 3 ⎯⎯⎯⎯⎯⎯⎯

 FAIL  src/__tests__/index.test.ts [ src/__tests__/index.test.ts ]
 FAIL  src/__tests__/integration/headless.test.tsx [ src/__tests__/integration/headless.test.tsx ]
 FAIL  src/components/__tests__/ChatProvider.test.tsx [ src/components/__tests__/ChatProvider.test.tsx ]
Error: [vitest] No "initReactI18next" export is defined on the "react-i18next" mock. Did you forget to return it from "vi.mock"?
If you need to partially mock a module, you can use "importOriginal" helper inside:

vi.mock("react-i18next", async (importOriginal) => {
  const actual = await importOriginal()
  return {
    ...actual,
    // your mocked methods
  }
})

 ❯ src/i18n/index.ts:11:8
      9| 
     10| chatI18n
     11|   .use(initReactI18next)
       |        ^
     12|   .init({
     13|     resources: {
 ❯ src/components/ChatProvider.tsx:4:31

⎯⎯⎯⎯⎯⎯⎯⎯⎯⎯⎯⎯⎯⎯⎯⎯⎯⎯⎯⎯⎯⎯⎯[1/32]⎯

⎯⎯⎯⎯⎯⎯ Failed Tests 29 ⎯⎯⎯⎯⎯⎯⎯

 FAIL  src/__tests__/integration/services.integration.test.ts > Services Integration > should send a message via messageService and call underlying SDK
AssertionError: expected "spy" to be called with arguments: [ ObjectContaining{…}, Any<Object> ]

Received: 



Number of calls: 0

 ❯ src/__tests__/integration/services.integration.test.ts:154:29
    152|     const result = await messageService.sendMessage('thread-1', 'Test …
    153| 
    154|     expect(mockSendMessage).toHaveBeenCalledWith(
       |                             ^
    155|       expect.objectContaining({ content: 'Test message' }),
    156|       expect.any(Object)

⎯⎯⎯⎯⎯⎯⎯⎯⎯⎯⎯⎯⎯⎯⎯⎯⎯⎯⎯⎯⎯⎯⎯[2/32]⎯

 FAIL  src/__tests__/services/chatService.test.ts > ChatService > Event Routing > should route message:deleted event
AssertionError: expected [ { id: 'msg-to-delete', …(7) } ] to have a length of +0 but got 1

- Expected
+ Received

- 0
+ 1

 ❯ src/__tests__/services/chatService.test.ts:312:24
    310| 
    311|       const messages = useMessageStore.getState().messagesByConversati…
    312|       expect(messages).toHaveLength(0);
       |                        ^
    313|     });
    314| 

⎯⎯⎯⎯⎯⎯⎯⎯⎯⎯⎯⎯⎯⎯⎯⎯⎯⎯⎯⎯⎯⎯⎯[3/32]⎯

 FAIL  src/components/__tests__/ChatContainer.test.tsx > ChatContainer Component > should auto-open the first conversation if none is active but conversations exist
AssertionError: expected "spy" to be called with arguments: [ 'conv-1' ]

Received: 



Number of calls: 0

 ❯ src/components/__tests__/ChatContainer.test.tsx:82:34
     80|     render(<ChatContainer />);
     81| 
     82|     expect(mockOpenConversation).toHaveBeenCalledWith('conv-1');
       |                                  ^
     83|   });
     84| 

⎯⎯⎯⎯⎯⎯⎯⎯⎯⎯⎯⎯⎯⎯⎯⎯⎯⎯⎯⎯⎯⎯⎯[4/32]⎯

 FAIL  src/components/Conversation/__tests__/Conversation.test.tsx > ConversationView Component > should return null if no conversation is active or found
Error: expect(element).toBeEmptyDOMElement()

Received:
  "<div class="_emptyState_3d390e "><div class="_iconContainer_3d390e"><svg viewBox="0 0 24 24" fill="currentColor" width="48" height="48"><path d="M12 2C6.477 2 2 5.806 2 10.5c0 2.71 1.481 5.123 3.75 6.643v4.425a.75.75 0 0 0 1.25.56l3.541-2.923c.47.051.954.078 1.459.078 5.523 0 10-3.806 10-8.5S17.523 2 12 2z"></path></svg></div><p class="_message_3d390e">chat.selectConversation</p></div>"
 ❯ src/components/Conversation/__tests__/Conversation.test.tsx:65:23
     63|     
     64|     const { container } = render(<ConversationView />);
     65|     expect(container).toBeEmptyDOMElement();
       |                       ^
     66|   });
     67| 

⎯⎯⎯⎯⎯⎯⎯⎯⎯⎯⎯⎯⎯⎯⎯⎯⎯⎯⎯⎯⎯⎯⎯[5/32]⎯

 FAIL  src/components/Conversation/__tests__/Conversation.test.tsx > ConversationView Component > should render header with other participant name for direct conversation
 FAIL  src/components/Conversation/__tests__/Conversation.test.tsx > ConversationView Component > should render MessageList and MessageInput
 FAIL  src/components/Conversation/__tests__/Conversation.test.tsx > ConversationView Component > should call sendMessage when MessageInput triggers onSend
 FAIL  src/components/Conversation/__tests__/Conversation.test.tsx > ConversationView Component > should pass loading state to disable MessageInput
TypeError: Cannot read properties of undefined (reading 'charAt')
 ❯ src/components/Avatar/index.tsx:16:54
     14|         <img src={url} alt={name} className={styles.avatarImage} loadi…
     15|       ) : (
     16|         <div className={styles.avatarFallback}>{name.charAt(0).toUpper…
       |                                                      ^
     17|       )}
     18|     </div>
 ❯ renderWithHooks node_modules/react-dom/cjs/react-dom.development.js:15486:18
 ❯ updateFunctionComponent node_modules/react-dom/cjs/react-dom.development.js:19617:20
 ❯ updateSimpleMemoComponent node_modules/react-dom/cjs/react-dom.development.js:19454:10
 ❯ updateMemoComponent node_modules/react-dom/cjs/react-dom.development.js:19303:14
 ❯ beginWork node_modules/react-dom/cjs/react-dom.development.js:21712:16
 ❯ beginWork$1 node_modules/react-dom/cjs/react-dom.development.js:27465:14
 ❯ performUnitOfWork node_modules/react-dom/cjs/react-dom.development.js:26599:12
 ❯ workLoopSync node_modules/react-dom/cjs/react-dom.development.js:26505:5
 ❯ renderRootSync node_modules/react-dom/cjs/react-dom.development.js:26473:7

⎯⎯⎯⎯⎯⎯⎯⎯⎯⎯⎯⎯⎯⎯⎯⎯⎯⎯⎯⎯⎯⎯⎯[6/32]⎯

 FAIL  src/components/Conversation/__tests__/Conversation.test.tsx > ConversationView Component > should render header with group name for group conversation
TypeError: joinRoom is not a function
 ❯ src/hooks/useRoomMembers.ts:22:7
     20|       setLoading(true);
     21|       setError(null);
     22|       joinRoom(joinId)
       |       ^
     23|         .then((res) => {
     24|           if (res?.members) {
 ❯ commitHookEffectListMount node_modules/react-dom/cjs/react-dom.development.js:23189:26
 ❯ commitPassiveMountOnFiber node_modules/react-dom/cjs/react-dom.development.js:24970:11
 ❯ commitPassiveMountEffects_complete node_modules/react-dom/cjs/react-dom.development.js:24930:9
 ❯ commitPassiveMountEffects_begin node_modules/react-dom/cjs/react-dom.development.js:24917:7
 ❯ commitPassiveMountEffects node_modules/react-dom/cjs/react-dom.development.js:24905:3
 ❯ flushPassiveEffectsImpl node_modules/react-dom/cjs/react-dom.development.js:27078:3
 ❯ flushPassiveEffects node_modules/react-dom/cjs/react-dom.development.js:27023:14
 ❯ node_modules/react-dom/cjs/react-dom.development.js:26808:9
 ❯ flushActQueue node_modules/react/cjs/react.development.js:2667:24

⎯⎯⎯⎯⎯⎯⎯⎯⎯⎯⎯⎯⎯⎯⎯⎯⎯⎯⎯⎯⎯⎯⎯[7/32]⎯

 FAIL  src/components/ConversationList/__tests__/ConversationItem.test.tsx > ConversationItem Component > should render direct conversation correctly
TestingLibraryElementError: Unable to find an element with the text: You: Hello there. This could be because the text is broken up by multiple elements. In this case, you can provide a function for your text matcher to make your matcher more flexible.

Ignored nodes: comments, script, style
[36m<body>[39m
  [36m<div>[39m
    [36m<div[39m
      [33mclass[39m=[32m"_conversationItem_acfa2f "[39m
    [36m>[39m
      [36m<div[39m
        [33mclass[39m=[32m"_avatarWrapper_7d5c5e _avatarContainer_acfa2f"[39m
      [36m>[39m
        [36m<div[39m
          [33mclass[39m=[32m"_avatarFallback_7d5c5e"[39m
        [36m>[39m
          [0mA[0m
        [36m</div>[39m
      [36m</div>[39m
      [36m<div[39m
        [33mclass[39m=[32m"_content_acfa2f"[39m
      [36m>[39m
        [36m<div[39m
          [33mclass[39m=[32m"_header_acfa2f"[39m
        [36m>[39m
          [36m<div[39m
            [33mclass[39m=[32m"_name_acfa2f _unread_acfa2f"[39m
          [36m>[39m
            [0mAlice[0m
          [36m</div>[39m
          [36m<div[39m
            [33mclass[39m=[32m"_time_acfa2f _unread_acfa2f"[39m
          [36m>[39m
            [0mJan 1[0m
          [36m</div>[39m
        [36m</div>[39m
        [36m<div[39m
          [33mclass[39m=[32m"_previewRow_acfa2f"[39m
        [36m>[39m
          [36m<div[39m
            [33mclass[39m=[32m"_previewLeft_acfa2f"[39m
          [36m>[39m
            [36m<div[39m
              [33mclass[39m=[32m"_preview_acfa2f _unread_acfa2f"[39m
            [36m>[39m
              [0mchat.you: Hello there[0m
            [36m</div>[39m
          [36m</div>[39m
          [36m<div[39m
            [33mclass[39m=[32m"_previewRight_acfa2f"[39m
          [36m>[39m
            [36m<div[39m
              [33mclass[39m=[32m"_unreadBadge_acfa2f"[39m
            [36m>[39m
              [0m2[0m
            [36m</div>[39m
          [36m</div>[39m
        [36m</div>[39m
      [36m</div>[39m
    [36m</div>[39m
  [36m</div>[39m
[36m</body>[39m
 ❯ Object.getElementError node_modules/@testing-library/dom/dist/config.js:37:19
 ❯ node_modules/@testing-library/dom/dist/query-helpers.js:76:38
 ❯ node_modules/@testing-library/dom/dist/query-helpers.js:52:17
 ❯ node_modules/@testing-library/dom/dist/query-helpers.js:95:19
 ❯ src/components/ConversationList/__tests__/ConversationItem.test.tsx:43:19
     41|     );
     42|     expect(screen.getByText('Alice')).toBeInTheDocument();
     43|     expect(screen.getByText('You: Hello there')).toBeInTheDocument();
       |                   ^
     44|     expect(screen.getByText('2')).toBeInTheDocument(); // Unread count…
     45|   });

⎯⎯⎯⎯⎯⎯⎯⎯⎯⎯⎯⎯⎯⎯⎯⎯⎯⎯⎯⎯⎯⎯⎯[8/32]⎯

 FAIL  src/components/ConversationList/__tests__/ConversationItem.test.tsx > ConversationItem Component > should handle missing display name for direct conversation
TestingLibraryElementError: Unable to find an element with the text: u2. This could be because the text is broken up by multiple elements. In this case, you can provide a function for your text matcher to make your matcher more flexible.

Ignored nodes: comments, script, style
[36m<body>[39m
  [36m<div>[39m
    [36m<div[39m
      [33mclass[39m=[32m"_conversationItem_acfa2f "[39m
    [36m>[39m
      [36m<div[39m
        [33mclass[39m=[32m"_avatarWrapper_7d5c5e _avatarContainer_acfa2f"[39m
      [36m>[39m
        [36m<div[39m
          [33mclass[39m=[32m"_avatarFallback_7d5c5e"[39m
        [36m>[39m
          [0mA[0m
        [36m</div>[39m
      [36m</div>[39m
      [36m<div[39m
        [33mclass[39m=[32m"_content_acfa2f"[39m
      [36m>[39m
        [36m<div[39m
          [33mclass[39m=[32m"_header_acfa2f"[39m
        [36m>[39m
          [36m<div[39m
            [33mclass[39m=[32m"_name_acfa2f _unread_acfa2f"[39m
          [36m>[39m
            [0mAlice[0m
          [36m</div>[39m
          [36m<div[39m
            [33mclass[39m=[32m"_time_acfa2f _unread_acfa2f"[39m
          [36m>[39m
            [0mJan 1[0m
          [36m</div>[39m
        [36m</div>[39m
        [36m<div[39m
          [33mclass[39m=[32m"_previewRow_acfa2f"[39m
        [36m>[39m
          [36m<div[39m
            [33mclass[39m=[32m"_previewLeft_acfa2f"[39m
          [36m>[39m
            [36m<div[39m
              [33mclass[39m=[32m"_preview_acfa2f _unread_acfa2f"[39m
            [36m>[39m
              [0mchat.you: Hello there[0m
            [36m</div>[39m
          [36m</div>[39m
          [36m<div[39m
            [33mclass[39m=[32m"_previewRight_acfa2f"[39m
          [36m>[39m
            [36m<div[39m
              [33mclass[39m=[32m"_unreadBadge_acfa2f"[39m
            [36m>[39m
              [0m2[0m
            [36m</div>[39m
          [36m</div>[39m
        [36m</div>[39m
      [36m</div>[39m
    [36m</div>[39m
  [36m</div>[39m
[36m</body>[39m
 ❯ Object.getElementError node_modules/@testing-library/dom/dist/config.js:37:19
 ❯ node_modules/@testing-library/dom/dist/query-helpers.js:76:38
 ❯ node_modules/@testing-library/dom/dist/query-helpers.js:52:17
 ❯ node_modules/@testing-library/dom/dist/query-helpers.js:95:19
 ❯ src/components/ConversationList/__tests__/ConversationItem.test.tsx:60:19
     58|     };
     59|     render(<ConversationItem conversation={unnamedDirect} isActive={fa…
     60|     expect(screen.getByText('u2')).toBeInTheDocument();
       |                   ^
     61|   });
     62| 

⎯⎯⎯⎯⎯⎯⎯⎯⎯⎯⎯⎯⎯⎯⎯⎯⎯⎯⎯⎯⎯⎯⎯[9/32]⎯

 FAIL  src/components/ConversationList/__tests__/ConversationList.test.tsx > ConversationList Component > should render loading indicator when loading is true
TestingLibraryElementError: Unable to find an element with the text: Loading.... This could be because the text is broken up by multiple elements. In this case, you can provide a function for your text matcher to make your matcher more flexible.

Ignored nodes: comments, script, style
[36m<body>[39m
  [36m<div>[39m
    [36m<div[39m
      [33mclass[39m=[32m"_conversationList_acfa2f"[39m
    [36m>[39m
      [36m<div[39m
        [33mclass[39m=[32m"_searchHeaderWrapper_acfa2f"[39m
      [36m>[39m
        [36m<div[39m
          [33mclass[39m=[32m"_searchContainer_acfa2f"[39m
        [36m>[39m
          [36m<input[39m
            [33mdata-testid[39m=[32m"mock-search-input"[39m
            [33mvalue[39m=[32m""[39m
          [36m/>[39m
          [36m<div[39m
            [33mclass[39m=[32m"_headerActions_acfa2f"[39m
          [36m>[39m
            [36m<button[39m
              [33mclass[39m=[32m"_actionBtn_acfa2f"[39m
            [36m>[39m
              [36m<svg[39m
                [33maria-hidden[39m=[32m"true"[39m
                [33mclass[39m=[32m"lucide lucide-users"[39m
                [33mfill[39m=[32m"none"[39m
                [33mheight[39m=[32m"24"[39m
                [33mstroke[39m=[32m"currentColor"[39m
                [33mstroke-linecap[39m=[32m"round"[39m
                [33mstroke-linejoin[39m=[32m"round"[39m
                [33mstroke-width[39m=[32m"2"[39m
                [33mviewBox[39m=[32m"0 0 24 24"[39m
                [33mwidth[39m=[32m"24"[39m
                [33mxmlns[39m=[32m"http://www.w3.org/2000/svg"[39m
              [36m>[39m
                [36m<path[39m
                  [33md[39m=[32m"M16 21v-2a4 4 0 0 0-4-4H6a4 4 0 0 0-4 4v2"[39m
                [36m/>[39m
                [36m<path[39m
                  [33md[39m=[32m"M16 3.128a4 4 0 0 1 0 7.744"[39m
                [36m/>[39m
                [36m<path[39m
                  [33md[39m=[32m"M22 21v-2a4 4 0 0 0-3-3.87"[39m
                [36m/>[39m
                [36m<circle[39m
                  [33mcx[39m=[32m"9"[39m
                  [33mcy[39m=[32m"7"[39m
                  [33mr[39m=[32m"4"[39m
                [36m/>[39m
              [36m</svg>[39m
            [36m</button>[39m
          [36m</div>[39m
        [36m</div>[39m
      [36m</div>[39m
      [36m<div[39m
        [33mclass[39m=[32m"_listViewport_acfa2f"[39m
      [36m>[39m
        [36m<div[39m
          [33mclass[39m=[32m"_virtualList_acfa2f"[39m
          [33mstyle[39m=[32m"height: 100%; overflow-y: auto; overflow-x: hidden;"[39m
        [36m>[39m
          [36m<div[39m
            [33mstyle[39m=[32m"height: 144px; position: relative;"[39m
          [36m>[39m
            [36m<div[39m
              [33mstyle[39m=[32m"position: absolute; top: 0px; left: 0px; width: 100%; height: 72px; transform: translateY(0px);"[39m
            [36m>[39m
              [36m<div[39m
                [33mdata-active[39m=[32m"false"[39m
                [33mdata-testid[39m=[32m"mock-conversation-item"[39m
              [36m>[39m
                [0mAlice[0m
              [36m</div>[39m
            [36m</div>[39m
            [36m<div[39m
              [33mstyle[39m=[32m"position: absolute; top: 0px; left: 0px; width: 100%; height: 72px; transform: translateY(72px);"[39m
            [36m>[39m
              [36m<div[39m
                [33mdata-active[39m=[32m"false"[39m
                [33mdata-testid[39m=[32m"mock-conversation-item"[39m
              [36m>[39m
                [0mDev Team[0m
              [36m</div>[39m
            [36m</div>[39m
          [36m</div>[39m
        [36m</div>[39m
        [36m<div[39m
          [33mstyle[39m=[32m"padding: 16px; text-align: center; color: rgb(102, 119, 129); font-size: 13px;"[39m
        [36m>[39m
          [0mchat.loading[0m
        [36m</div>[39m
      [36m</div>[39m
    [36m</div>[39m
  [36m</div>[39m
[36m</body>[39m
 ❯ Object.getElementError node_modules/@testing-library/dom/dist/config.js:37:19
 ❯ node_modules/@testing-library/dom/dist/query-helpers.js:76:38
 ❯ node_modules/@testing-library/dom/dist/query-helpers.js:52:17
 ❯ node_modules/@testing-library/dom/dist/query-helpers.js:95:19
 ❯ src/components/ConversationList/__tests__/ConversationList.test.tsx:127:19
    125|   it('should render loading indicator when loading is true', () => {
    126|     render(<ConversationList loading={true} />);
    127|     expect(screen.getByText('Loading...')).toBeInTheDocument();
       |                   ^
    128|   });
    129| 

⎯⎯⎯⎯⎯⎯⎯⎯⎯⎯⎯⎯⎯⎯⎯⎯⎯⎯⎯⎯⎯⎯[10/32]⎯

 FAIL  src/components/EmptyState/__tests__/EmptyState.test.tsx > EmptyState Component > should render default message for no-conversations
TestingLibraryElementError: Unable to find an element with the text: Không có cuộc hội thoại nào. This could be because the text is broken up by multiple elements. In this case, you can provide a function for your text matcher to make your matcher more flexible.

Ignored nodes: comments, script, style
[36m<body>[39m
  [36m<div>[39m
    [36m<div[39m
      [33mclass[39m=[32m"_emptyState_3d390e "[39m
    [36m>[39m
      [36m<div[39m
        [33mclass[39m=[32m"_iconContainer_3d390e"[39m
      [36m>[39m
        [36m<svg[39m
          [33mfill[39m=[32m"currentColor"[39m
          [33mheight[39m=[32m"48"[39m
          [33mviewBox[39m=[32m"0 0 24 24"[39m
          [33mwidth[39m=[32m"48"[39m
        [36m>[39m
          [36m<path[39m
            [33md[39m=[32m"M12 2C6.477 2 2 5.806 2 10.5c0 2.71 1.481 5.123 3.75 6.643v4.425a.75.75 0 0 0 1.25.56l3.541-2.923c.47.051.954.078 1.459.078 5.523 0 10-3.806 10-8.5S17.523 2 12 2z"[39m
          [36m/>[39m
        [36m</svg>[39m
      [36m</div>[39m
      [36m<p[39m
        [33mclass[39m=[32m"_message_3d390e"[39m
      [36m>[39m
        [0mchat.noConversationsFound[0m
      [36m</p>[39m
    [36m</div>[39m
  [36m</div>[39m
[36m</body>[39m
 ❯ Object.getElementError node_modules/@testing-library/dom/dist/config.js:37:19
 ❯ node_modules/@testing-library/dom/dist/query-helpers.js:76:38
 ❯ node_modules/@testing-library/dom/dist/query-helpers.js:52:17
 ❯ node_modules/@testing-library/dom/dist/query-helpers.js:95:19
 ❯ src/components/EmptyState/__tests__/EmptyState.test.tsx:8:19
      6|   it('should render default message for no-conversations', () => {
      7|     render(<EmptyState type="no-conversations" />);
      8|     expect(screen.getByText('Không có cuộc hội thoại nào')).toBeInTheD…
       |                   ^
      9|   });
     10| 

⎯⎯⎯⎯⎯⎯⎯⎯⎯⎯⎯⎯⎯⎯⎯⎯⎯⎯⎯⎯⎯⎯[11/32]⎯

 FAIL  src/components/EmptyState/__tests__/EmptyState.test.tsx > EmptyState Component > should render default message for no-messages
TestingLibraryElementError: Unable to find an element with the text: Chưa có tin nhắn nào. This could be because the text is broken up by multiple elements. In this case, you can provide a function for your text matcher to make your matcher more flexible.

Ignored nodes: comments, script, style
[36m<body>[39m
  [36m<div>[39m
    [36m<div[39m
      [33mclass[39m=[32m"_emptyState_3d390e "[39m
    [36m>[39m
      [36m<div[39m
        [33mclass[39m=[32m"_iconContainer_3d390e"[39m
      [36m>[39m
        [36m<svg[39m
          [33mfill[39m=[32m"currentColor"[39m
          [33mheight[39m=[32m"48"[39m
          [33mviewBox[39m=[32m"0 0 24 24"[39m
          [33mwidth[39m=[32m"48"[39m
        [36m>[39m
          [36m<path[39m
            [33md[39m=[32m"M12 2C6.477 2 2 5.806 2 10.5c0 2.71 1.481 5.123 3.75 6.643v4.425a.75.75 0 0 0 1.25.56l3.541-2.923c.47.051.954.078 1.459.078 5.523 0 10-3.806 10-8.5S17.523 2 12 2z"[39m
          [36m/>[39m
        [36m</svg>[39m
      [36m</div>[39m
      [36m<p[39m
        [33mclass[39m=[32m"_message_3d390e"[39m
      [36m>[39m
        [0mchat.noMessages[0m
      [36m</p>[39m
    [36m</div>[39m
  [36m</div>[39m
[36m</body>[39m
 ❯ Object.getElementError node_modules/@testing-library/dom/dist/config.js:37:19
 ❯ node_modules/@testing-library/dom/dist/query-helpers.js:76:38
 ❯ node_modules/@testing-library/dom/dist/query-helpers.js:52:17
 ❯ node_modules/@testing-library/dom/dist/query-helpers.js:95:19
 ❯ src/components/EmptyState/__tests__/EmptyState.test.tsx:13:19
     11|   it('should render default message for no-messages', () => {
     12|     render(<EmptyState type="no-messages" />);
     13|     expect(screen.getByText('Chưa có tin nhắn nào')).toBeInTheDocument…
       |                   ^
     14|   });
     15| 

⎯⎯⎯⎯⎯⎯⎯⎯⎯⎯⎯⎯⎯⎯⎯⎯⎯⎯⎯⎯⎯⎯[12/32]⎯

 FAIL  src/components/EmptyState/__tests__/EmptyState.test.tsx > EmptyState Component > should render default message for no-participants
TestingLibraryElementError: Unable to find an element with the text: Không có thành viên nào. This could be because the text is broken up by multiple elements. In this case, you can provide a function for your text matcher to make your matcher more flexible.

Ignored nodes: comments, script, style
[36m<body>[39m
  [36m<div>[39m
    [36m<div[39m
      [33mclass[39m=[32m"_emptyState_3d390e "[39m
    [36m>[39m
      [36m<div[39m
        [33mclass[39m=[32m"_iconContainer_3d390e"[39m
      [36m>[39m
        [36m<svg[39m
          [33mfill[39m=[32m"none"[39m
          [33mheight[39m=[32m"48"[39m
          [33mstroke[39m=[32m"currentColor"[39m
          [33mstroke-linecap[39m=[32m"round"[39m
          [33mstroke-linejoin[39m=[32m"round"[39m
          [33mstroke-width[39m=[32m"2"[39m
          [33mviewBox[39m=[32m"0 0 24 24"[39m
          [33mwidth[39m=[32m"48"[39m
        [36m>[39m
          [36m<path[39m
            [33md[39m=[32m"M16 21v-2a4 4 0 0 0-4-4H5a4 4 0 0 0-4 4v2"[39m
          [36m/>[39m
          [36m<circle[39m
            [33mcx[39m=[32m"8.5"[39m
            [33mcy[39m=[32m"7"[39m
            [33mr[39m=[32m"4"[39m
          [36m/>[39m
          [36m<line[39m
            [33mx1[39m=[32m"20"[39m
            [33mx2[39m=[32m"20"[39m
            [33my1[39m=[32m"8"[39m
            [33my2[39m=[32m"14"[39m
          [36m/>[39m
          [36m<line[39m
            [33mx1[39m=[32m"23"[39m
            [33mx2[39m=[32m"17"[39m
            [33my1[39m=[32m"11"[39m
            [33my2[39m=[32m"11"[39m
          [36m/>[39m
        [36m</svg>[39m
      [36m</div>[39m
      [36m<p[39m
        [33mclass[39m=[32m"_message_3d390e"[39m
      [36m>[39m
        [0mchat.noParticipants[0m
      [36m</p>[39m
    [36m</div>[39m
  [36m</div>[39m
[36m</body>[39m
 ❯ Object.getElementError node_modules/@testing-library/dom/dist/config.js:37:19
 ❯ node_modules/@testing-library/dom/dist/query-helpers.js:76:38
 ❯ node_modules/@testing-library/dom/dist/query-helpers.js:52:17
 ❯ node_modules/@testing-library/dom/dist/query-helpers.js:95:19
 ❯ src/components/EmptyState/__tests__/EmptyState.test.tsx:18:19
     16|   it('should render default message for no-participants', () => {
     17|     render(<EmptyState type="no-participants" />);
     18|     expect(screen.getByText('Không có thành viên nào')).toBeInTheDocum…
       |                   ^
     19|   });
     20| 

⎯⎯⎯⎯⎯⎯⎯⎯⎯⎯⎯⎯⎯⎯⎯⎯⎯⎯⎯⎯⎯⎯[13/32]⎯

 FAIL  src/components/LoadingState/__tests__/LoadingState.test.tsx > LoadingState Component > should render default loading message
TestingLibraryElementError: Unable to find an element with the text: Đang tải.... This could be because the text is broken up by multiple elements. In this case, you can provide a function for your text matcher to make your matcher more flexible.

Ignored nodes: comments, script, style
[36m<body>[39m
  [36m<div>[39m
    [36m<div[39m
      [33mclass[39m=[32m"_loadingState_cad9b8 "[39m
    [36m>[39m
      [36m<div[39m
        [33mclass[39m=[32m"_spinner_cad9b8"[39m
      [36m/>[39m
      [36m<p[39m
        [33mclass[39m=[32m"_message_cad9b8"[39m
      [36m>[39m
        [0mchat.loading[0m
      [36m</p>[39m
    [36m</div>[39m
  [36m</div>[39m
[36m</body>[39m
 ❯ Object.getElementError node_modules/@testing-library/dom/dist/config.js:37:19
 ❯ node_modules/@testing-library/dom/dist/query-helpers.js:76:38
 ❯ node_modules/@testing-library/dom/dist/query-helpers.js:52:17
 ❯ node_modules/@testing-library/dom/dist/query-helpers.js:95:19
 ❯ src/components/LoadingState/__tests__/LoadingState.test.tsx:8:19
      6|   it('should render default loading message', () => {
      7|     render(<LoadingState />);
      8|     expect(screen.getByText('Đang tải...')).toBeInTheDocument();
       |                   ^
      9|   });
     10| 

⎯⎯⎯⎯⎯⎯⎯⎯⎯⎯⎯⎯⎯⎯⎯⎯⎯⎯⎯⎯⎯⎯[14/32]⎯

 FAIL  src/components/ErrorState/__tests__/ErrorState.test.tsx > ErrorState Component > should render error message
TestingLibraryElementError: Unable to find an element with the text: Đã xảy ra lỗi. This could be because the text is broken up by multiple elements. In this case, you can provide a function for your text matcher to make your matcher more flexible.

Ignored nodes: comments, script, style
[36m<body>[39m
  [36m<div>[39m
    [36m<div[39m
      [33mclass[39m=[32m"_errorState_2f248a "[39m
    [36m>[39m
      [36m<div[39m
        [33mclass[39m=[32m"_iconContainer_2f248a"[39m
      [36m>[39m
        [36m<svg[39m
          [33mfill[39m=[32m"none"[39m
          [33mstroke[39m=[32m"currentColor"[39m
          [33mstroke-linecap[39m=[32m"round"[39m
          [33mstroke-linejoin[39m=[32m"round"[39m
          [33mstroke-width[39m=[32m"2"[39m
          [33mviewBox[39m=[32m"0 0 24 24"[39m
        [36m>[39m
          [36m<circle[39m
            [33mcx[39m=[32m"12"[39m
            [33mcy[39m=[32m"12"[39m
            [33mr[39m=[32m"10"[39m
          [36m/>[39m
          [36m<line[39m
            [33mx1[39m=[32m"12"[39m
            [33mx2[39m=[32m"12"[39m
            [33my1[39m=[32m"8"[39m
            [33my2[39m=[32m"12"[39m
          [36m/>[39m
          [36m<line[39m
            [33mx1[39m=[32m"12"[39m
            [33mx2[39m=[32m"12.01"[39m
            [33my1[39m=[32m"16"[39m
            [33my2[39m=[32m"16"[39m
          [36m/>[39m
        [36m</svg>[39m
      [36m</div>[39m
      [36m<h4[39m
        [33mclass[39m=[32m"_title_2f248a"[39m
      [36m>[39m
        [0mchat.anErrorOccurred[0m
      [36m</h4>[39m
      [36m<p[39m
        [33mclass[39m=[32m"_message_2f248a"[39m
      [36m>[39m
        [0mSomething went wrong[0m
      [36m</p>[39m
    [36m</div>[39m
  [36m</div>[39m
[36m</body>[39m
 ❯ Object.getElementError node_modules/@testing-library/dom/dist/config.js:37:19
 ❯ node_modules/@testing-library/dom/dist/query-helpers.js:76:38
 ❯ node_modules/@testing-library/dom/dist/query-helpers.js:52:17
 ❯ node_modules/@testing-library/dom/dist/query-helpers.js:95:19
 ❯ src/components/ErrorState/__tests__/ErrorState.test.tsx:16:19
     14|   it('should render error message', () => {
     15|     render(<ErrorState error={mockError} />);
     16|     expect(screen.getByText('Đã xảy ra lỗi')).toBeInTheDocument();
       |                   ^
     17|     expect(screen.getByText('Something went wrong')).toBeInTheDocument…
     18|   });

⎯⎯⎯⎯⎯⎯⎯⎯⎯⎯⎯⎯⎯⎯⎯⎯⎯⎯⎯⎯⎯⎯[15/32]⎯

 FAIL  src/components/ErrorState/__tests__/ErrorState.test.tsx > ErrorState Component > should render retry button and handle click if error is retryable and onRetry provided
TestingLibraryElementError: Unable to find an accessible element with the role "button" and name "Thử lại"

Here are the accessible roles:

  heading:

  Name "chat.anErrorOccurred":
  [36m<h4[39m
    [33mclass[39m=[32m"_title_2f248a"[39m
  [36m/>[39m

  --------------------------------------------------
  button:

  Name "chat.retry":
  [36m<button[39m
    [33mclass[39m=[32m"_retryButton_2f248a"[39m
    [33mtype[39m=[32m"button"[39m
  [36m/>[39m

  --------------------------------------------------

Ignored nodes: comments, script, style
[36m<body>[39m
  [36m<div>[39m
    [36m<div[39m
      [33mclass[39m=[32m"_errorState_2f248a "[39m
    [36m>[39m
      [36m<div[39m
        [33mclass[39m=[32m"_iconContainer_2f248a"[39m
      [36m>[39m
        [36m<svg[39m
          [33mfill[39m=[32m"none"[39m
          [33mstroke[39m=[32m"currentColor"[39m
          [33mstroke-linecap[39m=[32m"round"[39m
          [33mstroke-linejoin[39m=[32m"round"[39m
          [33mstroke-width[39m=[32m"2"[39m
          [33mviewBox[39m=[32m"0 0 24 24"[39m
        [36m>[39m
          [36m<circle[39m
            [33mcx[39m=[32m"12"[39m
            [33mcy[39m=[32m"12"[39m
            [33mr[39m=[32m"10"[39m
          [36m/>[39m
          [36m<line[39m
            [33mx1[39m=[32m"12"[39m
            [33mx2[39m=[32m"12"[39m
            [33my1[39m=[32m"8"[39m
            [33my2[39m=[32m"12"[39m
          [36m/>[39m
          [36m<line[39m
            [33mx1[39m=[32m"12"[39m
            [33mx2[39m=[32m"12.01"[39m
            [33my1[39m=[32m"16"[39m
            [33my2[39m=[32m"16"[39m
          [36m/>[39m
        [36m</svg>[39m
      [36m</div>[39m
      [36m<h4[39m
        [33mclass[39m=[32m"_title_2f248a"[39m
      [36m>[39m
        [0mchat.anErrorOccurred[0m
      [36m</h4>[39m
      [36m<p[39m
        [33mclass[39m=[32m"_message_2f248a"[39m
      [36m>[39m
        [0mSomething went wrong[0m
      [36m</p>[39m
      [36m<button[39m
        [33mclass[39m=[32m"_retryButton_2f248a"[39m
        [33mtype[39m=[32m"button"[39m
      [36m>[39m
        [0mchat.retry[0m
      [36m</button>[39m
    [36m</div>[39m
  [36m</div>[39m
[36m</body>[39m
 ❯ Object.getElementError node_modules/@testing-library/dom/dist/config.js:37:19
 ❯ node_modules/@testing-library/dom/dist/query-helpers.js:76:38
 ❯ node_modules/@testing-library/dom/dist/query-helpers.js:52:17
 ❯ node_modules/@testing-library/dom/dist/query-helpers.js:95:19
 ❯ src/components/ErrorState/__tests__/ErrorState.test.tsx:31:29
     29|     render(<ErrorState error={retryableError} onRetry={mockOnRetry} />…
     30|     
     31|     const retryBtn = screen.getByRole('button', { name: 'Thử lại' });
       |                             ^
     32|     expect(retryBtn).toBeInTheDocument();
     33|     

⎯⎯⎯⎯⎯⎯⎯⎯⎯⎯⎯⎯⎯⎯⎯⎯⎯⎯⎯⎯⎯⎯[16/32]⎯

 FAIL  src/components/MessageItem/__tests__/MessageItem.test.tsx > MessageItem Component > should render own message correctly
TestingLibraryElementError: Unable to find an element with the text: delivered. This could be because the text is broken up by multiple elements. In this case, you can provide a function for your text matcher to make your matcher more flexible.

Ignored nodes: comments, script, style
[36m<body>[39m
  [36m<div>[39m
    [36m<div[39m
      [33mclass[39m=[32m"_messageItem_ecc8d7 _ownMessage_ecc8d7 "[39m
    [36m>[39m
      [36m<div[39m
        [33mclass[39m=[32m"_contentWrapper_ecc8d7"[39m
      [36m>[39m
        [36m<div[39m
          [33mclass[39m=[32m"_bubble_ecc8d7 _ownBubble_ecc8d7"[39m
        [36m>[39m
          [36m<div>[39m
            [0mHello World[0m
          [36m</div>[39m
          [36m<div[39m
            [33mclass[39m=[32m"_meta_ecc8d7"[39m
          [36m>[39m
            [36m<span[39m
              [33mclass[39m=[32m"_time_ecc8d7"[39m
            [36m>[39m
              [0mJan 1[0m
            [36m</span>[39m
          [36m</div>[39m
        [36m</div>[39m
        [36m<div[39m
          [33mclass[39m=[32m"_actions_ecc8d7 "[39m
        [36m>[39m
          [36m<button[39m
            [33mclass[39m=[32m"_actionIconBtn_ecc8d7"[39m
            [33mtitle[39m=[32m"chat.reply"[39m
          [36m>[39m
            [36m<svg[39m
              [33mfill[39m=[32m"none"[39m
              [33mstroke[39m=[32m"currentColor"[39m
              [33mstroke-linecap[39m=[32m"round"[39m
              [33mstroke-linejoin[39m=[32m"round"[39m
              [33mstroke-width[39m=[32m"2"[39m
              [33mviewBox[39m=[32m"0 0 24 24"[39m
            [36m>[39m
              [36m<path[39m
                [33md[39m=[32m"M3 21c3 0 7-1 7-8V5c0-1.25-.756-2.017-2-2H4c-1.25 0-2 .75-2 1.972V11c0 1.25.75 2 2 2 1 0 1 0 1 1v1c0 1-1 2-2 2s-1 .008-1 1.031V20c0 1 0 1 1 1z"[39m
              [36m/>[39m
              [36m<path[39m
                [33md[39m=[32m"M15 21c3 0 7-1 7-8V5c0-1.25-.757-2.017-2-2h-4c-1.25 0-2 .75-2 1.972V11c0 1.25.75 2 2 2h.75c0 2.25.25 4-2.75 4v3c0 1 0 1 1 1z"[39m
              [36m/>[39m
            [36m</svg>[39m
          [36m</button>[39m
          [36m<button[39m
            [33mclass[39m=[32m"_actionIconBtn_ecc8d7"[39m
            [33mtitle[39m=[32m"chat.forward"[39m
          [36m>[39m
            [36m<svg[39m
              [33mfill[39m=[32m"none"[39m
              [33mstroke[39m=[32m"currentColor"[39m
              [33mstroke-linecap[39m=[32m"round"[39m
              [33mstroke-linejoin[39m=[32m"round"[39m
              [33mstroke-width[39m=[32m"2"[39m
              [33mviewBox[39m=[32m"0 0 24 24"[39m
            [36m>[39m
              [36m<polyline[39m
                [33mpoints[39m=[32m"15 17 20 12 15 7"[39m
              [36m/>[39m
              [36m<path[39m
                [33md[39m=[32m"M4 18v-2a4 4 0 0 1 4-4h12"[39m
              [36m/>[39m
            [36m</svg>[39m
          [36m</button>[39m
          [36m<div[39m
            [33mstyle[39m=[32m"position: relative;"[39m
          [36m>[39m
            [36m<button[39m
              [33mclass[39m=[32m"_actionIconBtn_ecc8d7"[39m
              [33mtitle[39m=[32m"chat.moreOptions"[39m
            [36m>[39m
              [36m<svg[39m
                [33mfill[39m=[32m"none"[39m
                [33mstroke[39m=[32m"currentColor"[39m
                [33mstroke-linecap[39m=[32m"round"[39m
                [33mstroke-linejoin[39m=[32m"round"[39m
                [33mstroke-width[39m=[32m"2"[39m
                [33mviewBox[39m=[32m"0 0 24 24"[39m
              [36m>[39m
                [36m<circle[39m
                  [33mcx[39m=[32m"12"[39m
                  [33mcy[39m=[32m"12"[39m
                  [33mr[39m=[32m"1"[39m
                [36m/>[39m
                [36m<circle[39m
                  [33mcx[39m=[32m"19"[39m
                  [33mcy[39m=[32m"12"[39m
                  [33mr[39m=[32m"1"[39m
                [36m/>[39m
                [36m<circle[39m
                  [33mcx[39m=[32m"5"[39m
                  [33mcy[39m=[32m"12"[39m
                  [33mr[39m=[32m"1"[39m
                [36m/>[39m
              [36m</svg>[39m
            [36m</button>[39m
          [36m</div>[39m
        [36m</div>[39m
      [36m</div>[39m
    [36m</div>[39m
  [36m</div>[39m
[36m</body>[39m
 ❯ Object.getElementError node_modules/@testing-library/dom/dist/config.js:37:19
 ❯ node_modules/@testing-library/dom/dist/query-helpers.js:76:38
 ❯ node_modules/@testing-library/dom/dist/query-helpers.js:52:17
 ❯ node_modules/@testing-library/dom/dist/query-helpers.js:95:19
 ❯ src/components/MessageItem/__tests__/MessageItem.test.tsx:39:19
     37| 
     38|     // Status should be visible for own messages
     39|     expect(screen.getByText('delivered')).toBeInTheDocument();
       |                   ^
     40| 
     41|     // Avatar should not be visible

⎯⎯⎯⎯⎯⎯⎯⎯⎯⎯⎯⎯⎯⎯⎯⎯⎯⎯⎯⎯⎯⎯[17/32]⎯

 FAIL  src/components/MessageItem/__tests__/MessageItem.test.tsx > MessageItem Component > should show (edited) if message was edited
TestingLibraryElementError: Unable to find an element with the text: (edited). This could be because the text is broken up by multiple elements. In this case, you can provide a function for your text matcher to make your matcher more flexible.

Ignored nodes: comments, script, style
[36m<body>[39m
  [36m<div>[39m
    [36m<div[39m
      [33mclass[39m=[32m"_messageItem_ecc8d7 _ownMessage_ecc8d7 "[39m
    [36m>[39m
      [36m<div[39m
        [33mclass[39m=[32m"_contentWrapper_ecc8d7"[39m
      [36m>[39m
        [36m<div[39m
          [33mclass[39m=[32m"_bubble_ecc8d7 _ownBubble_ecc8d7"[39m
        [36m>[39m
          [36m<div>[39m
            [0mHello World[0m
          [36m</div>[39m
          [36m<span[39m
            [33mclass[39m=[32m"_edited_ecc8d7"[39m
          [36m>[39m
            [0mchat.edited[0m
          [36m</span>[39m
          [36m<div[39m
            [33mclass[39m=[32m"_meta_ecc8d7"[39m
          [36m>[39m
            [36m<span[39m
              [33mclass[39m=[32m"_time_ecc8d7"[39m
            [36m>[39m
              [0mJan 1[0m
            [36m</span>[39m
          [36m</div>[39m
        [36m</div>[39m
        [36m<div[39m
          [33mclass[39m=[32m"_actions_ecc8d7 "[39m
        [36m>[39m
          [36m<button[39m
            [33mclass[39m=[32m"_actionIconBtn_ecc8d7"[39m
            [33mtitle[39m=[32m"chat.reply"[39m
          [36m>[39m
            [36m<svg[39m
              [33mfill[39m=[32m"none"[39m
              [33mstroke[39m=[32m"currentColor"[39m
              [33mstroke-linecap[39m=[32m"round"[39m
              [33mstroke-linejoin[39m=[32m"round"[39m
              [33mstroke-width[39m=[32m"2"[39m
              [33mviewBox[39m=[32m"0 0 24 24"[39m
            [36m>[39m
              [36m<path[39m
                [33md[39m=[32m"M3 21c3 0 7-1 7-8V5c0-1.25-.756-2.017-2-2H4c-1.25 0-2 .75-2 1.972V11c0 1.25.75 2 2 2 1 0 1 0 1 1v1c0 1-1 2-2 2s-1 .008-1 1.031V20c0 1 0 1 1 1z"[39m
              [36m/>[39m
              [36m<path[39m
                [33md[39m=[32m"M15 21c3 0 7-1 7-8V5c0-1.25-.757-2.017-2-2h-4c-1.25 0-2 .75-2 1.972V11c0 1.25.75 2 2 2h.75c0 2.25.25 4-2.75 4v3c0 1 0 1 1 1z"[39m
              [36m/>[39m
            [36m</svg>[39m
          [36m</button>[39m
          [36m<button[39m
            [33mclass[39m=[32m"_actionIconBtn_ecc8d7"[39m
            [33mtitle[39m=[32m"chat.forward"[39m
          [36m>[39m
            [36m<svg[39m
              [33mfill[39m=[32m"none"[39m
              [33mstroke[39m=[32m"currentColor"[39m
              [33mstroke-linecap[39m=[32m"round"[39m
              [33mstroke-linejoin[39m=[32m"round"[39m
              [33mstroke-width[39m=[32m"2"[39m
              [33mviewBox[39m=[32m"0 0 24 24"[39m
            [36m>[39m
              [36m<polyline[39m
                [33mpoints[39m=[32m"15 17 20 12 15 7"[39m
              [36m/>[39m
              [36m<path[39m
                [33md[39m=[32m"M4 18v-2a4 4 0 0 1 4-4h12"[39m
              [36m/>[39m
            [36m</svg>[39m
          [36m</button>[39m
          [36m<div[39m
            [33mstyle[39m=[32m"position: relative;"[39m
          [36m>[39m
            [36m<button[39m
              [33mclass[39m=[32m"_actionIconBtn_ecc8d7"[39m
              [33mtitle[39m=[32m"chat.moreOptions"[39m
            [36m>[39m
              [36m<svg[39m
                [33mfill[39m=[32m"none"[39m
                [33mstroke[39m=[32m"currentColor"[39m
                [33mstroke-linecap[39m=[32m"round"[39m
                [33mstroke-linejoin[39m=[32m"round"[39m
                [33mstroke-width[39m=[32m"2"[39m
                [33mviewBox[39m=[32m"0 0 24 24"[39m
              [36m>[39m
                [36m<circle[39m
                  [33mcx[39m=[32m"12"[39m
                  [33mcy[39m=[32m"12"[39m
                  [33mr[39m=[32m"1"[39m
                [36m/>[39m
                [36m<circle[39m
                  [33mcx[39m=[32m"19"[39m
                  [33mcy[39m=[32m"12"[39m
                  [33mr[39m=[32m"1"[39m
                [36m/>[39m
                [36m<circle[39m
                  [33mcx[39m=[32m"5"[39m
                  [33mcy[39m=[32m"12"[39m
                  [33mr[39m=[32m"1"[39m
                [36m/>[39m
              [36m</svg>[39m
            [36m</button>[39m
          [36m</div>[39m
        [36m</div>[39m
      [36m</div>[39m
    [36m</div>[39m
  [36m</div>[39m
[36m</body>[39m
 ❯ Object.getElementError node_modules/@testing-library/dom/dist/config.js:37:19
 ❯ node_modules/@testing-library/dom/dist/query-helpers.js:76:38
 ❯ node_modules/@testing-library/dom/dist/query-helpers.js:52:17
 ❯ node_modules/@testing-library/dom/dist/query-helpers.js:95:19
 ❯ src/components/MessageItem/__tests__/MessageItem.test.tsx:72:19
     70|     };
     71|     render(<MessageItem message={editedMessage} isOwn={true} />);
     72|     expect(screen.getByText('(edited)')).toBeInTheDocument();
       |                   ^
     73|   });
     74| 

⎯⎯⎯⎯⎯⎯⎯⎯⎯⎯⎯⎯⎯⎯⎯⎯⎯⎯⎯⎯⎯⎯[18/32]⎯

 FAIL  src/components/MessageItem/__tests__/MessageItem.test.tsx > MessageItem Component > should handle dropdown actions
TestingLibraryElementError: Unable to find an element with the title: Reply.

Ignored nodes: comments, script, style
[36m<body>[39m
  [36m<div>[39m
    [36m<div[39m
      [33mclass[39m=[32m"_messageItem_ecc8d7 _ownMessage_ecc8d7 "[39m
    [36m>[39m
      [36m<div[39m
        [33mclass[39m=[32m"_contentWrapper_ecc8d7"[39m
      [36m>[39m
        [36m<div[39m
          [33mclass[39m=[32m"_bubble_ecc8d7 _ownBubble_ecc8d7"[39m
        [36m>[39m
          [36m<div>[39m
            [0mHello World[0m
          [36m</div>[39m
          [36m<div[39m
            [33mclass[39m=[32m"_meta_ecc8d7"[39m
          [36m>[39m
            [36m<span[39m
              [33mclass[39m=[32m"_time_ecc8d7"[39m
            [36m>[39m
              [0mJan 1[0m
            [36m</span>[39m
          [36m</div>[39m
        [36m</div>[39m
        [36m<div[39m
          [33mclass[39m=[32m"_actions_ecc8d7 "[39m
        [36m>[39m
          [36m<button[39m
            [33mclass[39m=[32m"_actionIconBtn_ecc8d7"[39m
            [33mtitle[39m=[32m"chat.reply"[39m
          [36m>[39m
            [36m<svg[39m
              [33mfill[39m=[32m"none"[39m
              [33mstroke[39m=[32m"currentColor"[39m
              [33mstroke-linecap[39m=[32m"round"[39m
              [33mstroke-linejoin[39m=[32m"round"[39m
              [33mstroke-width[39m=[32m"2"[39m
              [33mviewBox[39m=[32m"0 0 24 24"[39m
            [36m>[39m
              [36m<path[39m
                [33md[39m=[32m"M3 21c3 0 7-1 7-8V5c0-1.25-.756-2.017-2-2H4c-1.25 0-2 .75-2 1.972V11c0 1.25.75 2 2 2 1 0 1 0 1 1v1c0 1-1 2-2 2s-1 .008-1 1.031V20c0 1 0 1 1 1z"[39m
              [36m/>[39m
              [36m<path[39m
                [33md[39m=[32m"M15 21c3 0 7-1 7-8V5c0-1.25-.757-2.017-2-2h-4c-1.25 0-2 .75-2 1.972V11c0 1.25.75 2 2 2h.75c0 2.25.25 4-2.75 4v3c0 1 0 1 1 1z"[39m
              [36m/>[39m
            [36m</svg>[39m
          [36m</button>[39m
          [36m<button[39m
            [33mclass[39m=[32m"_actionIconBtn_ecc8d7"[39m
            [33mtitle[39m=[32m"chat.forward"[39m
          [36m>[39m
            [36m<svg[39m
              [33mfill[39m=[32m"none"[39m
              [33mstroke[39m=[32m"currentColor"[39m
              [33mstroke-linecap[39m=[32m"round"[39m
              [33mstroke-linejoin[39m=[32m"round"[39m
              [33mstroke-width[39m=[32m"2"[39m
              [33mviewBox[39m=[32m"0 0 24 24"[39m
            [36m>[39m
              [36m<polyline[39m
                [33mpoints[39m=[32m"15 17 20 12 15 7"[39m
              [36m/>[39m
              [36m<path[39m
                [33md[39m=[32m"M4 18v-2a4 4 0 0 1 4-4h12"[39m
              [36m/>[39m
            [36m</svg>[39m
          [36m</button>[39m
          [36m<div[39m
            [33mstyle[39m=[32m"position: relative;"[39m
          [36m>[39m
            [36m<button[39m
              [33mclass[39m=[32m"_actionIconBtn_ecc8d7"[39m
              [33mtitle[39m=[32m"chat.moreOptions"[39m
            [36m>[39m
              [36m<svg[39m
                [33mfill[39m=[32m"none"[39m
                [33mstroke[39m=[32m"currentColor"[39m
                [33mstroke-linecap[39m=[32m"round"[39m
                [33mstroke-linejoin[39m=[32m"round"[39m
                [33mstroke-width[39m=[32m"2"[39m
                [33mviewBox[39m=[32m"0 0 24 24"[39m
              [36m>[39m
                [36m<circle[39m
                  [33mcx[39m=[32m"12"[39m
                  [33mcy[39m=[32m"12"[39m
                  [33mr[39m=[32m"1"[39m
                [36m/>[39m
                [36m<circle[39m
                  [33mcx[39m=[32m"19"[39m
                  [33mcy[39m=[32m"12"[39m
                  [33mr[39m=[32m"1"[39m
                [36m/>[39m
                [36m<circle[39m
                  [33mcx[39m=[32m"5"[39m
                  [33mcy[39m=[32m"12"[39m
                  [33mr[39m=[32m"1"[39m
                [36m/>[39m
              [36m</svg>[39m
            [36m</button>[39m
          [36m</div>[39m
        [36m</div>[39m
      [36m</div>[39m
    [36m</div>[39m
  [36m</div>[39m
[36m</body>[39m
 ❯ Object.getElementError node_modules/@testing-library/dom/dist/config.js:37:19
 ❯ node_modules/@testing-library/dom/dist/query-helpers.js:76:38
 ❯ node_modules/@testing-library/dom/dist/query-helpers.js:52:17
 ❯ node_modules/@testing-library/dom/dist/query-helpers.js:95:19
 ❯ src/components/MessageItem/__tests__/MessageItem.test.tsx:82:29
     80| 
     81|     // Directly visible actions
     82|     const replyBtn = screen.getByTitle('Reply');
       |                             ^
     83|     fireEvent.click(replyBtn);
     84|     expect(onReply).toHaveBeenCalledWith('m1');

⎯⎯⎯⎯⎯⎯⎯⎯⎯⎯⎯⎯⎯⎯⎯⎯⎯⎯⎯⎯⎯⎯[19/32]⎯

 FAIL  src/components/MessageItem/__tests__/MessageItem.test.tsx > MessageItem Component > should allow custom renderers
TestingLibraryElementError: Unable to find an element by: [data-testid="custom-status"]

Ignored nodes: comments, script, style
[36m<body>[39m
  [36m<div>[39m
    [36m<div[39m
      [33mclass[39m=[32m"_messageItem_ecc8d7 _ownMessage_ecc8d7 "[39m
    [36m>[39m
      [36m<div[39m
        [33mclass[39m=[32m"_contentWrapper_ecc8d7"[39m
      [36m>[39m
        [36m<div[39m
          [33mclass[39m=[32m"_bubble_ecc8d7 _ownBubble_ecc8d7"[39m
        [36m>[39m
          [36m<div[39m
            [33mdata-testid[39m=[32m"custom-content"[39m
          [36m>[39m
            [0mHello World[0m
          [36m</div>[39m
          [36m<div[39m
            [33mclass[39m=[32m"_meta_ecc8d7"[39m
          [36m>[39m
            [36m<span[39m
              [33mclass[39m=[32m"_time_ecc8d7"[39m
            [36m>[39m
              [0mJan 1[0m
            [36m</span>[39m
          [36m</div>[39m
        [36m</div>[39m
        [36m<div[39m
          [33mclass[39m=[32m"_actions_ecc8d7 "[39m
        [36m>[39m
          [36m<div[39m
            [33mdata-testid[39m=[32m"custom-actions"[39m
          [36m>[39m
            [0mActions[0m
          [36m</div>[39m
        [36m</div>[39m
      [36m</div>[39m
    [36m</div>[39m
  [36m</div>[39m
[36m</body>[39m
 ❯ Object.getElementError node_modules/@testing-library/dom/dist/config.js:37:19
 ❯ node_modules/@testing-library/dom/dist/query-helpers.js:76:38
 ❯ node_modules/@testing-library/dom/dist/query-helpers.js:52:17
 ❯ node_modules/@testing-library/dom/dist/query-helpers.js:95:19
 ❯ src/components/MessageItem/__tests__/MessageItem.test.tsx:111:19
    109| 
    110|     expect(screen.getByTestId('custom-content')).toBeInTheDocument();
    111|     expect(screen.getByTestId('custom-status')).toBeInTheDocument();
       |                   ^
    112|     expect(screen.getByTestId('custom-actions')).toBeInTheDocument();
    113|   });

⎯⎯⎯⎯⎯⎯⎯⎯⎯⎯⎯⎯⎯⎯⎯⎯⎯⎯⎯⎯⎯⎯[20/32]⎯

 FAIL  src/components/ParticipantList/__tests__/ParticipantItem.test.tsx > ParticipantItem Component > should render "You" badge if isCurrentUser is true
TestingLibraryElementError: Unable to find an element with the text: You. This could be because the text is broken up by multiple elements. In this case, you can provide a function for your text matcher to make your matcher more flexible.

Ignored nodes: comments, script, style
[36m<body>[39m
  [36m<div>[39m
    [36m<div[39m
      [33mclass[39m=[32m"_participantItem_690826"[39m
    [36m>[39m
      [36m<div[39m
        [33mclass[39m=[32m"_participantInfo_690826"[39m
      [36m>[39m
        [36m<div[39m
          [33mclass[39m=[32m"_avatarWrapper_690826"[39m
        [36m>[39m
          [36m<div[39m
            [33mclass[39m=[32m"_avatarWrapper_7d5c5e _avatar_690826"[39m
          [36m>[39m
            [36m<div[39m
              [33mclass[39m=[32m"_avatarFallback_7d5c5e"[39m
            [36m>[39m
              [0mC[0m
            [36m</div>[39m
          [36m</div>[39m
          [36m<div[39m
            [33mclass[39m=[32m"_roleIconWrapper_690826"[39m
          [36m>[39m
            [36m<svg[39m
              [33mfill[39m=[32m"currentColor"[39m
              [33mheight[39m=[32m"12"[39m
              [33mviewBox[39m=[32m"0 0 24 24"[39m
              [33mwidth[39m=[32m"12"[39m
            [36m>[39m
              [36m<path[39m
                [33md[39m=[32m"M12.65 10C11.83 7.67 9.61 6 7 6c-3.31 0-6 2.69-6 6s2.69 6 6 6c2.61 0 4.83-1.67 5.65-4H17v4h4v-4h2v-4H12.65zM7 14c-1.1 0-2-.9-2-2s.9-2 2-2 2 .9 2 2-.9 2-2 2z"[39m
              [36m/>[39m
            [36m</svg>[39m
          [36m</div>[39m
        [36m</div>[39m
        [36m<div[39m
          [33mclass[39m=[32m"_details_690826"[39m
        [36m>[39m
          [36m<span[39m
            [33mclass[39m=[32m"_name_690826"[39m
          [36m>[39m
            [0mchat.you[0m
          [36m</span>[39m
          [36m<span[39m
            [33mclass[39m=[32m"_role_690826"[39m
          [36m>[39m
            [0madmin[0m
          [36m</span>[39m
        [36m</div>[39m
      [36m</div>[39m
    [36m</div>[39m
  [36m</div>[39m
[36m</body>[39m
 ❯ Object.getElementError node_modules/@testing-library/dom/dist/config.js:37:19
 ❯ node_modules/@testing-library/dom/dist/query-helpers.js:76:38
 ❯ node_modules/@testing-library/dom/dist/query-helpers.js:52:17
 ❯ node_modules/@testing-library/dom/dist/query-helpers.js:95:19
 ❯ src/components/ParticipantList/__tests__/ParticipantItem.test.tsx:30:19
     28|   it('should render "You" badge if isCurrentUser is true', () => {
     29|     render(<ParticipantItem participant={mockParticipant} isCurrentUse…
     30|     expect(screen.getByText('You')).toBeInTheDocument();
       |                   ^
     31|   });
     32| 

⎯⎯⎯⎯⎯⎯⎯⎯⎯⎯⎯⎯⎯⎯⎯⎯⎯⎯⎯⎯⎯⎯[21/32]⎯

 FAIL  src/components/ParticipantList/__tests__/ParticipantItem.test.tsx > ParticipantItem Component > should render remove button and handle click if onRemove is provided and not current user
TestingLibraryElementError: Unable to find an element with the text: Remove from group. This could be because the text is broken up by multiple elements. In this case, you can provide a function for your text matcher to make your matcher more flexible.

Ignored nodes: comments, script, style
[36m<body>[39m
  [36m<div>[39m
    [36m<div[39m
      [33mclass[39m=[32m"_participantItem_690826"[39m
    [36m>[39m
      [36m<div[39m
        [33mclass[39m=[32m"_participantInfo_690826"[39m
      [36m>[39m
        [36m<div[39m
          [33mclass[39m=[32m"_avatarWrapper_690826"[39m
        [36m>[39m
          [36m<div[39m
            [33mclass[39m=[32m"_avatarWrapper_7d5c5e _avatar_690826"[39m
          [36m>[39m
            [36m<div[39m
              [33mclass[39m=[32m"_avatarFallback_7d5c5e"[39m
            [36m>[39m
              [0mA[0m
            [36m</div>[39m
          [36m</div>[39m
          [36m<div[39m
            [33mclass[39m=[32m"_roleIconWrapper_690826"[39m
          [36m>[39m
            [36m<svg[39m
              [33mfill[39m=[32m"currentColor"[39m
              [33mheight[39m=[32m"12"[39m
              [33mviewBox[39m=[32m"0 0 24 24"[39m
              [33mwidth[39m=[32m"12"[39m
            [36m>[39m
              [36m<path[39m
                [33md[39m=[32m"M12.65 10C11.83 7.67 9.61 6 7 6c-3.31 0-6 2.69-6 6s2.69 6 6 6c2.61 0 4.83-1.67 5.65-4H17v4h4v-4h2v-4H12.65zM7 14c-1.1 0-2-.9-2-2s.9-2 2-2 2 .9 2 2-.9 2-2 2z"[39m
              [36m/>[39m
            [36m</svg>[39m
          [36m</div>[39m
        [36m</div>[39m
        [36m<div[39m
          [33mclass[39m=[32m"_details_690826"[39m
        [36m>[39m
          [36m<span[39m
            [33mclass[39m=[32m"_name_690826"[39m
          [36m>[39m
            [0mAlice[0m
          [36m</span>[39m
          [36m<span[39m
            [33mclass[39m=[32m"_role_690826"[39m
          [36m>[39m
            [0madmin[0m
          [36m</span>[39m
        [36m</div>[39m
      [36m</div>[39m
      [36m<div[39m
        [33mclass[39m=[32m"_actions_690826"[39m
      [36m>[39m
        [36m<button[39m
          [33mclass[39m=[32m"_moreListBtn_690826"[39m
        [36m>[39m
          [36m<svg[39m
            [33mfill[39m=[32m"none"[39m
            [33mheight[39m=[32m"20"[39m
            [33mstroke[39m=[32m"currentColor"[39m
            [33mstroke-linecap[39m=[32m"round"[39m
            [33mstroke-linejoin[39m=[32m"round"[39m
            [33mstroke-width[39m=[32m"2"[39m
            [33mviewBox[39m=[32m"0 0 24 24"[39m
            [33mwidth[39m=[32m"20"[39m
          [36m>[39m
            [36m<circle[39m
              [33mcx[39m=[32m"12"[39m
              [33mcy[39m=[32m"12"[39m
              [33mr[39m=[32m"1"[39m
            [36m/>[39m
            [36m<circle[39m
              [33mcx[39m=[32m"19"[39m
              [33mcy[39m=[32m"12"[39m
              [33mr[39m=[32m"1"[39m
            [36m/>[39m
            [36m<circle[39m
              [33mcx[39m=[32m"5"[39m
              [33mcy[39m=[32m"12"[39m
              [33mr[39m=[32m"1"[39m
            [36m/>[39m
          [36m</svg>[39m
        [36m</button>[39m
        [36m<div[39m
          [33mclass[39m=[32m"_dropdown_690826"[39m
        [36m>[39m
          [36m<button[39m
            [33mclass[39m=[32m"_dropdownItem_690826"[39m
          [36m>[39m
            [0mchat.removeFromGroup[0m
          [36m</button>[39m
        [36m</div>[39m
      [36m</div>[39m
    [36m</div>[39m
  [36m</div>[39m
[36m</body>[39m
 ❯ Object.getElementError node_modules/@testing-library/dom/dist/config.js:37:19
 ❯ node_modules/@testing-library/dom/dist/query-helpers.js:76:38
 ❯ node_modules/@testing-library/dom/dist/query-helpers.js:52:17
 ❯ node_modules/@testing-library/dom/dist/query-helpers.js:95:19
 ❯ src/components/ParticipantList/__tests__/ParticipantItem.test.tsx:41:30
     39|     fireEvent.click(moreBtn);
     40|     
     41|     const removeBtn = screen.getByText('Remove from group');
       |                              ^
     42|     expect(removeBtn).toBeInTheDocument();
     43|     

⎯⎯⎯⎯⎯⎯⎯⎯⎯⎯⎯⎯⎯⎯⎯⎯⎯⎯⎯⎯⎯⎯[22/32]⎯

 FAIL  src/components/ParticipantList/__tests__/ParticipantItem.test.tsx > ParticipantItem Component > should render leave button if onRemove is provided and is current user
TestingLibraryElementError: Unable to find an element with the text: Leave group. This could be because the text is broken up by multiple elements. In this case, you can provide a function for your text matcher to make your matcher more flexible.

Ignored nodes: comments, script, style
[36m<body>[39m
  [36m<div>[39m
    [36m<div[39m
      [33mclass[39m=[32m"_participantItem_690826"[39m
    [36m>[39m
      [36m<div[39m
        [33mclass[39m=[32m"_participantInfo_690826"[39m
      [36m>[39m
        [36m<div[39m
          [33mclass[39m=[32m"_avatarWrapper_690826"[39m
        [36m>[39m
          [36m<div[39m
            [33mclass[39m=[32m"_avatarWrapper_7d5c5e _avatar_690826"[39m
          [36m>[39m
            [36m<div[39m
              [33mclass[39m=[32m"_avatarFallback_7d5c5e"[39m
            [36m>[39m
              [0mC[0m
            [36m</div>[39m
          [36m</div>[39m
          [36m<div[39m
            [33mclass[39m=[32m"_roleIconWrapper_690826"[39m
          [36m>[39m
            [36m<svg[39m
              [33mfill[39m=[32m"currentColor"[39m
              [33mheight[39m=[32m"12"[39m
              [33mviewBox[39m=[32m"0 0 24 24"[39m
              [33mwidth[39m=[32m"12"[39m
            [36m>[39m
              [36m<path[39m
                [33md[39m=[32m"M12.65 10C11.83 7.67 9.61 6 7 6c-3.31 0-6 2.69-6 6s2.69 6 6 6c2.61 0 4.83-1.67 5.65-4H17v4h4v-4h2v-4H12.65zM7 14c-1.1 0-2-.9-2-2s.9-2 2-2 2 .9 2 2-.9 2-2 2z"[39m
              [36m/>[39m
            [36m</svg>[39m
          [36m</div>[39m
        [36m</div>[39m
        [36m<div[39m
          [33mclass[39m=[32m"_details_690826"[39m
        [36m>[39m
          [36m<span[39m
            [33mclass[39m=[32m"_name_690826"[39m
          [36m>[39m
            [0mchat.you[0m
          [36m</span>[39m
          [36m<span[39m
            [33mclass[39m=[32m"_role_690826"[39m
          [36m>[39m
            [0madmin[0m
          [36m</span>[39m
        [36m</div>[39m
      [36m</div>[39m
      [36m<div[39m
        [33mclass[39m=[32m"_actions_690826"[39m
      [36m>[39m
        [36m<button[39m
          [33mclass[39m=[32m"_moreListBtn_690826"[39m
        [36m>[39m
          [36m<svg[39m
            [33mfill[39m=[32m"none"[39m
            [33mheight[39m=[32m"20"[39m
            [33mstroke[39m=[32m"currentColor"[39m
            [33mstroke-linecap[39m=[32m"round"[39m
            [33mstroke-linejoin[39m=[32m"round"[39m
            [33mstroke-width[39m=[32m"2"[39m
            [33mviewBox[39m=[32m"0 0 24 24"[39m
            [33mwidth[39m=[32m"20"[39m
          [36m>[39m
            [36m<circle[39m
              [33mcx[39m=[32m"12"[39m
              [33mcy[39m=[32m"12"[39m
              [33mr[39m=[32m"1"[39m
            [36m/>[39m
            [36m<circle[39m
              [33mcx[39m=[32m"19"[39m
              [33mcy[39m=[32m"12"[39m
              [33mr[39m=[32m"1"[39m
            [36m/>[39m
            [36m<circle[39m
              [33mcx[39m=[32m"5"[39m
              [33mcy[39m=[32m"12"[39m
              [33mr[39m=[32m"1"[39m
            [36m/>[39m
          [36m</svg>[39m
        [36m</button>[39m
        [36m<div[39m
          [33mclass[39m=[32m"_dropdown_690826"[39m
        [36m>[39m
          [36m<button[39m
            [33mclass[39m=[32m"_dropdownItem_690826"[39m
          [36m>[39m
            [0mchat.leaveGroup[0m
          [36m</button>[39m
        [36m</div>[39m
      [36m</div>[39m
    [36m</div>[39m
  [36m</div>[39m
[36m</body>[39m
 ❯ Object.getElementError node_modules/@testing-library/dom/dist/config.js:37:19
 ❯ node_modules/@testing-library/dom/dist/query-helpers.js:76:38
 ❯ node_modules/@testing-library/dom/dist/query-helpers.js:52:17
 ❯ node_modules/@testing-library/dom/dist/query-helpers.js:95:19
 ❯ src/components/ParticipantList/__tests__/ParticipantItem.test.tsx:55:29
     53|     fireEvent.click(moreBtn);
     54|     
     55|     const leaveBtn = screen.getByText('Leave group');
       |                             ^
     56|     expect(leaveBtn).toBeInTheDocument();
     57|     

⎯⎯⎯⎯⎯⎯⎯⎯⎯⎯⎯⎯⎯⎯⎯⎯⎯⎯⎯⎯⎯⎯[23/32]⎯

 FAIL  src/components/SearchInput/__tests__/SearchInput.test.tsx > SearchInput Component > should render with default placeholder
TestingLibraryElementError: Unable to find an element with the placeholder text of: Search...

Ignored nodes: comments, script, style
[36m<body>[39m
  [36m<div>[39m
    [36m<div[39m
      [33mclass[39m=[32m"_searchContainer_0632ac "[39m
    [36m>[39m
      [36m<svg[39m
        [33maria-hidden[39m=[32m"true"[39m
        [33mclass[39m=[32m"lucide lucide-search _searchIcon_0632ac"[39m
        [33mfill[39m=[32m"none"[39m
        [33mheight[39m=[32m"24"[39m
        [33mstroke[39m=[32m"currentColor"[39m
        [33mstroke-linecap[39m=[32m"round"[39m
        [33mstroke-linejoin[39m=[32m"round"[39m
        [33mstroke-width[39m=[32m"2"[39m
        [33mviewBox[39m=[32m"0 0 24 24"[39m
        [33mwidth[39m=[32m"24"[39m
        [33mxmlns[39m=[32m"http://www.w3.org/2000/svg"[39m
      [36m>[39m
        [36m<path[39m
          [33md[39m=[32m"m21 21-4.34-4.34"[39m
        [36m/>[39m
        [36m<circle[39m
          [33mcx[39m=[32m"11"[39m
          [33mcy[39m=[32m"11"[39m
          [33mr[39m=[32m"8"[39m
        [36m/>[39m
      [36m</svg>[39m
      [36m<input[39m
        [33mclass[39m=[32m"_searchInput_0632ac"[39m
        [33mplaceholder[39m=[32m"chat.search"[39m
        [33mtype[39m=[32m"text"[39m
        [33mvalue[39m=[32m""[39m
      [36m/>[39m
    [36m</div>[39m
  [36m</div>[39m
[36m</body>[39m
 ❯ Object.getElementError node_modules/@testing-library/dom/dist/config.js:37:19
 ❯ node_modules/@testing-library/dom/dist/query-helpers.js:76:38
 ❯ node_modules/@testing-library/dom/dist/query-helpers.js:52:17
 ❯ node_modules/@testing-library/dom/dist/query-helpers.js:95:19
 ❯ src/components/SearchInput/__tests__/SearchInput.test.tsx:8:19
      6|   it('should render with default placeholder', () => {
      7|     render(<SearchInput value="" onChange={vi.fn()} />);
      8|     expect(screen.getByPlaceholderText('Search...')).toBeInTheDocument…
       |                   ^
      9|   });
     10| 

⎯⎯⎯⎯⎯⎯⎯⎯⎯⎯⎯⎯⎯⎯⎯⎯⎯⎯⎯⎯⎯⎯[24/32]⎯

 FAIL  src/components/SearchInput/__tests__/SearchInput.test.tsx > SearchInput Component > should call onChange when input changes
TestingLibraryElementError: Unable to find an element with the placeholder text of: Search...

Ignored nodes: comments, script, style
[36m<body>[39m
  [36m<div>[39m
    [36m<div[39m
      [33mclass[39m=[32m"_searchContainer_0632ac "[39m
    [36m>[39m
      [36m<svg[39m
        [33maria-hidden[39m=[32m"true"[39m
        [33mclass[39m=[32m"lucide lucide-search _searchIcon_0632ac"[39m
        [33mfill[39m=[32m"none"[39m
        [33mheight[39m=[32m"24"[39m
        [33mstroke[39m=[32m"currentColor"[39m
        [33mstroke-linecap[39m=[32m"round"[39m
        [33mstroke-linejoin[39m=[32m"round"[39m
        [33mstroke-width[39m=[32m"2"[39m
        [33mviewBox[39m=[32m"0 0 24 24"[39m
        [33mwidth[39m=[32m"24"[39m
        [33mxmlns[39m=[32m"http://www.w3.org/2000/svg"[39m
      [36m>[39m
        [36m<path[39m
          [33md[39m=[32m"m21 21-4.34-4.34"[39m
        [36m/>[39m
        [36m<circle[39m
          [33mcx[39m=[32m"11"[39m
          [33mcy[39m=[32m"11"[39m
          [33mr[39m=[32m"8"[39m
        [36m/>[39m
      [36m</svg>[39m
      [36m<input[39m
        [33mclass[39m=[32m"_searchInput_0632ac"[39m
        [33mplaceholder[39m=[32m"chat.search"[39m
        [33mtype[39m=[32m"text"[39m
        [33mvalue[39m=[32m""[39m
      [36m/>[39m
    [36m</div>[39m
  [36m</div>[39m
[36m</body>[39m
 ❯ Object.getElementError node_modules/@testing-library/dom/dist/config.js:37:19
 ❯ node_modules/@testing-library/dom/dist/query-helpers.js:76:38
 ❯ node_modules/@testing-library/dom/dist/query-helpers.js:52:17
 ❯ node_modules/@testing-library/dom/dist/query-helpers.js:95:19
 ❯ src/components/SearchInput/__tests__/SearchInput.test.tsx:25:26
     23|     render(<SearchInput value="" onChange={mockOnChange} />);
     24|     
     25|     const input = screen.getByPlaceholderText('Search...');
       |                          ^
     26|     fireEvent.change(input, { target: { value: 'hello' } });
     27|     

⎯⎯⎯⎯⎯⎯⎯⎯⎯⎯⎯⎯⎯⎯⎯⎯⎯⎯⎯⎯⎯⎯[25/32]⎯

 FAIL  src/components/MessageList/__tests__/MessageList.test.tsx > MessageList Component > should render loading state when loading is true and no messages
TestingLibraryElementError: Unable to find an element with the text: Đang tải.... This could be because the text is broken up by multiple elements. In this case, you can provide a function for your text matcher to make your matcher more flexible.

Ignored nodes: comments, script, style
[36m<body>[39m
  [36m<div>[39m
    [36m<div[39m
      [33mclass[39m=[32m"_messageListContainer_4ceecd"[39m
    [36m>[39m
      [36m<div[39m
        [33mclass[39m=[32m"_loadingState_cad9b8 "[39m
      [36m>[39m
        [36m<div[39m
          [33mclass[39m=[32m"_spinner_cad9b8"[39m
        [36m/>[39m
        [36m<p[39m
          [33mclass[39m=[32m"_message_cad9b8"[39m
        [36m>[39m
          [0mchat.loading[0m
        [36m</p>[39m
      [36m</div>[39m
    [36m</div>[39m
  [36m</div>[39m
[36m</body>[39m
 ❯ Object.getElementError node_modules/@testing-library/dom/dist/config.js:37:19
 ❯ node_modules/@testing-library/dom/dist/query-helpers.js:76:38
 ❯ node_modules/@testing-library/dom/dist/query-helpers.js:52:17
 ❯ node_modules/@testing-library/dom/dist/query-helpers.js:95:19
 ❯ src/components/MessageList/__tests__/MessageList.test.tsx:72:19
     70|       />
     71|     );
     72|     expect(screen.getByText('Đang tải...')).toBeInTheDocument();
       |                   ^
     73|   });
     74| 

⎯⎯⎯⎯⎯⎯⎯⎯⎯⎯⎯⎯⎯⎯⎯⎯⎯⎯⎯⎯⎯⎯[26/32]⎯

 FAIL  src/components/MessageList/__tests__/MessageList.test.tsx > MessageList Component > should render messages and date separators
TestingLibraryElementError: Unable to find an element with the text: Jan 1, 2023. This could be because the text is broken up by multiple elements. In this case, you can provide a function for your text matcher to make your matcher more flexible.

Ignored nodes: comments, script, style
[36m<body>[39m
  [36m<div>[39m
    [36m<div[39m
      [33mclass[39m=[32m"_messageListContainer_4ceecd"[39m
    [36m>[39m
      [36m<div[39m
        [33mdata-testid[39m=[32m"virtuoso-list"[39m
      [36m>[39m
        [36m<div>[39m
          [36m<div[39m
            [33mclass[39m=[32m"_dateSeparator_4ceecd"[39m
          [36m>[39m
            [36m<span>[39m
              [0m01/01/2023[0m
            [36m</span>[39m
          [36m</div>[39m
        [36m</div>[39m
        [36m<div>[39m
          [36m<div[39m
            [33mclass[39m=[32m"_messageItem_ecc8d7 _ownMessage_ecc8d7 "[39m
          [36m>[39m
            [36m<div[39m
              [33mclass[39m=[32m"_contentWrapper_ecc8d7"[39m
            [36m>[39m
              [36m<div[39m
                [33mclass[39m=[32m"_bubble_ecc8d7 _ownBubble_ecc8d7"[39m
              [36m>[39m
                [36m<div>[39m
                  [0mHello[0m
                [36m</div>[39m
                [36m<div[39m
                  [33mclass[39m=[32m"_meta_ecc8d7"[39m
                [36m>[39m
                  [36m<span[39m
                    [33mclass[39m=[32m"_time_ecc8d7"[39m
                  [36m>[39m
                    [0mJan 1[0m
                  [36m</span>[39m
                [36m</div>[39m
              [36m</div>[39m
              [36m<div[39m
                [33mclass[39m=[32m"_actions_ecc8d7 "[39m
              [36m>[39m
                [36m<button[39m
                  [33mclass[39m=[32m"_actionIconBtn_ecc8d7"[39m
                  [33mtitle[39m=[32m"chat.reply"[39m
                [36m>[39m
                  [36m<svg[39m
                    [33mfill[39m=[32m"none"[39m
                    [33mstroke[39m=[32m"currentColor"[39m
                    [33mstroke-linecap[39m=[32m"round"[39m
                    [33mstroke-linejoin[39m=[32m"round"[39m
                    [33mstroke-width[39m=[32m"2"[39m
                    [33mviewBox[39m=[32m"0 0 24 24"[39m
                  [36m>[39m
                    [36m<path[39m
                      [33md[39m=[32m"M3 21c3 0 7-1 7-8V5c0-1.25-.756-2.017-2-2H4c-1.25 0-2 .75-2 1.972V11c0 1.25.75 2 2 2 1 0 1 0 1 1v1c0 1-1 2-2 2s-1 .008-1 1.031V20c0 1 0 1 1 1z"[39m
                    [36m/>[39m
                    [36m<path[39m
                      [33md[39m=[32m"M15 21c3 0 7-1 7-8V5c0-1.25-.757-2.017-2-2h-4c-1.25 0-2 .75-2 1.972V11c0 1.25.75 2 2 2h.75c0 2.25.25 4-2.75 4v3c0 1 0 1 1 1z"[39m
                    [36m/>[39m
                  [36m</svg>[39m
                [36m</button>[39m
                [36m<button[39m
                  [33mclass[39m=[32m"_actionIconBtn_ecc8d7"[39m
                  [33mtitle[39m=[32m"chat.forward"[39m
                [36m>[39m
                  [36m<svg[39m
                    [33mfill[39m=[32m"none"[39m
                    [33mstroke[39m=[32m"currentColor"[39m
                    [33mstroke-linecap[39m=[32m"round"[39m
                    [33mstroke-linejoin[39m=[32m"round"[39m
                    [33mstroke-width[39m=[32m"2"[39m
                    [33mviewBox[39m=[32m"0 0 24 24"[39m
                  [36m>[39m
                    [36m<polyline[39m
                      [33mpoints[39m=[32m"15 17 20 12 15 7"[39m
                    [36m/>[39m
                    [36m<path[39m
                      [33md[39m=[32m"M4 18v-2a4 4 0 0 1 4-4h12"[39m
                    [36m/>[39m
                  [36m</svg>[39m
                [36m</button>[39m
                [36m<div[39m
                  [33mstyle[39m=[32m"position: relative;"[39m
                [36m>[39m
                  [36m<button[39m
                    [33mclass[39m=[32m"_actionIconBtn_ecc8d7"[39m
                    [33mtitle[39m=[32m"chat.moreOptions"[39m
                  [36m>[39m
                    [36m<svg[39m
                      [33mfill[39m=[32m"none"[39m
                      [33mstroke[39m=[32m"currentColor"[39m
                      [33mstroke-linecap[39m=[32m"round"[39m
                      [33mstroke-linejoin[39m=[32m"round"[39m
                      [33mstroke-width[39m=[32m"2"[39m
                      [33mviewBox[39m=[32m"0 0 24 24"[39m
                    [36m>[39m
                      [36m<circle[39m
                        [33mcx[39m=[32m"12"[39m
                        [33mcy[39m=[32m"12"[39m
                        [33mr[39m=[32m"1"[39m
                      [36m/>[39m
                      [36m<circle[39m
                        [33mcx[39m=[32m"19"[39m
                        [33mcy[39m=[32m"12"[39m
                        [33mr[39m=[32m"1"[39m
                      [36m/>[39m
                      [36m<circle[39m
                        [33mcx[39m=[32m"5"[39m
                        [33mcy[39m=[32m"12"[39m
                        [33mr[39m=[32m"1"[39m
                      [36m/>[39m
                    [36m</svg>[39m
                  [36m</button>[39m
                [36m</div>[39m
              [36m</div>[39m
            [36m</div>[39m
          [36m</div>[39m
        [36m</div>[39m
        [36m<div>[39m
          [36m<div[39m
            [33mclass[39m=[32m"_dateSeparator_4ceecd"[39m
          [36m>[39m
            [36m<span>[39m
              [0m02/01/2023[0m
            [36m</span>[39m
          [36m</div>[39m
        [36m</div>[39m
        [36m<div>[39m
          [36m<div[39m
            [33mclass[39m=[32m"_messageItem_ecc8d7 _otherMessage_ecc8d7 "[39m
          [36m>[39m
            [36m<div[39m
              [33mclass[39m=[32m"_avatarWrapper_ecc8d7"[39m
            [36m>[39m
              [36m<div[39m
                [33mclass[39m=[32m"_avatarWrapper_7d5c5e "[39m
              [36m>[39m
                [36m<div[39m
                  [33mclass[39m=[32m"_avatarFallback_7d5c5e"[39m
                [36m>[39m
                  [0mB[0m
                [36m</div>[39m
              [36m</div>[39m
            [36m</div>[39m
            [36m<div[39m
              [33mclass[39m=[32m"_contentWrapper_ecc8d7"[39m
            [36m>[39m
              [36m<div[39m
                [33mclass[39m=[32m"_bubble_ecc8d7 _otherBubble_ecc8d7"[39m
              [36m>[39m
                [36m<div[39m
                  [33mclass[39m=[32m"_senderName_ecc8d7"[39m
                [36m>[39m
                  [0mBob[0m
                [36m</div>[39m
                [36m<div>[39m
                  [0mHi[0m
                [36m</div>[39m
                [36m<div[39m
                  [33mclass[39m=[32m"_meta_ecc8d7"[39m
                [36m>[39m
                  [36m<span[39m
                    [33mclass[39m=[32m"_time_ecc8d7"[39m
                  [36m>[39m
                    [0mJan 2[0m
                  [36m</span>[39m
                [36m</div>[39m
              [36m</div>[39m
              [36m<div[39m
                [33mclass[39m=[32m"_actions_ecc8d7 "[39m
              [36m>[39m
                [36m<button[39m
                  [33mclass[39m=[32m"_actionIconBtn_ecc8d7"[39m
                  [33mtitle[39m=[32m"chat.reply"[39m
                [36m>[39m
                  [36m<svg[39m
                    [33mfill[39m=[32m"none"[39m
                    [33mstroke[39m=[32m"currentColor"[39m
                    [33mstroke-linecap[39m=[32m"round"[39m
                    [33mstroke-linejoin[39m=[32m"round"[39m
                    [33mstroke-width[39m=[32m"2"[39m
                    [33mviewBox[39m=[32m"0 0 24 24"[39m
                  [36m>[39m
                    [36m<path[39m
                      [33md[39m=[32m"M3 21c3 0 7-1 7-8V5c0-1.25-.756-2.017-2-2H4c-1.25 0-2 .75-2 1.972V11c0 1.25.75 2 2 2 1 0 1 0 1 1v1c0 1-1 2-2 2s-1 .008-1 1.031V20c0 1 0 1 1 1z"[39m
                    [36m/>[39m
                    [36m<path[39m
                      [33md[39m=[32m"M15 21c3 0 7-1 7-8V5c0-1.25-.757-2.017-2-2h-4c-1.25 0-2 .75-2 1.972V11c0 1.25.75 2 2 2h.75c0 2.25.25 4-2.75 4v3c0 1 0 1 1 1z"[39m
                    [36m/>[39m
                  [36m</svg>[39m
                [36m</button>[39m
                [36m<button[39m
                  [33mclass[39m=[32m"_actionIconBtn_ecc8d7"[39m
                  [33mtitle[39m=[32m"chat.forward"[39m
                [36m>[39m
                  [36m<svg[39m
                    [33mfill[39m=[32m"none"[39m
                    [33mstroke[39m=[32m"currentColor"[39m
                    [33mstroke-linecap[39m=[32m"round"[39m
                    [33mstroke-linejoin[39m=[32m"round"[39m
                    [33mstroke-width[39m=[32m"2"[39m
                    [33mviewBox[39m=[32m"0 0 24 24"[39m
                  [36m>[39m
                    [36m<polyline[39m
                      [33mpoints[39m=[32m"15 17 20 12 15 7"[39m
                    [36m/>[39m
                    [36m<path[39m
                      [33md[39m=[32m"M4 18v-2a4 4 0 0 1 4-4h12"[39m
                    [36m/>[39m
                  [36m</svg>[39m
                [36m</button>[39m
                [36m<div[39m
                  [33mstyle[39m=[32m"position: relative;"[39m
                [36m>[39m
                  [36m<button[39m
                    [33mclass[39m=[32m"_actionIconBtn_ecc8d7"[39m
                    [33mtitle[39m=[32m"chat.moreOptions"[39m
                  [36m>[39m
                    [36m<svg[39m
                      [33mfill[39m=[32m"none"[39m
                      [33mstroke[39m=[32m"currentColor"[39m
                      [33mstroke-linecap[39m=[32m"round"[39m
                      [33mstroke-linejoin[39m=[32m"round"[39m
                      [33mstroke-width[39m=[32m"2"[39m
                      [33mviewBox[39m=[32m"0 0 24 24"[39m
                    [36m>[39m
                      [36m<circle[39m
                        [33mcx[39m=[32m"12"[39m
                        [33mcy[39m=[32m"12"[39m
                        [33mr[39m=[32m"1"[39m
                      [36m/>[39m
                      [36m<circle[39m
                        [33mcx[39m=[32m"19"[39m
                        [33mcy[39m=[32m"12"[39m
                        [33mr[39m=[32m"1"[39m
                      [36m/>[39m
                      [36m<circle[39m
                        [33mcx[39m=[32m"5"[39m
                        [33mcy[39m=[32m"12"[39m
                        [33mr[39m=[32m"1"[39m
                      [36m/>[39m
                    [36m</svg>[39m
                  [36m</button>[39m
                [36m</div>[39m
              [36m</div>[39m
            [36m</div>[39m
          [36m</div>[39m
        [36m</div>[39m
        [36m<button[39m
          [33mdata-testid[39m=[32m"start-reached-btn"[39m
        [36m>[39m
          [0mSimulate Scroll Top[0m
        [36m</button>[39m
      [36m</div>[39m
    [36m</div>[39m
  [36m</div>[39m
[36m</body>[39m
 ❯ Object.getElementError node_modules/@testing-library/dom/dist/config.js:37:19
 ❯ node_modules/@testing-library/dom/dist/query-helpers.js:76:38
 ❯ node_modules/@testing-library/dom/dist/query-helpers.js:52:17
 ❯ node_modules/@testing-library/dom/dist/query-helpers.js:95:19
 ❯ src/components/MessageList/__tests__/MessageList.test.tsx:92:19
     90|     
     91|     // Check date separators
     92|     expect(screen.getByText('Jan 1, 2023')).toBeInTheDocument();
       |                   ^
     93|     expect(screen.getByText('Jan 2, 2023')).toBeInTheDocument();
     94|   });

⎯⎯⎯⎯⎯⎯⎯⎯⎯⎯⎯⎯⎯⎯⎯⎯⎯⎯⎯⎯⎯⎯[27/32]⎯

 Test Files  16 failed | 22 passed (38)
      Tests  29 failed | 239 passed (268)
   Start at  22:56:08
   Duration  3.26s (transform 1.50s, setup 2.32s, collect 4.76s, tests 1.63s, environment 12.85s, prepare 2.53s)

